Component: ARM Compiler 5.06 update 4 (build 422) Tool: armlink [4d35d2]

==============================================================================

Section Cross References

    startup_stm32l476xx.o(RESET) refers to startup_stm32l476xx.o(STACK) for __initial_sp
    startup_stm32l476xx.o(RESET) refers to startup_stm32l476xx.o(.text) for Reset_Handler
    startup_stm32l476xx.o(RESET) refers to smtc_hal_mcu_gpio_stm32l4.o(i.EXTI0_IRQHandler) for EXTI0_IRQHandler
    startup_stm32l476xx.o(RESET) refers to smtc_hal_mcu_gpio_stm32l4.o(i.EXTI1_IRQHandler) for EXTI1_IRQHandler
    startup_stm32l476xx.o(RESET) refers to smtc_hal_mcu_gpio_stm32l4.o(i.EXTI2_IRQHandler) for EXTI2_IRQHandler
    startup_stm32l476xx.o(RESET) refers to smtc_hal_mcu_gpio_stm32l4.o(i.EXTI3_IRQHandler) for EXTI3_IRQHandler
    startup_stm32l476xx.o(RESET) refers to smtc_hal_mcu_gpio_stm32l4.o(i.EXTI4_IRQHandler) for EXTI4_IRQHandler
    startup_stm32l476xx.o(RESET) refers to smtc_hal_mcu_gpio_stm32l4.o(i.EXTI9_5_IRQHandler) for EXTI9_5_IRQHandler
    startup_stm32l476xx.o(RESET) refers to smtc_hal_mcu_uart_stm32l4.o(i.USART2_IRQHandler) for USART2_IRQHandler
    startup_stm32l476xx.o(RESET) refers to smtc_hal_mcu_gpio_stm32l4.o(i.EXTI15_10_IRQHandler) for EXTI15_10_IRQHandler
    startup_stm32l476xx.o(RESET) refers to smtc_hal_mcu_timer_stm32l4.o(i.LPTIM1_IRQHandler) for LPTIM1_IRQHandler
    startup_stm32l476xx.o(.text) refers to system_stm32l4xx.o(i.SystemInit) for SystemInit
    startup_stm32l476xx.o(.text) refers to entry.o(.ARM.Collect$$$$00000000) for __main
    apps_common.o(i.apps_common_lr11xx_fetch_and_print_version) refers to apps_common.o(i.apps_common_lr11xx_fetch_version) for apps_common_lr11xx_fetch_version
    apps_common.o(i.apps_common_lr11xx_fetch_and_print_version) refers to apps_common.o(i.apps_common_lr11xx_print_version) for apps_common_lr11xx_print_version
    apps_common.o(i.apps_common_lr11xx_fetch_version) refers to lr11xx_system.o(i.lr11xx_system_get_version) for lr11xx_system_get_version
    apps_common.o(i.apps_common_lr11xx_fetch_version) refers to smtc_hal_dbg_trace.o(i.hal_mcu_trace_print) for hal_mcu_trace_print
    apps_common.o(i.apps_common_lr11xx_fetch_version) refers to apps_common.o(.constdata) for __func__
    apps_common.o(i.apps_common_lr11xx_get_context) refers to smtc_shield_pinout_mapping.o(i.smtc_shield_pinout_mapping_get_gpio_cfg) for smtc_shield_pinout_mapping_get_gpio_cfg
    apps_common.o(i.apps_common_lr11xx_get_context) refers to smtc_hal_mcu_gpio_stm32l4.o(i.smtc_hal_mcu_gpio_init_input) for smtc_hal_mcu_gpio_init_input
    apps_common.o(i.apps_common_lr11xx_get_context) refers to smtc_hal_mcu_gpio_stm32l4.o(i.smtc_hal_mcu_gpio_init_output) for smtc_hal_mcu_gpio_init_output
    apps_common.o(i.apps_common_lr11xx_get_context) refers to smtc_hal_mcu_gpio_stm32l4.o(i.smtc_hal_mcu_gpio_enable_irq) for smtc_hal_mcu_gpio_enable_irq
    apps_common.o(i.apps_common_lr11xx_get_context) refers to smtc_hal_mcu_spi_stm32l4.o(i.smtc_hal_mcu_spi_init) for smtc_hal_mcu_spi_init
    apps_common.o(i.apps_common_lr11xx_get_context) refers to apps_common.o(.bss) for context
    apps_common.o(i.apps_common_lr11xx_get_context) refers to apps_common.o(i.radio_on_dio_irq) for radio_on_dio_irq
    apps_common.o(i.apps_common_lr11xx_handle_post_gnss_scan) refers to smtc_hal_mcu_gpio_stm32l4.o(i.smtc_hal_mcu_gpio_set_state) for smtc_hal_mcu_gpio_set_state
    apps_common.o(i.apps_common_lr11xx_handle_post_gnss_scan) refers to apps_common.o(.data) for shield_pinout
    apps_common.o(i.apps_common_lr11xx_handle_post_gnss_scan) refers to apps_common.o(.bss) for led_scan
    apps_common.o(i.apps_common_lr11xx_handle_post_rx) refers to smtc_hal_mcu_gpio_stm32l4.o(i.smtc_hal_mcu_gpio_set_state) for smtc_hal_mcu_gpio_set_state
    apps_common.o(i.apps_common_lr11xx_handle_post_rx) refers to apps_common.o(.data) for shield_pinout
    apps_common.o(i.apps_common_lr11xx_handle_post_rx) refers to apps_common.o(.bss) for led_rx
    apps_common.o(i.apps_common_lr11xx_handle_post_tx) refers to smtc_hal_mcu_gpio_stm32l4.o(i.smtc_hal_mcu_gpio_set_state) for smtc_hal_mcu_gpio_set_state
    apps_common.o(i.apps_common_lr11xx_handle_post_tx) refers to apps_common.o(.data) for shield_pinout
    apps_common.o(i.apps_common_lr11xx_handle_post_tx) refers to apps_common.o(.bss) for led_tx
    apps_common.o(i.apps_common_lr11xx_handle_post_wifi_scan) refers to smtc_hal_mcu_gpio_stm32l4.o(i.smtc_hal_mcu_gpio_set_state) for smtc_hal_mcu_gpio_set_state
    apps_common.o(i.apps_common_lr11xx_handle_post_wifi_scan) refers to apps_common.o(.data) for shield_pinout
    apps_common.o(i.apps_common_lr11xx_handle_post_wifi_scan) refers to apps_common.o(.bss) for led_scan
    apps_common.o(i.apps_common_lr11xx_handle_pre_gnss_scan) refers to smtc_hal_mcu_gpio_stm32l4.o(i.smtc_hal_mcu_gpio_set_state) for smtc_hal_mcu_gpio_set_state
    apps_common.o(i.apps_common_lr11xx_handle_pre_gnss_scan) refers to apps_common.o(.data) for shield_pinout
[...]
    i.lr11xx_system_set_dio_as_rf_switch     0x080047fc   Section        0  lr11xx_system.o(i.lr11xx_system_set_dio_as_rf_switch)
    i.lr11xx_system_set_dio_irq_params       0x0800485c   Section        0  lr11xx_system.o(i.lr11xx_system_set_dio_irq_params)
    i.lr11xx_system_set_reg_mode             0x080048bc   Section        0  lr11xx_system.o(i.lr11xx_system_set_reg_mode)
    i.lr11xx_system_set_tcxo_mode            0x080048e4   Section        0  lr11xx_system.o(i.lr11xx_system_set_tcxo_mode)
    i.main                                   0x08004924   Section        0  main_per.o(i.main)
    i.main_loop                              0x08004bb0   Section        0  uart_init.o(i.main_loop)
    i.malloc                                 0x08004bf0   Section        0  malloc.o(i.malloc)
    i.on_cad_done_detected                   0x08004c5c   Section        0  apps_common.o(i.on_cad_done_detected)
    i.on_cad_done_undetected                 0x08004cac   Section        0  apps_common.o(i.on_cad_done_undetected)
    i.on_fsk_len_error                       0x08004cfc   Section        0  main_per.o(i.on_fsk_len_error)
    i.on_gnss_scan_done                      0x08004d0c   Section        0  apps_common.o(i.on_gnss_scan_done)
    i.on_header_error                        0x08004d5c   Section        0  apps_common.o(i.on_header_error)
    i.on_lora_rx_timestamp                   0x08004dac   Section        0  apps_common.o(i.on_lora_rx_timestamp)
    i.on_preamble_detected                   0x08004dfc   Section        0  apps_common.o(i.on_preamble_detected)
    i.on_rttof_exchange_valid                0x08004e4c   Section        0  apps_common.o(i.on_rttof_exchange_valid)
    i.on_rttof_request_discarded             0x08004e9c   Section        0  apps_common.o(i.on_rttof_request_discarded)
    i.on_rttof_request_valid                 0x08004eec   Section        0  apps_common.o(i.on_rttof_request_valid)
    i.on_rttof_response_done                 0x08004f3c   Section        0  apps_common.o(i.on_rttof_response_done)
    i.on_rttof_timeout                       0x08004f8c   Section        0  apps_common.o(i.on_rttof_timeout)
    i.on_rx_crc_error                        0x08004fdc   Section        0  main_per.o(i.on_rx_crc_error)
    i.on_rx_done                             0x08004fec   Section        0  main_per.o(i.on_rx_done)
    i.on_rx_timeout                          0x080051bc   Section        0  main_per.o(i.on_rx_timeout)
    i.on_syncword_header_valid               0x080051cc   Section        0  apps_common.o(i.on_syncword_header_valid)
    i.on_tx_done                             0x0800521c   Section        0  main_per.o(i.on_tx_done)
    i.on_wifi_scan_done                      0x08005358   Section        0  apps_common.o(i.on_wifi_scan_done)
    i.per_reception_failure_handling         0x080053a8   Section        0  main_per.o(i.per_reception_failure_handling)
    per_reception_failure_handling           0x080053a9   Thumb Code    90  main_per.o(i.per_reception_failure_handling)
    i.print_common_configuration             0x0800546c   Section        0  apps_common.o(i.print_common_configuration)
    i.print_lora_configuration               0x080055ec   Section        0  apps_common.o(i.print_lora_configuration)
    i.radio_on_dio_irq                       0x080058d4   Section        0  apps_common.o(i.radio_on_dio_irq)
    i.smtc_hal_mcu_gpio_enable_irq           0x080058e0   Section        0  smtc_hal_mcu_gpio_stm32l4.o(i.smtc_hal_mcu_gpio_enable_irq)
    i.smtc_hal_mcu_gpio_get_state            0x0800598c   Section        0  smtc_hal_mcu_gpio_stm32l4.o(i.smtc_hal_mcu_gpio_get_state)
    i.smtc_hal_mcu_gpio_init_input           0x08005a18   Section        0  smtc_hal_mcu_gpio_stm32l4.o(i.smtc_hal_mcu_gpio_init_input)
    i.smtc_hal_mcu_gpio_init_output          0x08005aec   Section        0  smtc_hal_mcu_gpio_stm32l4.o(i.smtc_hal_mcu_gpio_init_output)
    i.smtc_hal_mcu_gpio_set_state            0x08005b70   Section        0  smtc_hal_mcu_gpio_stm32l4.o(i.smtc_hal_mcu_gpio_set_state)
    i.smtc_hal_mcu_gpio_stm32l4_call_exti_callback 0x08005ba8   Section        0  smtc_hal_mcu_gpio_stm32l4.o(i.smtc_hal_mcu_gpio_stm32l4_call_exti_callback)
    smtc_hal_mcu_gpio_stm32l4_call_exti_callback 0x08005ba9   Thumb Code    88  smtc_hal_mcu_gpio_stm32l4.o(i.smtc_hal_mcu_gpio_stm32l4_call_exti_callback)
    i.smtc_hal_mcu_gpio_stm32l4_enable_clock 0x08005c04   Section        0  smtc_hal_mcu_gpio_stm32l4.o(i.smtc_hal_mcu_gpio_stm32l4_enable_clock)
    smtc_hal_mcu_gpio_stm32l4_enable_clock   0x08005c05   Thumb Code   124  smtc_hal_mcu_gpio_stm32l4.o(i.smtc_hal_mcu_gpio_stm32l4_enable_clock)
    i.smtc_hal_mcu_gpio_stm32l4_get_exti_cfg 0x08005c9c   Section        0  smtc_hal_mcu_gpio_stm32l4.o(i.smtc_hal_mcu_gpio_stm32l4_get_exti_cfg)
    smtc_hal_mcu_gpio_stm32l4_get_exti_cfg   0x08005c9d   Thumb Code   486  smtc_hal_mcu_gpio_stm32l4.o(i.smtc_hal_mcu_gpio_stm32l4_get_exti_cfg)
    i.smtc_hal_mcu_gpio_stm32l4_get_free_slot 0x08005eb0   Section        0  smtc_hal_mcu_gpio_stm32l4.o(i.smtc_hal_mcu_gpio_stm32l4_get_free_slot)
    smtc_hal_mcu_gpio_stm32l4_get_free_slot  0x08005eb1   Thumb Code    38  smtc_hal_mcu_gpio_stm32l4.o(i.smtc_hal_mcu_gpio_stm32l4_get_free_slot)
    i.smtc_hal_mcu_gpio_stm32l4_get_trigger  0x08005edc   Section        0  smtc_hal_mcu_gpio_stm32l4.o(i.smtc_hal_mcu_gpio_stm32l4_get_trigger)
    smtc_hal_mcu_gpio_stm32l4_get_trigger    0x08005edd   Thumb Code    52  smtc_hal_mcu_gpio_stm32l4.o(i.smtc_hal_mcu_gpio_stm32l4_get_trigger)
    i.smtc_hal_mcu_gpio_stm32l4_is_configured 0x08005f10   Section        0  smtc_hal_mcu_gpio_stm32l4.o(i.smtc_hal_mcu_gpio_stm32l4_is_configured)
    smtc_hal_mcu_gpio_stm32l4_is_configured  0x08005f11   Thumb Code    70  smtc_hal_mcu_gpio_stm32l4.o(i.smtc_hal_mcu_gpio_stm32l4_is_configured)
    i.smtc_hal_mcu_gpio_stm32l4_is_real_inst 0x08005f5c   Section        0  smtc_hal_mcu_gpio_stm32l4.o(i.smtc_hal_mcu_gpio_stm32l4_is_real_inst)
    smtc_hal_mcu_gpio_stm32l4_is_real_inst   0x08005f5d   Thumb Code    34  smtc_hal_mcu_gpio_stm32l4.o(i.smtc_hal_mcu_gpio_stm32l4_is_real_inst)
    i.smtc_hal_mcu_init                      0x08005f84   Section        0  smtc_hal_mcu_stm32l4.o(i.smtc_hal_mcu_init)
    i.smtc_hal_mcu_spi_init                  0x08006154   Section        0  smtc_hal_mcu_spi_stm32l4.o(i.smtc_hal_mcu_spi_init)
    i.smtc_hal_mcu_spi_rw_buffer             0x0800626c   Section        0  smtc_hal_mcu_spi_stm32l4.o(i.smtc_hal_mcu_spi_rw_buffer)
    i.smtc_hal_mcu_spi_stm32l4_get_free_slot 0x080062f8   Section        0  smtc_hal_mcu_spi_stm32l4.o(i.smtc_hal_mcu_spi_stm32l4_get_free_slot)
    smtc_hal_mcu_spi_stm32l4_get_free_slot   0x080062f9   Thumb Code    30  smtc_hal_mcu_spi_stm32l4.o(i.smtc_hal_mcu_spi_stm32l4_get_free_slot)
    i.smtc_hal_mcu_spi_stm32l4_is_real_inst  0x0800631c   Section        0  smtc_hal_mcu_spi_stm32l4.o(i.smtc_hal_mcu_spi_stm32l4_is_real_inst)
    smtc_hal_mcu_spi_stm32l4_is_real_inst    0x0800631d   Thumb Code    30  smtc_hal_mcu_spi_stm32l4.o(i.smtc_hal_mcu_spi_stm32l4_is_real_inst)
    i.smtc_hal_mcu_uart_init                 0x08006340   Section        0  smtc_hal_mcu_uart_stm32l4.o(i.smtc_hal_mcu_uart_init)
    i.smtc_hal_mcu_uart_send                 0x08006484   Section        0  smtc_hal_mcu_uart_stm32l4.o(i.smtc_hal_mcu_uart_send)
    i.smtc_hal_mcu_uart_stm32l4_get_free_slot 0x080064c8   Section        0  smtc_hal_mcu_uart_stm32l4.o(i.smtc_hal_mcu_uart_stm32l4_get_free_slot)
    smtc_hal_mcu_uart_stm32l4_get_free_slot  0x080064c9   Thumb Code    36  smtc_hal_mcu_uart_stm32l4.o(i.smtc_hal_mcu_uart_stm32l4_get_free_slot)
    i.smtc_shield_lr1120mb1dis_get_lfclk_cfg 0x080064f0   Section        0  smtc_shield_lr1120mb1dis.o(i.smtc_shield_lr1120mb1dis_get_lfclk_cfg)
    i.smtc_shield_lr1120mb1dis_get_pa_pwr_cfg 0x080064f8   Section        0  smtc_shield_lr1120mb1dis.o(i.smtc_shield_lr1120mb1dis_get_pa_pwr_cfg)
    i.smtc_shield_lr1120mb1dis_get_pinout    0x08006508   Section        0  smtc_shield_lr1120mb1dis.o(i.smtc_shield_lr1120mb1dis_get_pinout)
    i.smtc_shield_lr1120mb1dis_get_reg_mode  0x08006510   Section        0  smtc_shield_lr1120mb1dis.o(i.smtc_shield_lr1120mb1dis_get_reg_mode)
    i.smtc_shield_lr1120mb1dis_get_rf_switch_cfg 0x08006518   Section        0  smtc_shield_lr1120mb1dis.o(i.smtc_shield_lr1120mb1dis_get_rf_switch_cfg)
    i.smtc_shield_lr1120mb1dis_get_rssi_calibration_table 0x08006520   Section        0  smtc_shield_lr1120mb1dis.o(i.smtc_shield_lr1120mb1dis_get_rssi_calibration_table)
    i.smtc_shield_lr1120mb1dis_get_xosc_cfg  0x0800652c   Section        0  smtc_shield_lr1120mb1dis.o(i.smtc_shield_lr1120mb1dis_get_xosc_cfg)
    i.smtc_shield_lr1120mb1dxs_common_get_pa_pwr_cfg 0x08006534   Section        0  smtc_shield_lr1120mb1dxs_common.o(i.smtc_shield_lr1120mb1dxs_common_get_pa_pwr_cfg)
    i.smtc_shield_lr11x0_common_get_xosc_cfg 0x080065bc   Section        0  smtc_shield_lr11x0_common.o(i.smtc_shield_lr11x0_common_get_xosc_cfg)
    i.smtc_shield_lr11x0_common_rttof_recommended_rx_tx_delay_indicator 0x080065c4   Section        0  smtc_shield_lr11x0_common.o(i.smtc_shield_lr11x0_common_rttof_recommended_rx_tx_delay_indicator)
    i.smtc_shield_lr11xx_common_get_lfclk_cfg 0x0800667c   Section        0  smtc_shield_lr11xx_common.o(i.smtc_shield_lr11xx_common_get_lfclk_cfg)
    i.smtc_shield_lr11xx_common_get_pinout   0x08006684   Section        0  smtc_shield_lr11xx_common.o(i.smtc_shield_lr11xx_common_get_pinout)
    i.smtc_shield_lr11xx_common_get_reg_mode 0x0800668c   Section        0  smtc_shield_lr11xx_common.o(i.smtc_shield_lr11xx_common_get_reg_mode)
    i.smtc_shield_lr11xx_common_get_rf_switch_cfg 0x08006690   Section        0  smtc_shield_lr11xx_common.o(i.smtc_shield_lr11xx_common_get_rf_switch_cfg)
    i.smtc_shield_lr11xx_get_pa_pwr_cfg      0x08006698   Section        0  apps_common.o(i.smtc_shield_lr11xx_get_pa_pwr_cfg)
    smtc_shield_lr11xx_get_pa_pwr_cfg        0x08006699   Thumb Code    18  apps_common.o(i.smtc_shield_lr11xx_get_pa_pwr_cfg)
    i.smtc_shield_lr11xx_get_rssi_calibration_table 0x080066aa   Section        0  apps_common.o(i.smtc_shield_lr11xx_get_rssi_calibration_table)
    smtc_shield_lr11xx_get_rssi_calibration_table 0x080066ab   Thumb Code    14  apps_common.o(i.smtc_shield_lr11xx_get_rssi_calibration_table)
    i.smtc_shield_lr11xx_get_rssi_calibration_table 0x080066b8   Section        0  smtc_shield_lr11xx_common.o(i.smtc_shield_lr11xx_get_rssi_calibration_table)
    i.smtc_shield_pinout_mapping_get_gpio_cfg 0x080066ec   Section        0  smtc_shield_pinout_mapping.o(i.smtc_shield_pinout_mapping_get_gpio_cfg)
    i.uart_init                              0x080066fc   Section        0  uart_init.o(i.uart_init)
    i.uart_init_base                         0x08006838   Section        0  uart_init.o(i.uart_init_base)
    uart_init_base                           0x08006839   Thumb Code   100  uart_init.o(i.uart_init_base)
    i.uart_rx_callback                       0x08006930   Section        0  uart_init.o(i.uart_rx_callback)
    uart_rx_callback                         0x08006931   Thumb Code   158  uart_init.o(i.uart_rx_callback)
    i.vprint                                 0x08006a14   Section        0  uart_init.o(i.vprint)
    .constdata                               0x08006a44   Section      214  apps_common.o(.constdata)
    gfsk_sync_word                           0x08006a44   Data           8  apps_common.o(.constdata)
    lora_pkt_params                          0x08006a4c   Data           6  apps_common.o(.constdata)
    gfsk_mod_params                          0x08006a54   Data          12  apps_common.o(.constdata)
    gfsk_pkt_params                          0x08006a60   Data          10  apps_common.o(.constdata)
    bpsk_mod_params                          0x08006a6c   Data           8  apps_common.o(.constdata)
    __func__                                 0x08006a74   Data          31  apps_common.o(.constdata)
    __func__                                 0x08006a93   Data          33  apps_common.o(.constdata)
    __func__                                 0x08006ab4   Data          30  apps_common.o(.constdata)
    __func__                                 0x08006ad2   Data          36  apps_common.o(.constdata)
    __func__                                 0x08006af6   Data          36  apps_common.o(.constdata)
    .constdata                               0x08006b1c   Section      176  smtc_shield_pinout_mapping.o(.constdata)
    .constdata                               0x08006bcc   Section       12  uart_init.o(.constdata)
    .constdata                               0x08006bd8   Section       66  main_per.o(.constdata)
    gfsk_sync_word                           0x08006bd8   Data           8  main_per.o(.constdata)
    __func__                                 0x08006be0   Data           5  main_per.o(.constdata)
    __func__                                 0x08006be5   Data          11  main_per.o(.constdata)
    __func__                                 0x08006bf0   Data          11  main_per.o(.constdata)
    __func__                                 0x08006bfb   Data          31  main_per.o(.constdata)
    .constdata                               0x08006c1c   Section       72  system_stm32l4xx.o(.constdata)
    .constdata                               0x08006c64   Section       84  smtc_hal_mcu_gpio_stm32l4.o(.constdata)
    .constdata                               0x08006cb8   Section       76  smtc_hal_mcu_uart_stm32l4.o(.constdata)
    .constdata                               0x08006d04   Section      112  smtc_hal_mcu_spi_stm32l4.o(.constdata)
    .constdata                               0x08006d74   Section       78  smtc_shield_lr11xx_common.o(.constdata)
    smtc_shield_lr11xx_common_rssi_calibration_table_below_600mhz 0x08006d74   Data          20  smtc_shield_lr11xx_common.o(.constdata)
    smtc_shield_lr11xx_common_rssi_calibration_table_from_600mhz_to_2ghz 0x08006d88   Data          20  smtc_shield_lr11xx_common.o(.constdata)
    smtc_shield_lr11xx_common_rssi_calibration_table_above_2ghz 0x08006d9c   Data          20  smtc_shield_lr11xx_common.o(.constdata)
    .constdata                               0x08006dc4   Section      296  smtc_shield_lr11x0_common.o(.constdata)
    rttof_delay_indicator_table_below_600mhz 0x08006dc4   Data          96  smtc_shield_lr11x0_common.o(.constdata)
    rttof_delay_indicator_table_from_600mhz_to_2ghz 0x08006e24   Data          96  smtc_shield_lr11x0_common.o(.constdata)
    rttof_delay_indicator_table_above_2ghz   0x08006e84   Data          96  smtc_shield_lr11x0_common.o(.constdata)
    .constdata                               0x08006eec   Section      360  smtc_shield_lr1120mb1dxs_common.o(.constdata)
    .conststring                             0x08007054   Section      212  apps_common.o(.conststring)
    .conststring                             0x08007128   Section       75  uart_init.o(.conststring)
    .conststring                             0x08007174   Section        9  main_per.o(.conststring)
    .data                                    0x20000000   Section       52  apps_common.o(.data)
    lora_mod_params                          0x20000020   Data           4  apps_common.o(.data)
    bpsk_pkt_params                          0x20000024   Data           8  apps_common.o(.data)
    irq_fired                                0x2000002c   Data           1  apps_common.o(.data)
    shield_pinout                            0x20000030   Data           4  apps_common.o(.data)
    .data                                    0x20000034   Section       28  uart_init.o(.data)
    inst_uart                                0x2000003c   Data           4  uart_init.o(.data)
    atc_events                               0x20000040   Data          16  uart_init.o(.data)
    .data                                    0x20000050   Section       40  main_per.o(.data)
    context                                  0x20000054   Data           4  main_per.o(.data)
    buffer                                   0x20000058   Data           7  main_per.o(.data)
    nb_ok                                    0x20000060   Data           2  main_per.o(.data)
    nb_rx_timeout                            0x20000062   Data           2  main_per.o(.data)
    nb_rx_error                              0x20000064   Data           2  main_per.o(.data)
    nb_fsk_len_error                         0x20000066   Data           2  main_per.o(.data)
    rolling_counter                          0x20000068   Data           1  main_per.o(.data)
    per_index                                0x2000006a   Data           2  main_per.o(.data)
    first_pkt_flag                           0x2000006c   Data           1  main_per.o(.data)
    per_msg                                  0x2000006d   Data           7  main_per.o(.data)
    rx_timeout                               0x20000074   Data           4  main_per.o(.data)
    .data                                    0x20000078   Section        4  system_stm32l4xx.o(.data)
    .data                                    0x2000007c   Section        4  mvars.o(.data)
    .data                                    0x20000080   Section        4  mvars.o(.data)
    .bss                                     0x20000084   Section      120  apps_common.o(.bss)
    context                                  0x20000084   Data          72  apps_common.o(.bss)
    led_tx                                   0x200000cc   Data          12  apps_common.o(.bss)
    led_rx                                   0x200000d8   Data          12  apps_common.o(.bss)
    led_scan                                 0x200000e4   Data          12  apps_common.o(.bss)
    lna_ctrl                                 0x200000f0   Data          12  apps_common.o(.bss)
    .bss                                     0x200000fc   Section      288  uart_init.o(.bss)
    atc_handle                               0x200001fc   Data          32  uart_init.o(.bss)
    .bss                                     0x2000021c   Section      768  smtc_hal_mcu_gpio_stm32l4.o(.bss)
    gpio_inst_array                          0x2000021c   Data         768  smtc_hal_mcu_gpio_stm32l4.o(.bss)
    .bss                                     0x2000051c   Section       12  smtc_hal_mcu_uart_stm32l4.o(.bss)
    uart_inst_array                          0x2000051c   Data          12  smtc_hal_mcu_uart_stm32l4.o(.bss)
    .bss                                     0x20000528   Section       16  smtc_hal_mcu_timer_stm32l4.o(.bss)
    tim_inst_array                           0x20000528   Data          16  smtc_hal_mcu_timer_stm32l4.o(.bss)
    .bss                                     0x20000538   Section       32  smtc_hal_mcu_spi_stm32l4.o(.bss)
    spi_inst_array                           0x20000538   Data          32  smtc_hal_mcu_spi_stm32l4.o(.bss)
    HEAP                                     0x20000558   Section      512  startup_stm32l476xx.o(HEAP)
    STACK                                    0x20000758   Section     1024  startup_stm32l476xx.o(STACK)

    Global Symbols

    Symbol Name                              Value     Ov Type        Size  Object(Section)

    BuildAttributes$$THM_ISAv4$E$P$D$K$B$S$7EM$VFPi3$EXTD16$VFPS$VFMA$PE$A:L22UL41UL21$X:L11$S22US41US21$IEEE1$IW$USESV6$~STKCKD$USESV7$~SHL$OTIME$ROPI$EBA8$MICROLIB$REQ8$PRES8$EABIv2 0x00000000   Number         0  anon$$obj.o ABSOLUTE
    __ARM_use_no_argv                        0x00000000   Number         0  main_per.o ABSOLUTE
    __cpp_initialize__aeabi_                  - Undefined Weak Reference
    __cxa_finalize                            - Undefined Weak Reference
    __decompress                              - Undefined Weak Reference
    _clock_init                               - Undefined Weak Reference
    _microlib_exit                            - Undefined Weak Reference
    __Vectors_Size                           0x00000188   Number         0  startup_stm32l476xx.o ABSOLUTE
    __Vectors                                0x08000000   Data           4  startup_stm32l476xx.o(RESET)
    __Vectors_End                            0x08000188   Data           0  startup_stm32l476xx.o(RESET)
    __main                                   0x08000189   Thumb Code     0  entry.o(.ARM.Collect$$$$00000000)
    _main_stk                                0x08000189   Thumb Code     0  entry2.o(.ARM.Collect$$$$00000001)
    _main_scatterload                        0x0800018d   Thumb Code     0  entry5.o(.ARM.Collect$$$$00000004)
    __main_after_scatterload                 0x08000191   Thumb Code     0  entry5.o(.ARM.Collect$$$$00000004)
    _main_clock                              0x08000191   Thumb Code     0  entry7b.o(.ARM.Collect$$$$00000008)
    _main_cpp_init                           0x08000191   Thumb Code     0  entry8b.o(.ARM.Collect$$$$0000000A)
    _main_init                               0x08000191   Thumb Code     0  entry9a.o(.ARM.Collect$$$$0000000B)
    __rt_final_cpp                           0x08000199   Thumb Code     0  entry10a.o(.ARM.Collect$$$$0000000D)
    __rt_final_exit                          0x08000199   Thumb Code     0  entry11a.o(.ARM.Collect$$$$0000000F)
    Reset_Handler                            0x0800019d   Thumb Code     8  startup_stm32l476xx.o(.text)
    NMI_Handler                              0x080001a5   Thumb Code     2  startup_stm32l476xx.o(.text)
    HardFault_Handler                        0x080001a7   Thumb Code     2  startup_stm32l476xx.o(.text)
    MemManage_Handler                        0x080001a9   Thumb Code     2  startup_stm32l476xx.o(.text)
    BusFault_Handler                         0x080001ab   Thumb Code     2  startup_stm32l476xx.o(.text)
    UsageFault_Handler                       0x080001ad   Thumb Code     2  startup_stm32l476xx.o(.text)
    SVC_Handler                              0x080001af   Thumb Code     2  startup_stm32l476xx.o(.text)
    DebugMon_Handler                         0x080001b1   Thumb Code     2  startup_stm32l476xx.o(.text)
    PendSV_Handler                           0x080001b3   Thumb Code     2  startup_stm32l476xx.o(.text)
    SysTick_Handler                          0x080001b5   Thumb Code     2  startup_stm32l476xx.o(.text)
    ADC1_2_IRQHandler                        0x080001b7   Thumb Code     0  startup_stm32l476xx.o(.text)
    ADC3_IRQHandler                          0x080001b7   Thumb Code     0  startup_stm32l476xx.o(.text)
    CAN1_RX0_IRQHandler                      0x080001b7   Thumb Code     0  startup_stm32l476xx.o(.text)
    CAN1_RX1_IRQHandler                      0x080001b7   Thumb Code     0  startup_stm32l476xx.o(.text)
    CAN1_SCE_IRQHandler                      0x080001b7   Thumb Code     0  startup_stm32l476xx.o(.text)
    CAN1_TX_IRQHandler                       0x080001b7   Thumb Code     0  startup_stm32l476xx.o(.text)
    COMP_IRQHandler                          0x080001b7   Thumb Code     0  startup_stm32l476xx.o(.text)
    DFSDM1_FLT0_IRQHandler                   0x080001b7   Thumb Code     0  startup_stm32l476xx.o(.text)
    DFSDM1_FLT1_IRQHandler                   0x080001b7   Thumb Code     0  startup_stm32l476xx.o(.text)
    DFSDM1_FLT2_IRQHandler                   0x080001b7   Thumb Code     0  startup_stm32l476xx.o(.text)
    DFSDM1_FLT3_IRQHandler                   0x080001b7   Thumb Code     0  startup_stm32l476xx.o(.text)
    DMA1_Channel1_IRQHandler                 0x080001b7   Thumb Code     0  startup_stm32l476xx.o(.text)
    DMA1_Channel2_IRQHandler                 0x080001b7   Thumb Code     0  startup_stm32l476xx.o(.text)
    DMA1_Channel3_IRQHandler                 0x080001b7   Thumb Code     0  startup_stm32l476xx.o(.text)
    DMA1_Channel4_IRQHandler                 0x080001b7   Thumb Code     0  startup_stm32l476xx.o(.text)
    DMA1_Channel5_IRQHandler                 0x080001b7   Thumb Code     0  startup_stm32l476xx.o(.text)
    DMA1_Channel6_IRQHandler                 0x080001b7   Thumb Code     0  startup_stm32l476xx.o(.text)
    DMA1_Channel7_IRQHandler                 0x080001b7   Thumb Code     0  startup_stm32l476xx.o(.text)
    DMA2_Channel1_IRQHandler                 0x080001b7   Thumb Code     0  startup_stm32l476xx.o(.text)
    DMA2_Channel2_IRQHandler                 0x080001b7   Thumb Code     0  startup_stm32l476xx.o(.text)
    DMA2_Channel3_IRQHandler                 0x080001b7   Thumb Code     0  startup_stm32l476xx.o(.text)
    DMA2_Channel4_IRQHandler                 0x080001b7   Thumb Code     0  startup_stm32l476xx.o(.text)
    DMA2_Channel5_IRQHandler                 0x080001b7   Thumb Code     0  startup_stm32l476xx.o(.text)
    DMA2_Channel6_IRQHandler                 0x080001b7   Thumb Code     0  startup_stm32l476xx.o(.text)
    DMA2_Channel7_IRQHandler                 0x080001b7   Thumb Code     0  startup_stm32l476xx.o(.text)
    FLASH_IRQHandler                         0x080001b7   Thumb Code     0  startup_stm32l476xx.o(.text)
    FMC_IRQHandler                           0x080001b7   Thumb Code     0  startup_stm32l476xx.o(.text)
    FPU_IRQHandler                           0x080001b7   Thumb Code     0  startup_stm32l476xx.o(.text)
    I2C1_ER_IRQHandler                       0x080001b7   Thumb Code     0  startup_stm32l476xx.o(.text)
    I2C1_EV_IRQHandler                       0x080001b7   Thumb Code     0  startup_stm32l476xx.o(.text)
    I2C2_ER_IRQHandler                       0x080001b7   Thumb Code     0  startup_stm32l476xx.o(.text)
    I2C2_EV_IRQHandler                       0x080001b7   Thumb Code     0  startup_stm32l476xx.o(.text)
    I2C3_ER_IRQHandler                       0x080001b7   Thumb Code     0  startup_stm32l476xx.o(.text)
    I2C3_EV_IRQHandler                       0x080001b7   Thumb Code     0  startup_stm32l476xx.o(.text)
    LCD_IRQHandler                           0x080001b7   Thumb Code     0  startup_stm32l476xx.o(.text)
    LPTIM2_IRQHandler                        0x080001b7   Thumb Code     0  startup_stm32l476xx.o(.text)
    LPUART1_IRQHandler                       0x080001b7   Thumb Code     0  startup_stm32l476xx.o(.text)
    OTG_FS_IRQHandler                        0x080001b7   Thumb Code     0  startup_stm32l476xx.o(.text)
    PVD_PVM_IRQHandler                       0x080001b7   Thumb Code     0  startup_stm32l476xx.o(.text)
    QUADSPI_IRQHandler                       0x080001b7   Thumb Code     0  startup_stm32l476xx.o(.text)
    RCC_IRQHandler                           0x080001b7   Thumb Code     0  startup_stm32l476xx.o(.text)
    RNG_IRQHandler                           0x080001b7   Thumb Code     0  startup_stm32l476xx.o(.text)
    RTC_Alarm_IRQHandler                     0x080001b7   Thumb Code     0  startup_stm32l476xx.o(.text)
    RTC_WKUP_IRQHandler                      0x080001b7   Thumb Code     0  startup_stm32l476xx.o(.text)
    SAI1_IRQHandler                          0x080001b7   Thumb Code     0  startup_stm32l476xx.o(.text)
    SAI2_IRQHandler                          0x080001b7   Thumb Code     0  startup_stm32l476xx.o(.text)
    SDMMC1_IRQHandler                        0x080001b7   Thumb Code     0  startup_stm32l476xx.o(.text)
    SPI1_IRQHandler                          0x080001b7   Thumb Code     0  startup_stm32l476xx.o(.text)
    SPI2_IRQHandler                          0x080001b7   Thumb Code     0  startup_stm32l476xx.o(.text)
    SPI3_IRQHandler                          0x080001b7   Thumb Code     0  startup_stm32l476xx.o(.text)
    SWPMI1_IRQHandler                        0x080001b7   Thumb Code     0  startup_stm32l476xx.o(.text)
    TAMP_STAMP_IRQHandler                    0x080001b7   Thumb Code     0  startup_stm32l476xx.o(.text)
    TIM1_BRK_TIM15_IRQHandler                0x080001b7   Thumb Code     0  startup_stm32l476xx.o(.text)
    TIM1_CC_IRQHandler                       0x080001b7   Thumb Code     0  startup_stm32l476xx.o(.text)
    TIM1_TRG_COM_TIM17_IRQHandler            0x080001b7   Thumb Code     0  startup_stm32l476xx.o(.text)
    TIM1_UP_TIM16_IRQHandler                 0x080001b7   Thumb Code     0  startup_stm32l476xx.o(.text)
    TIM2_IRQHandler                          0x080001b7   Thumb Code     0  startup_stm32l476xx.o(.text)
    TIM3_IRQHandler                          0x080001b7   Thumb Code     0  startup_stm32l476xx.o(.text)
    TIM4_IRQHandler                          0x080001b7   Thumb Code     0  startup_stm32l476xx.o(.text)
    TIM5_IRQHandler                          0x080001b7   Thumb Code     0  startup_stm32l476xx.o(.text)
    TIM6_DAC_IRQHandler                      0x080001b7   Thumb Code     0  startup_stm32l476xx.o(.text)
    TIM7_IRQHandler                          0x080001b7   Thumb Code     0  startup_stm32l476xx.o(.text)
    TIM8_BRK_IRQHandler                      0x080001b7   Thumb Code     0  startup_stm32l476xx.o(.text)
    TIM8_CC_IRQHandler                       0x080001b7   Thumb Code     0  startup_stm32l476xx.o(.text)
    TIM8_TRG_COM_IRQHandler                  0x080001b7   Thumb Code     0  startup_stm32l476xx.o(.text)
    TIM8_UP_IRQHandler                       0x080001b7   Thumb Code     0  startup_stm32l476xx.o(.text)
    TSC_IRQHandler                           0x080001b7   Thumb Code     0  startup_stm32l476xx.o(.text)
    UART4_IRQHandler                         0x080001b7   Thumb Code     0  startup_stm32l476xx.o(.text)
    UART5_IRQHandler                         0x080001b7   Thumb Code     0  startup_stm32l476xx.o(.text)
    USART1_IRQHandler                        0x080001b7   Thumb Code     0  startup_stm32l476xx.o(.text)
    USART3_IRQHandler                        0x080001b7   Thumb Code     0  startup_stm32l476xx.o(.text)
    WWDG_IRQHandler                          0x080001b7   Thumb Code     0  startup_stm32l476xx.o(.text)
    __aeabi_memcpy                           0x080001c1   Thumb Code    36  memcpya.o(.text)
    __aeabi_memcpy4                          0x080001c1   Thumb Code     0  memcpya.o(.text)
    __aeabi_memcpy8                          0x080001c1   Thumb Code     0  memcpya.o(.text)
    __aeabi_memset                           0x080001e5   Thumb Code    14  memseta.o(.text)
    __aeabi_memset4                          0x080001e5   Thumb Code     0  memseta.o(.text)
    __aeabi_memset8                          0x080001e5   Thumb Code     0  memseta.o(.text)
    __aeabi_memclr                           0x080001f3   Thumb Code     4  memseta.o(.text)
    __aeabi_memclr4                          0x080001f3   Thumb Code     0  memseta.o(.text)
    __aeabi_memclr8                          0x080001f3   Thumb Code     0  memseta.o(.text)
    _memset$wrapper                          0x080001f7   Thumb Code    18  memseta.o(.text)
    strstr                                   0x08000209   Thumb Code    36  strstr.o(.text)
    strncpy                                  0x0800022d   Thumb Code    24  strncpy.o(.text)
    strlen                                   0x08000245   Thumb Code    14  strlen.o(.text)
    memcmp                                   0x08000253   Thumb Code    26  memcmp.o(.text)
    __aeabi_dadd                             0x0800026d   Thumb Code   322  dadd.o(.text)
    __aeabi_dsub                             0x080003af   Thumb Code     6  dadd.o(.text)
    __aeabi_drsub                            0x080003b5   Thumb Code     6  dadd.o(.text)
    __aeabi_dmul                             0x080003cb   Thumb Code   228  dmul.o(.text)
    __aeabi_ddiv                             0x080004b5   Thumb Code   222  ddiv.o(.text)
    __aeabi_uidiv                            0x08000593   Thumb Code     0  uidiv.o(.text)
    __aeabi_uidivmod                         0x08000593   Thumb Code    44  uidiv.o(.text)
    __aeabi_uldivmod                         0x080005bf   Thumb Code    98  uldiv.o(.text)
    __aeabi_llsl                             0x08000627   Thumb Code    30  llshl.o(.text)
    _ll_shift_l                              0x08000627   Thumb Code     0  llshl.o(.text)
    __aeabi_lasr                             0x08000645   Thumb Code    36  llsshr.o(.text)
    _ll_sshift_r                             0x08000645   Thumb Code     0  llsshr.o(.text)
    __I$use$fp                               0x08000669   Thumb Code     0  iusefp.o(.text)
    _double_round                            0x08000669   Thumb Code    30  depilogue.o(.text)
    _double_epilogue                         0x08000687   Thumb Code   156  depilogue.o(.text)
    __aeabi_d2ulz                            0x08000723   Thumb Code    48  dfixul.o(.text)
    __aeabi_cdrcmple                         0x08000755   Thumb Code    48  cdrcmple.o(.text)
    __scatterload                            0x08000785   Thumb Code    28  init.o(.text)
    __scatterload_rt2                        0x08000785   Thumb Code     0  init.o(.text)
    __aeabi_llsr                             0x080007a9   Thumb Code    32  llushr.o(.text)
    _ll_ushift_r                             0x080007a9   Thumb Code     0  llushr.o(.text)
    ATC_IdleLine                             0x080007c9   Thumb Code   180  uart_init.o(i.ATC_IdleLine)
    ATC_Init                                 0x08000949   Thumb Code   196  atc.o(i.ATC_Init)
    ATC_Loop                                 0x08000aa1   Thumb Code   174  atc.o(i.ATC_Loop)
    ATC_SetEvents                            0x08000bc1   Thumb Code    74  atc.o(i.ATC_SetEvents)
    EXTI0_IRQHandler                         0x08000c49   Thumb Code    24  smtc_hal_mcu_gpio_stm32l4.o(i.EXTI0_IRQHandler)
    EXTI15_10_IRQHandler                     0x08000c61   Thumb Code   160  smtc_hal_mcu_gpio_stm32l4.o(i.EXTI15_10_IRQHandler)
    EXTI1_IRQHandler                         0x08000d01   Thumb Code    24  smtc_hal_mcu_gpio_stm32l4.o(i.EXTI1_IRQHandler)
    EXTI2_IRQHandler                         0x08000d19   Thumb Code    24  smtc_hal_mcu_gpio_stm32l4.o(i.EXTI2_IRQHandler)
    EXTI3_IRQHandler                         0x08000d31   Thumb Code    24  smtc_hal_mcu_gpio_stm32l4.o(i.EXTI3_IRQHandler)
    EXTI4_IRQHandler                         0x08000d49   Thumb Code    24  smtc_hal_mcu_gpio_stm32l4.o(i.EXTI4_IRQHandler)
    EXTI9_5_IRQHandler                       0x08000d61   Thumb Code   116  smtc_hal_mcu_gpio_stm32l4.o(i.EXTI9_5_IRQHandler)
    LL_EXTI_Init                             0x08000ef5   Thumb Code   362  stm32l4xx_ll_exti.o(i.LL_EXTI_Init)
    LL_GPIO_Init                             0x0800107d   Thumb Code   302  stm32l4xx_ll_gpio.o(i.LL_GPIO_Init)
    LL_Init1msTick                           0x080011ab   Thumb Code    28  stm32l4xx_ll_utils.o(i.LL_Init1msTick)
    LL_RCC_GetUARTClockFreq                  0x080011c9   Thumb Code   194  stm32l4xx_ll_rcc.o(i.LL_RCC_GetUARTClockFreq)
    LL_RCC_GetUSARTClockFreq                 0x080012a9   Thumb Code   278  stm32l4xx_ll_rcc.o(i.LL_RCC_GetUSARTClockFreq)
    LL_SPI_Init                              0x08001459   Thumb Code   126  stm32l4xx_ll_spi.o(i.LL_SPI_Init)
    LL_SetSystemCoreClock                    0x080014d9   Thumb Code     6  stm32l4xx_ll_utils.o(i.LL_SetSystemCoreClock)
    LL_USART_Init                            0x080014e5   Thumb Code   238  stm32l4xx_ll_usart.o(i.LL_USART_Init)
    LL_mDelay                                0x0800160b   Thumb Code    44  stm32l4xx_ll_utils.o(i.LL_mDelay)
    LPTIM1_IRQHandler                        0x08001639   Thumb Code    80  smtc_hal_mcu_timer_stm32l4.o(i.LPTIM1_IRQHandler)
    SystemInit                               0x08001889   Thumb Code    14  system_stm32l4xx.o(i.SystemInit)
    USART2_IRQHandler                        0x0800189d   Thumb Code    98  smtc_hal_mcu_uart_stm32l4.o(i.USART2_IRQHandler)
    __0vsprintf                              0x08001909   Thumb Code    30  printfa.o(i.__0vsprintf)
    __1vsprintf                              0x08001909   Thumb Code     0  printfa.o(i.__0vsprintf)
    __2vsprintf                              0x08001909   Thumb Code     0  printfa.o(i.__0vsprintf)
    __c89vsprintf                            0x08001909   Thumb Code     0  printfa.o(i.__0vsprintf)
    vsprintf                                 0x08001909   Thumb Code     0  printfa.o(i.__0vsprintf)
    __scatterload_copy                       0x0800192d   Thumb Code    14  handlers.o(i.__scatterload_copy)
    __scatterload_null                       0x0800193b   Thumb Code     2  handlers.o(i.__scatterload_null)
    __scatterload_zeroinit                   0x0800193d   Thumb Code    14  handlers.o(i.__scatterload_zeroinit)
    apps_common_lr11xx_fetch_and_print_version 0x08002291   Thumb Code    20  apps_common.o(i.apps_common_lr11xx_fetch_and_print_version)
    apps_common_lr11xx_fetch_version         0x080022a5   Thumb Code    66  apps_common.o(i.apps_common_lr11xx_fetch_version)
    apps_common_lr11xx_get_context           0x08002355   Thumb Code   180  apps_common.o(i.apps_common_lr11xx_get_context)
    apps_common_lr11xx_handle_post_rx        0x08002415   Thumb Code    24  apps_common.o(i.apps_common_lr11xx_handle_post_rx)
    apps_common_lr11xx_handle_post_tx        0x08002435   Thumb Code    24  apps_common.o(i.apps_common_lr11xx_handle_post_tx)
    apps_common_lr11xx_handle_pre_rx         0x08002455   Thumb Code    24  apps_common.o(i.apps_common_lr11xx_handle_pre_rx)
    apps_common_lr11xx_handle_pre_tx         0x08002475   Thumb Code    24  apps_common.o(i.apps_common_lr11xx_handle_pre_tx)
    apps_common_lr11xx_irq_process           0x08002495   Thumb Code   922  apps_common.o(i.apps_common_lr11xx_irq_process)
    apps_common_lr11xx_print_version         0x08002a2d   Thumb Code   276  apps_common.o(i.apps_common_lr11xx_print_version)
    apps_common_lr11xx_radio_init            0x08002c35   Thumb Code   658  apps_common.o(i.apps_common_lr11xx_radio_init)
    apps_common_lr11xx_receive               0x08002f71   Thumb Code   274  apps_common.o(i.apps_common_lr11xx_receive)
    apps_common_lr11xx_system_init           0x08003149   Thumb Code   678  apps_common.o(i.apps_common_lr11xx_system_init)
    apps_common_shield_init                  0x0800346d   Thumb Code   206  apps_common.o(i.apps_common_shield_init)
    atc_per_event_callback                   0x08003555   Thumb Code    64  uart_init.o(i.atc_per_event_callback)
    free                                     0x080035e5   Thumb Code    76  malloc.o(i.free)
    get_time_on_air_in_ms                    0x08003635   Thumb Code    36  apps_common.o(i.get_time_on_air_in_ms)
    hal_mcu_trace_print                      0x08003669   Thumb Code    26  smtc_hal_dbg_trace.o(i.hal_mcu_trace_print)
    lr11xx_hal_direct_read                   0x08003683   Thumb Code    52  lr11xx_hal.o(i.lr11xx_hal_direct_read)
    lr11xx_hal_read                          0x080036b7   Thumb Code   110  lr11xx_hal.o(i.lr11xx_hal_read)
    lr11xx_hal_reset                         0x0800372b   Thumb Code    32  lr11xx_hal.o(i.lr11xx_hal_reset)
    lr11xx_hal_wait_on_busy                  0x0800374b   Thumb Code    26  lr11xx_hal.o(i.lr11xx_hal_wait_on_busy)
    lr11xx_hal_write                         0x08003765   Thumb Code    70  lr11xx_hal.o(i.lr11xx_hal_write)
    lr11xx_radio_apply_high_acp_workaround   0x080037ad   Thumb Code    20  lr11xx_radio.o(i.lr11xx_radio_apply_high_acp_workaround)
    lr11xx_radio_cfg_rx_boosted              0x080037c5   Thumb Code    34  lr11xx_radio.o(i.lr11xx_radio_cfg_rx_boosted)
    lr11xx_radio_convert_time_in_ms_to_rtc_step 0x080037ed   Thumb Code    14  lr11xx_radio.o(i.lr11xx_radio_convert_time_in_ms_to_rtc_step)
    lr11xx_radio_fallback_modes_to_str       0x080037fd   Thumb Code    32  lr11xx_radio_types_str.o(i.lr11xx_radio_fallback_modes_to_str)
    lr11xx_radio_get_gfsk_time_on_air_in_ms  0x08003885   Thumb Code    32  lr11xx_radio.o(i.lr11xx_radio_get_gfsk_time_on_air_in_ms)
    lr11xx_radio_get_gfsk_time_on_air_numerator 0x080038a5   Thumb Code   106  lr11xx_radio.o(i.lr11xx_radio_get_gfsk_time_on_air_numerator)
    lr11xx_radio_get_lora_bw_in_hz           0x08003911   Thumb Code    92  lr11xx_radio.o(i.lr11xx_radio_get_lora_bw_in_hz)
    lr11xx_radio_get_lora_pkt_status         0x08003985   Thumb Code    76  lr11xx_radio.o(i.lr11xx_radio_get_lora_pkt_status)
    lr11xx_radio_get_lora_time_on_air_in_ms  0x080039d5   Thumb Code    40  lr11xx_radio.o(i.lr11xx_radio_get_lora_time_on_air_in_ms)
    lr11xx_radio_get_lora_time_on_air_numerator 0x080039fd   Thumb Code   436  lr11xx_radio.o(i.lr11xx_radio_get_lora_time_on_air_numerator)
    lr11xx_radio_get_rx_buffer_status        0x08003bb9   Thumb Code    52  lr11xx_radio.o(i.lr11xx_radio_get_rx_buffer_status)
    lr11xx_radio_lora_bw_to_str              0x08003bf1   Thumb Code    78  lr11xx_radio_types_str.o(i.lr11xx_radio_lora_bw_to_str)
    lr11xx_radio_lora_cr_to_str              0x08003d81   Thumb Code    54  lr11xx_radio_types_str.o(i.lr11xx_radio_lora_cr_to_str)
    lr11xx_radio_lora_crc_to_str             0x08003e9d   Thumb Code    22  lr11xx_radio_types_str.o(i.lr11xx_radio_lora_crc_to_str)
    lr11xx_radio_lora_iq_to_str              0x08003ef5   Thumb Code    22  lr11xx_radio_types_str.o(i.lr11xx_radio_lora_iq_to_str)
    lr11xx_radio_lora_pkt_len_modes_to_str   0x08003f55   Thumb Code    22  lr11xx_radio_types_str.o(i.lr11xx_radio_lora_pkt_len_modes_to_str)
    lr11xx_radio_lora_sf_to_str              0x08003fb5   Thumb Code    56  lr11xx_radio_types_str.o(i.lr11xx_radio_lora_sf_to_str)
    lr11xx_radio_pkt_type_to_str             0x080040b5   Thumb Code    44  lr11xx_radio_types_str.o(i.lr11xx_radio_pkt_type_to_str)
    lr11xx_radio_set_lna_mode                0x08004191   Thumb Code    20  lr11xx_radio.o(i.lr11xx_radio_set_lna_mode)
    lr11xx_radio_set_lora_mod_params         0x080041a9   Thumb Code    56  lr11xx_radio.o(i.lr11xx_radio_set_lora_mod_params)
    lr11xx_radio_set_lora_pkt_params         0x080041e9   Thumb Code    70  lr11xx_radio.o(i.lr11xx_radio_set_lora_pkt_params)
    lr11xx_radio_set_lora_sync_word          0x08004239   Thumb Code    34  lr11xx_radio.o(i.lr11xx_radio_set_lora_sync_word)
    lr11xx_radio_set_pa_cfg                  0x08004261   Thumb Code    56  lr11xx_radio.o(i.lr11xx_radio_set_pa_cfg)
    lr11xx_radio_set_pkt_type                0x080042a1   Thumb Code    34  lr11xx_radio.o(i.lr11xx_radio_set_pkt_type)
    lr11xx_radio_set_rf_freq                 0x080042c9   Thumb Code    56  lr11xx_radio.o(i.lr11xx_radio_set_rf_freq)
    lr11xx_radio_set_rssi_calibration        0x08004309   Thumb Code   192  lr11xx_radio.o(i.lr11xx_radio_set_rssi_calibration)
    lr11xx_radio_set_rx                      0x080043d9   Thumb Code    24  lr11xx_radio.o(i.lr11xx_radio_set_rx)
    lr11xx_radio_set_rx_tx_fallback_mode     0x080043f1   Thumb Code    34  lr11xx_radio.o(i.lr11xx_radio_set_rx_tx_fallback_mode)
    lr11xx_radio_set_rx_with_timeout_in_rtc_step 0x08004419   Thumb Code    18  lr11xx_radio.o(i.lr11xx_radio_set_rx_with_timeout_in_rtc_step)
    lr11xx_radio_set_rx_with_timeout_in_rtc_step_and_lna_mode 0x0800442d   Thumb Code   102  lr11xx_radio.o(i.lr11xx_radio_set_rx_with_timeout_in_rtc_step_and_lna_mode)
    lr11xx_radio_set_tx                      0x0800449d   Thumb Code    24  lr11xx_radio.o(i.lr11xx_radio_set_tx)
    lr11xx_radio_set_tx_params               0x080044b5   Thumb Code    42  lr11xx_radio.o(i.lr11xx_radio_set_tx_params)
    lr11xx_radio_set_tx_with_timeout_in_rtc_step 0x080044e5   Thumb Code    78  lr11xx_radio.o(i.lr11xx_radio_set_tx_with_timeout_in_rtc_step)
    lr11xx_regmem_read_buffer8               0x08004555   Thumb Code    44  lr11xx_regmem.o(i.lr11xx_regmem_read_buffer8)
    lr11xx_regmem_write_buffer8              0x08004585   Thumb Code    30  lr11xx_regmem.o(i.lr11xx_regmem_write_buffer8)
    lr11xx_regmem_write_regmem32_mask        0x080045a9   Thumb Code    92  lr11xx_regmem.o(i.lr11xx_regmem_write_regmem32_mask)
    lr11xx_system_calibrate                  0x08004605   Thumb Code    34  lr11xx_system.o(i.lr11xx_system_calibrate)
    lr11xx_system_cfg_lfclk                  0x0800462d   Thumb Code    40  lr11xx_system.o(i.lr11xx_system_cfg_lfclk)
    lr11xx_system_clear_errors               0x08004659   Thumb Code    28  lr11xx_system.o(i.lr11xx_system_clear_errors)
    lr11xx_system_clear_irq_status           0x08004679   Thumb Code    56  lr11xx_system.o(i.lr11xx_system_clear_irq_status)
    lr11xx_system_get_and_clear_irq_status   0x080046db   Thumb Code    54  lr11xx_system.o(i.lr11xx_system_get_and_clear_irq_status)
    lr11xx_system_get_errors                 0x08004711   Thumb Code    54  lr11xx_system.o(i.lr11xx_system_get_errors)
    lr11xx_system_get_status                 0x0800474d   Thumb Code    90  lr11xx_system.o(i.lr11xx_system_get_status)
    lr11xx_system_get_version                0x080047a9   Thumb Code    66  lr11xx_system.o(i.lr11xx_system_get_version)
    lr11xx_system_reset                      0x080047f1   Thumb Code    12  lr11xx_system.o(i.lr11xx_system_reset)
    lr11xx_system_set_dio_as_rf_switch       0x080047fd   Thumb Code    82  lr11xx_system.o(i.lr11xx_system_set_dio_as_rf_switch)
    lr11xx_system_set_dio_irq_params         0x0800485d   Thumb Code    84  lr11xx_system.o(i.lr11xx_system_set_dio_irq_params)
    lr11xx_system_set_reg_mode               0x080048bd   Thumb Code    34  lr11xx_system.o(i.lr11xx_system_set_reg_mode)
    lr11xx_system_set_tcxo_mode              0x080048e5   Thumb Code    56  lr11xx_system.o(i.lr11xx_system_set_tcxo_mode)
    main                                     0x08004925   Thumb Code   382  main_per.o(i.main)
    main_loop                                0x08004bb1   Thumb Code    52  uart_init.o(i.main_loop)
    malloc                                   0x08004bf1   Thumb Code    92  malloc.o(i.malloc)
    on_cad_done_detected                     0x08004c5d   Thumb Code    32  apps_common.o(i.on_cad_done_detected)
    on_cad_done_undetected                   0x08004cad   Thumb Code    32  apps_common.o(i.on_cad_done_undetected)
    on_fsk_len_error                         0x08004cfd   Thumb Code    10  main_per.o(i.on_fsk_len_error)
    on_gnss_scan_done                        0x08004d0d   Thumb Code    32  apps_common.o(i.on_gnss_scan_done)
    on_header_error                          0x08004d5d   Thumb Code    32  apps_common.o(i.on_header_error)
    on_lora_rx_timestamp                     0x08004dad   Thumb Code    32  apps_common.o(i.on_lora_rx_timestamp)
    on_preamble_detected                     0x08004dfd   Thumb Code    32  apps_common.o(i.on_preamble_detected)
    on_rttof_exchange_valid                  0x08004e4d   Thumb Code    32  apps_common.o(i.on_rttof_exchange_valid)
    on_rttof_request_discarded               0x08004e9d   Thumb Code    32  apps_common.o(i.on_rttof_request_discarded)
    on_rttof_request_valid                   0x08004eed   Thumb Code    32  apps_common.o(i.on_rttof_request_valid)
    on_rttof_response_done                   0x08004f3d   Thumb Code    32  apps_common.o(i.on_rttof_response_done)
    on_rttof_timeout                         0x08004f8d   Thumb Code    32  apps_common.o(i.on_rttof_timeout)
    on_rx_crc_error                          0x08004fdd   Thumb Code    10  main_per.o(i.on_rx_crc_error)
    on_rx_done                               0x08004fed   Thumb Code   246  main_per.o(i.on_rx_done)
    on_rx_timeout                            0x080051bd   Thumb Code    10  main_per.o(i.on_rx_timeout)
    on_syncword_header_valid                 0x080051cd   Thumb Code    32  apps_common.o(i.on_syncword_header_valid)
    on_tx_done                               0x0800521d   Thumb Code   180  main_per.o(i.on_tx_done)
    on_wifi_scan_done                        0x08005359   Thumb Code    32  apps_common.o(i.on_wifi_scan_done)
    print_common_configuration               0x0800546d   Thumb Code   202  apps_common.o(i.print_common_configuration)
    print_lora_configuration                 0x080055ed   Thumb Code   396  apps_common.o(i.print_lora_configuration)
    radio_on_dio_irq                         0x080058d5   Thumb Code     8  apps_common.o(i.radio_on_dio_irq)
    smtc_hal_mcu_gpio_enable_irq             0x080058e1   Thumb Code   160  smtc_hal_mcu_gpio_stm32l4.o(i.smtc_hal_mcu_gpio_enable_irq)
    smtc_hal_mcu_gpio_get_state              0x0800598d   Thumb Code   138  smtc_hal_mcu_gpio_stm32l4.o(i.smtc_hal_mcu_gpio_get_state)
    smtc_hal_mcu_gpio_init_input             0x08005a19   Thumb Code   208  smtc_hal_mcu_gpio_stm32l4.o(i.smtc_hal_mcu_gpio_init_input)
    smtc_hal_mcu_gpio_init_output            0x08005aed   Thumb Code   126  smtc_hal_mcu_gpio_stm32l4.o(i.smtc_hal_mcu_gpio_init_output)
    smtc_hal_mcu_gpio_set_state              0x08005b71   Thumb Code    54  smtc_hal_mcu_gpio_stm32l4.o(i.smtc_hal_mcu_gpio_set_state)
    smtc_hal_mcu_init                        0x08005f85   Thumb Code   440  smtc_hal_mcu_stm32l4.o(i.smtc_hal_mcu_init)
    smtc_hal_mcu_spi_init                    0x08006155   Thumb Code   258  smtc_hal_mcu_spi_stm32l4.o(i.smtc_hal_mcu_spi_init)
    smtc_hal_mcu_spi_rw_buffer               0x0800626d   Thumb Code   138  smtc_hal_mcu_spi_stm32l4.o(i.smtc_hal_mcu_spi_rw_buffer)
    smtc_hal_mcu_uart_init                   0x08006341   Thumb Code   304  smtc_hal_mcu_uart_stm32l4.o(i.smtc_hal_mcu_uart_init)
    smtc_hal_mcu_uart_send                   0x08006485   Thumb Code    68  smtc_hal_mcu_uart_stm32l4.o(i.smtc_hal_mcu_uart_send)
    smtc_shield_lr1120mb1dis_get_lfclk_cfg   0x080064f1   Thumb Code     8  smtc_shield_lr1120mb1dis.o(i.smtc_shield_lr1120mb1dis_get_lfclk_cfg)
    smtc_shield_lr1120mb1dis_get_pa_pwr_cfg  0x080064f9   Thumb Code    16  smtc_shield_lr1120mb1dis.o(i.smtc_shield_lr1120mb1dis_get_pa_pwr_cfg)
    smtc_shield_lr1120mb1dis_get_pinout      0x08006509   Thumb Code     8  smtc_shield_lr1120mb1dis.o(i.smtc_shield_lr1120mb1dis_get_pinout)
    smtc_shield_lr1120mb1dis_get_reg_mode    0x08006511   Thumb Code     8  smtc_shield_lr1120mb1dis.o(i.smtc_shield_lr1120mb1dis_get_reg_mode)
    smtc_shield_lr1120mb1dis_get_rf_switch_cfg 0x08006519   Thumb Code     8  smtc_shield_lr1120mb1dis.o(i.smtc_shield_lr1120mb1dis_get_rf_switch_cfg)
    smtc_shield_lr1120mb1dis_get_rssi_calibration_table 0x08006521   Thumb Code    12  smtc_shield_lr1120mb1dis.o(i.smtc_shield_lr1120mb1dis_get_rssi_calibration_table)
    smtc_shield_lr1120mb1dis_get_xosc_cfg    0x0800652d   Thumb Code     8  smtc_shield_lr1120mb1dis.o(i.smtc_shield_lr1120mb1dis_get_xosc_cfg)
    smtc_shield_lr1120mb1dxs_common_get_pa_pwr_cfg 0x08006535   Thumb Code   102  smtc_shield_lr1120mb1dxs_common.o(i.smtc_shield_lr1120mb1dxs_common_get_pa_pwr_cfg)
    smtc_shield_lr11x0_common_get_xosc_cfg   0x080065bd   Thumb Code     4  smtc_shield_lr11x0_common.o(i.smtc_shield_lr11x0_common_get_xosc_cfg)
    smtc_shield_lr11x0_common_rttof_recommended_rx_tx_delay_indicator 0x080065c5   Thumb Code   162  smtc_shield_lr11x0_common.o(i.smtc_shield_lr11x0_common_rttof_recommended_rx_tx_delay_indicator)
    smtc_shield_lr11xx_common_get_lfclk_cfg  0x0800667d   Thumb Code     4  smtc_shield_lr11xx_common.o(i.smtc_shield_lr11xx_common_get_lfclk_cfg)
    smtc_shield_lr11xx_common_get_pinout     0x08006685   Thumb Code     4  smtc_shield_lr11xx_common.o(i.smtc_shield_lr11xx_common_get_pinout)
    smtc_shield_lr11xx_common_get_reg_mode   0x0800668d   Thumb Code     4  smtc_shield_lr11xx_common.o(i.smtc_shield_lr11xx_common_get_reg_mode)
    smtc_shield_lr11xx_common_get_rf_switch_cfg 0x08006691   Thumb Code     4  smtc_shield_lr11xx_common.o(i.smtc_shield_lr11xx_common_get_rf_switch_cfg)
    smtc_shield_lr11xx_get_rssi_calibration_table 0x080066b9   Thumb Code    32  smtc_shield_lr11xx_common.o(i.smtc_shield_lr11xx_get_rssi_calibration_table)
    smtc_shield_pinout_mapping_get_gpio_cfg  0x080066ed   Thumb Code    10  smtc_shield_pinout_mapping.o(i.smtc_shield_pinout_mapping_get_gpio_cfg)
    uart_init                                0x080066fd   Thumb Code   132  uart_init.o(i.uart_init)
    vprint                                   0x08006a15   Thumb Code    44  uart_init.o(i.vprint)
    arduino_mapping                          0x08006b1c   Data         176  smtc_shield_pinout_mapping.o(.constdata)
    AHBPrescTable                            0x08006c1c   Data          16  system_stm32l4xx.o(.constdata)
    APBPrescTable                            0x08006c2c   Data           8  system_stm32l4xx.o(.constdata)
    MSIRangeTable                            0x08006c34   Data          48  system_stm32l4xx.o(.constdata)
    smtc_shield_lr11xx_common_rf_switch_cfg  0x08006db0   Data           8  smtc_shield_lr11xx_common.o(.constdata)
    smtc_shield_lr11xx_common_lfclk_cfg      0x08006db8   Data           2  smtc_shield_lr11xx_common.o(.constdata)
    smtc_shield_lr11xx_common_pinout         0x08006dba   Data           8  smtc_shield_lr11xx_common.o(.constdata)
    smtc_shield_lr11x0_common_xosc_cfg       0x08006ee4   Data           8  smtc_shield_lr11x0_common.o(.constdata)
    smtc_shield_lr1120mb1dxs_common_pa_pwr_cfg_table 0x08006eec   Data         200  smtc_shield_lr1120mb1dxs_common.o(.constdata)
    smtc_shield_lr1120mb1dxs_common_pa_pwr_hf_cfg_table 0x08006fb4   Data         160  smtc_shield_lr1120mb1dxs_common.o(.constdata)
    Region$$Table$$Base                      0x08007180   Number         0  anon$$obj.o(Region$$Table)
    Region$$Table$$Limit                     0x080071a0   Number         0  anon$$obj.o(Region$$Table)
    shield                                   0x20000000   Data          32  apps_common.o(.data)
    rx_index                                 0x20000034   Data           2  uart_init.o(.data)
    at_command_received                      0x20000036   Data           1  uart_init.o(.data)
    rx_length                                0x20000038   Data           2  uart_init.o(.data)
    mode                                     0x20000050   Data           4  main_per.o(.data)
    SystemCoreClock                          0x20000078   Data           4  system_stm32l4xx.o(.data)
    __microlib_freelist                      0x2000007c   Data           4  mvars.o(.data)
    __microlib_freelist_initialised          0x20000080   Data           4  mvars.o(.data)
    rx_buffer                                0x200000fc   Data         256  uart_init.o(.bss)
    __heap_base                              0x20000558   Data           0  startup_stm32l476xx.o(HEAP)
    __heap_limit                             0x20000758   Data           0  startup_stm32l476xx.o(HEAP)
    __initial_sp                             0x20000b58   Data           0  startup_stm32l476xx.o(STACK)



==============================================================================

Memory Map of the image

  Image Entry point : 0x08000189

  Load Region LR_IROM1 (Base: 0x08000000, Size: 0x00007224, Max: 0x00100000, ABSOLUTE)

    Execution Region ER_IROM1 (Exec base: 0x08000000, Load base: 0x08000000, Size: 0x000071a0, Max: 0x00100000, ABSOLUTE)

    Exec Addr    Load Addr    Size         Type   Attr      Idx    E Section Name        Object

    0x08000000   0x08000000   0x00000188   Data   RO            3    RESET               startup_stm32l476xx.o
    0x08000188   0x08000188   0x00000000   Code   RO         4666  * .ARM.Collect$$$$00000000  mc_w.l(entry.o)
    0x08000188   0x08000188   0x00000004   Code   RO         4751    .ARM.Collect$$$$00000001  mc_w.l(entry2.o)
    0x0800018c   0x0800018c   0x00000004   Code   RO         4754    .ARM.Collect$$$$00000004  mc_w.l(entry5.o)
    0x08000190   0x08000190   0x00000000   Code   RO         4756    .ARM.Collect$$$$00000008  mc_w.l(entry7b.o)
    0x08000190   0x08000190   0x00000000   Code   RO         4758    .ARM.Collect$$$$0000000A  mc_w.l(entry8b.o)
    0x08000190   0x08000190   0x00000008   Code   RO         4759    .ARM.Collect$$$$0000000B  mc_w.l(entry9a.o)
    0x08000198   0x08000198   0x00000000   Code   RO         4761    .ARM.Collect$$$$0000000D  mc_w.l(entry10a.o)
    0x08000198   0x08000198   0x00000000   Code   RO         4763    .ARM.Collect$$$$0000000F  mc_w.l(entry11a.o)
    0x08000198   0x08000198   0x00000004   Code   RO         4752    .ARM.Collect$$$$00002712  mc_w.l(entry2.o)
    0x0800019c   0x0800019c   0x00000024   Code   RO            4    .text               startup_stm32l476xx.o
    0x080001c0   0x080001c0   0x00000024   Code   RO         4669    .text               mc_w.l(memcpya.o)
    0x080001e4   0x080001e4   0x00000024   Code   RO         4671    .text               mc_w.l(memseta.o)
    0x08000208   0x08000208   0x00000024   Code   RO         4673    .text               mc_w.l(strstr.o)
    0x0800022c   0x0800022c   0x00000018   Code   RO         4675    .text               mc_w.l(strncpy.o)
    0x08000244   0x08000244   0x0000000e   Code   RO         4677    .text               mc_w.l(strlen.o)
    0x08000252   0x08000252   0x0000001a   Code   RO         4679    .text               mc_w.l(memcmp.o)
    0x0800026c   0x0800026c   0x0000015e   Code   RO         4739    .text               mf_w.l(dadd.o)
    0x080003ca   0x080003ca   0x000000ea   Code   RO         4741    .text               mf_w.l(dmul.o)
    0x080004b4   0x080004b4   0x000000de   Code   RO         4743    .text               mf_w.l(ddiv.o)
    0x08000592   0x08000592   0x0000002c   Code   RO         4768    .text               mc_w.l(uidiv.o)
    0x080005be   0x080005be   0x00000068   Code   RO         4770    .text               mc_w.l(uldiv.o)
    0x08000626   0x08000626   0x0000001e   Code   RO         4772    .text               mc_w.l(llshl.o)
    0x08000644   0x08000644   0x00000024   Code   RO         4774    .text               mc_w.l(llsshr.o)
    0x08000668   0x08000668   0x00000000   Code   RO         4778    .text               mc_w.l(iusefp.o)
    0x08000668   0x08000668   0x000000ba   Code   RO         4781    .text               mf_w.l(depilogue.o)
    0x08000722   0x08000722   0x00000030   Code   RO         4783    .text               mf_w.l(dfixul.o)
    0x08000752   0x08000752   0x00000002   PAD
    0x08000754   0x08000754   0x00000030   Code   RO         4785    .text               mf_w.l(cdrcmple.o)
    0x08000784   0x08000784   0x00000024   Code   RO         4787    .text               mc_w.l(init.o)
    0x080007a8   0x080007a8   0x00000020   Code   RO         4790    .text               mc_w.l(llushr.o)
    0x080007c8   0x080007c8   0x00000180   Code   RO          630    i.ATC_IdleLine      uart_init.o
    0x08000948   0x08000948   0x00000158   Code   RO          848    i.ATC_Init          atc.o
    0x08000aa0   0x08000aa0   0x00000120   Code   RO          849    i.ATC_Loop          atc.o
    0x08000bc0   0x08000bc0   0x00000088   Code   RO          850    i.ATC_SetEvents     atc.o
    0x08000c48   0x08000c48   0x00000018   Code   RO         3425    i.EXTI0_IRQHandler  smtc_hal_mcu_gpio_stm32l4.o
    0x08000c60   0x08000c60   0x000000a0   Code   RO         3426    i.EXTI15_10_IRQHandler  smtc_hal_mcu_gpio_stm32l4.o
    0x08000d00   0x08000d00   0x00000018   Code   RO         3427    i.EXTI1_IRQHandler  smtc_hal_mcu_gpio_stm32l4.o
    0x08000d18   0x08000d18   0x00000018   Code   RO         3428    i.EXTI2_IRQHandler  smtc_hal_mcu_gpio_stm32l4.o
    0x08000d30   0x08000d30   0x00000018   Code   RO         3429    i.EXTI3_IRQHandler  smtc_hal_mcu_gpio_stm32l4.o
    0x08000d48   0x08000d48   0x00000018   Code   RO         3430    i.EXTI4_IRQHandler  smtc_hal_mcu_gpio_stm32l4.o
    0x08000d60   0x08000d60   0x00000074   Code   RO         3431    i.EXTI9_5_IRQHandler  smtc_hal_mcu_gpio_stm32l4.o
    0x08000dd4   0x08000dd4   0x0000001c   Code   RO         3433    i.LL_AHB2_GRP1_EnableClock  smtc_hal_mcu_gpio_stm32l4.o
    0x08000df0   0x08000df0   0x0000001c   Code   RO         3692    i.LL_AHB2_GRP1_EnableClock  smtc_hal_mcu_uart_stm32l4.o
    0x08000e0c   0x08000e0c   0x0000001c   Code   RO         3921    i.LL_AHB2_GRP1_EnableClock  smtc_hal_mcu_spi_stm32l4.o
    0x08000e28   0x08000e28   0x0000000c   Code   RO         3435    i.LL_EXTI_ClearFlag_0_31  smtc_hal_mcu_gpio_stm32l4.o
    0x08000e34   0x08000e34   0x00000010   Code   RO         1621    i.LL_EXTI_DisableEvent_0_31  stm32l4xx_ll_exti.o
    0x08000e44   0x08000e44   0x00000010   Code   RO         1622    i.LL_EXTI_DisableEvent_32_63  stm32l4xx_ll_exti.o
    0x08000e54   0x08000e54   0x00000010   Code   RO         1623    i.LL_EXTI_DisableIT_0_31  stm32l4xx_ll_exti.o
    0x08000e64   0x08000e64   0x00000010   Code   RO         1624    i.LL_EXTI_DisableIT_32_63  stm32l4xx_ll_exti.o
    0x08000e74   0x08000e74   0x00000010   Code   RO         1625    i.LL_EXTI_EnableEvent_0_31  stm32l4xx_ll_exti.o
    0x08000e84   0x08000e84   0x00000010   Code   RO         1626    i.LL_EXTI_EnableEvent_32_63  stm32l4xx_ll_exti.o
    0x08000e94   0x08000e94   0x00000010   Code   RO         1627    i.LL_EXTI_EnableFallingTrig_0_31  stm32l4xx_ll_exti.o
    0x08000ea4   0x08000ea4   0x00000010   Code   RO         1628    i.LL_EXTI_EnableFallingTrig_32_63  stm32l4xx_ll_exti.o
    0x08000eb4   0x08000eb4   0x00000010   Code   RO         1629    i.LL_EXTI_EnableIT_0_31  stm32l4xx_ll_exti.o
    0x08000ec4   0x08000ec4   0x00000010   Code   RO         1630    i.LL_EXTI_EnableIT_32_63  stm32l4xx_ll_exti.o
    0x08000ed4   0x08000ed4   0x00000010   Code   RO         1631    i.LL_EXTI_EnableRisingTrig_0_31  stm32l4xx_ll_exti.o
    0x08000ee4   0x08000ee4   0x00000010   Code   RO         1632    i.LL_EXTI_EnableRisingTrig_32_63  stm32l4xx_ll_exti.o
    0x08000ef4   0x08000ef4   0x00000170   Code   RO         1633    i.LL_EXTI_Init      stm32l4xx_ll_exti.o
    0x08001064   0x08001064   0x00000018   Code   RO         3436    i.LL_EXTI_IsActiveFlag_0_31  smtc_hal_mcu_gpio_stm32l4.o
    0x0800107c   0x0800107c   0x0000012e   Code   RO         1541    i.LL_GPIO_Init      stm32l4xx_ll_gpio.o
    0x080011aa   0x080011aa   0x0000001c   Code   RO         1719    i.LL_Init1msTick    stm32l4xx_ll_utils.o
    0x080011c6   0x080011c6   0x00000002   PAD
    0x080011c8   0x080011c8   0x000000cc   Code   RO         1262    i.LL_RCC_GetUARTClockFreq  stm32l4xx_ll_rcc.o
    0x08001294   0x08001294   0x00000014   Code   RO         1263    i.LL_RCC_GetUARTClockSource  stm32l4xx_ll_rcc.o
    0x080012a8   0x080012a8   0x0000011c   Code   RO         1264    i.LL_RCC_GetUSARTClockFreq  stm32l4xx_ll_rcc.o
    0x080013c4   0x080013c4   0x00000014   Code   RO         1265    i.LL_RCC_GetUSARTClockSource  stm32l4xx_ll_rcc.o
    0x080013d8   0x080013d8   0x00000010   Code   RO         1267    i.LL_RCC_HSI_IsReady  stm32l4xx_ll_rcc.o
    0x080013e8   0x080013e8   0x00000010   Code   RO         1268    i.LL_RCC_LSE_IsReady  stm32l4xx_ll_rcc.o
    0x080013f8   0x080013f8   0x00000010   Code   RO         1270    i.LL_RCC_MSI_GetRange  stm32l4xx_ll_rcc.o
    0x08001408   0x08001408   0x00000010   Code   RO         1271    i.LL_RCC_MSI_GetRangeAfterStandby  stm32l4xx_ll_rcc.o
    0x08001418   0x08001418   0x00000010   Code   RO         1272    i.LL_RCC_MSI_IsEnabledRangeSelect  stm32l4xx_ll_rcc.o
    0x08001428   0x08001428   0x00000010   Code   RO         1281    i.LL_RCC_PLL_GetDivider  stm32l4xx_ll_rcc.o
    0x08001438   0x08001438   0x00000010   Code   RO         1282    i.LL_RCC_PLL_GetMainSource  stm32l4xx_ll_rcc.o
    0x08001448   0x08001448   0x00000010   Code   RO         1283    i.LL_RCC_PLL_GetN   stm32l4xx_ll_rcc.o
    0x08001458   0x08001458   0x0000007e   Code   RO          890    i.LL_SPI_Init       stm32l4xx_ll_spi.o
    0x080014d6   0x080014d6   0x00000002   PAD
    0x080014d8   0x080014d8   0x0000000c   Code   RO         1730    i.LL_SetSystemCoreClock  stm32l4xx_ll_utils.o
    0x080014e4   0x080014e4   0x00000108   Code   RO         1184    i.LL_USART_Init     stm32l4xx_ll_usart.o
    0x080015ec   0x080015ec   0x0000000a   Code   RO         3693    i.LL_USART_IsActiveFlag_RXNE  smtc_hal_mcu_uart_stm32l4.o
    0x080015f6   0x080015f6   0x0000000a   Code   RO         1185    i.LL_USART_IsEnabled  stm32l4xx_ll_usart.o
    0x08001600   0x08001600   0x0000000a   Code   RO         3694    i.LL_USART_IsEnabled  smtc_hal_mcu_uart_stm32l4.o
    0x0800160a   0x0800160a   0x0000002c   Code   RO         1731    i.LL_mDelay         stm32l4xx_ll_utils.o
    0x08001636   0x08001636   0x00000002   PAD
    0x08001638   0x08001638   0x00000058   Code   RO         3789    i.LPTIM1_IRQHandler  smtc_hal_mcu_timer_stm32l4.o
    0x08001690   0x08001690   0x00000020   Code   RO         1287    i.RCC_GetHCLKClockFreq  stm32l4xx_ll_rcc.o
    0x080016b0   0x080016b0   0x00000024   Code   RO         1288    i.RCC_GetPCLK1ClockFreq  stm32l4xx_ll_rcc.o
    0x080016d4   0x080016d4   0x00000024   Code   RO         1289    i.RCC_GetPCLK2ClockFreq  stm32l4xx_ll_rcc.o
    0x080016f8   0x080016f8   0x000000bc   Code   RO         1290    i.RCC_GetSystemClockFreq  stm32l4xx_ll_rcc.o
    0x080017b4   0x080017b4   0x000000d4   Code   RO         1298    i.RCC_PLL_GetFreqDomain_SYS  stm32l4xx_ll_rcc.o
    0x08001888   0x08001888   0x00000014   Code   RO         1837    i.SystemInit        system_stm32l4xx.o
    0x0800189c   0x0800189c   0x0000006c   Code   RO         3696    i.USART2_IRQHandler  smtc_hal_mcu_uart_stm32l4.o
    0x08001908   0x08001908   0x00000024   Code   RO         4690    i.__0vsprintf       mc_w.l(printfa.o)
    0x0800192c   0x0800192c   0x0000000e   Code   RO         4795    i.__scatterload_copy  mc_w.l(handlers.o)
    0x0800193a   0x0800193a   0x00000002   Code   RO         4796    i.__scatterload_null  mc_w.l(handlers.o)
    0x0800193c   0x0800193c   0x0000000e   Code   RO         4797    i.__scatterload_zeroinit  mc_w.l(handlers.o)
    0x0800194a   0x0800194a   0x00000002   PAD
    0x0800194c   0x0800194c   0x0000018a   Code   RO         4691    i._fp_digits        mc_w.l(printfa.o)
    0x08001ad6   0x08001ad6   0x00000002   PAD
    0x08001ad8   0x08001ad8   0x000006e2   Code   RO         4692    i._printf_core      mc_w.l(printfa.o)
    0x080021ba   0x080021ba   0x00000024   Code   RO         4693    i._printf_post_padding  mc_w.l(printfa.o)
    0x080021de   0x080021de   0x0000002e   Code   RO         4694    i._printf_pre_padding  mc_w.l(printfa.o)
    0x0800220c   0x0800220c   0x0000000a   Code   RO         4696    i._sputc            mc_w.l(printfa.o)
    0x08002216   0x08002216   0x0000007a   Code   RO           13    i.apps_common_compute_lora_ldro  apps_common.o
    0x08002290   0x08002290   0x00000014   Code   RO           14    i.apps_common_lr11xx_fetch_and_print_version  apps_common.o
    0x080022a4   0x080022a4   0x000000b0   Code   RO           15    i.apps_common_lr11xx_fetch_version  apps_common.o
    0x08002354   0x08002354   0x000000c0   Code   RO           16    i.apps_common_lr11xx_get_context  apps_common.o
    0x08002414   0x08002414   0x00000020   Code   RO           18    i.apps_common_lr11xx_handle_post_rx  apps_common.o
    0x08002434   0x08002434   0x00000020   Code   RO           19    i.apps_common_lr11xx_handle_post_tx  apps_common.o
    0x08002454   0x08002454   0x00000020   Code   RO           22    i.apps_common_lr11xx_handle_pre_rx  apps_common.o
    0x08002474   0x08002474   0x00000020   Code   RO           23    i.apps_common_lr11xx_handle_pre_tx  apps_common.o
    0x08002494   0x08002494   0x00000598   Code   RO           25    i.apps_common_lr11xx_irq_process  apps_common.o
    0x08002a2c   0x08002a2c   0x00000208   Code   RO           26    i.apps_common_lr11xx_print_version  apps_common.o
    0x08002c34   0x08002c34   0x0000033c   Code   RO           28    i.apps_common_lr11xx_radio_init  apps_common.o
    0x08002f70   0x08002f70   0x000001d8   Code   RO           30    i.apps_common_lr11xx_receive  apps_common.o
    0x08003148   0x08003148   0x00000322   Code   RO           31    i.apps_common_lr11xx_system_init  apps_common.o
    0x0800346a   0x0800346a   0x00000002   PAD
    0x0800346c   0x0800346c   0x000000e8   Code   RO           33    i.apps_common_shield_init  apps_common.o
    0x08003554   0x08003554   0x00000090   Code   RO          631    i.atc_per_event_callback  uart_init.o
    0x080035e4   0x080035e4   0x00000050   Code   RO         4711    i.free              mc_w.l(malloc.o)
    0x08003634   0x08003634   0x00000034   Code   RO           34    i.get_time_on_air_in_ms  apps_common.o
    0x08003668   0x08003668   0x0000001a   Code   RO          553    i.hal_mcu_trace_print  smtc_hal_dbg_trace.o
    0x08003682   0x08003682   0x00000034   Code   RO         3988    i.lr11xx_hal_direct_read  lr11xx_hal.o
    0x080036b6   0x080036b6   0x00000074   Code   RO         3989    i.lr11xx_hal_read   lr11xx_hal.o
    0x0800372a   0x0800372a   0x00000020   Code   RO         3990    i.lr11xx_hal_reset  lr11xx_hal.o
    0x0800374a   0x0800374a   0x0000001a   Code   RO         3991    i.lr11xx_hal_wait_on_busy  lr11xx_hal.o
    0x08003764   0x08003764   0x00000046   Code   RO         3993    i.lr11xx_hal_write  lr11xx_hal.o
    0x080037aa   0x080037aa   0x00000002   PAD
    0x080037ac   0x080037ac   0x00000018   Code   RO         2476    i.lr11xx_radio_apply_high_acp_workaround  lr11xx_radio.o
    0x080037c4   0x080037c4   0x00000028   Code   RO         2480    i.lr11xx_radio_cfg_rx_boosted  lr11xx_radio.o
    0x080037ec   0x080037ec   0x0000000e   Code   RO         2482    i.lr11xx_radio_convert_time_in_ms_to_rtc_step  lr11xx_radio.o
    0x080037fa   0x080037fa   0x00000002   PAD
    0x080037fc   0x080037fc   0x00000088   Code   RO         4373    i.lr11xx_radio_fallback_modes_to_str  lr11xx_radio_types_str.o
    0x08003884   0x08003884   0x00000020   Code   RO         2486    i.lr11xx_radio_get_gfsk_time_on_air_in_ms  lr11xx_radio.o
    0x080038a4   0x080038a4   0x0000006a   Code   RO         2487    i.lr11xx_radio_get_gfsk_time_on_air_numerator  lr11xx_radio.o
    0x0800390e   0x0800390e   0x00000002   PAD
    0x08003910   0x08003910   0x00000074   Code   RO         2488    i.lr11xx_radio_get_lora_bw_in_hz  lr11xx_radio.o
    0x08003984   0x08003984   0x00000050   Code   RO         2489    i.lr11xx_radio_get_lora_pkt_status  lr11xx_radio.o
    0x080039d4   0x080039d4   0x00000028   Code   RO         2492    i.lr11xx_radio_get_lora_time_on_air_in_ms  lr11xx_radio.o
    0x080039fc   0x080039fc   0x000001ba   Code   RO         2493    i.lr11xx_radio_get_lora_time_on_air_numerator  lr11xx_radio.o
    0x08003bb6   0x08003bb6   0x00000002   PAD
    0x08003bb8   0x08003bb8   0x00000038   Code   RO         2496    i.lr11xx_radio_get_rx_buffer_status  lr11xx_radio.o
    0x08003bf0   0x08003bf0   0x00000190   Code   RO         4382    i.lr11xx_radio_lora_bw_to_str  lr11xx_radio_types_str.o
    0x08003d80   0x08003d80   0x0000011c   Code   RO         4383    i.lr11xx_radio_lora_cr_to_str  lr11xx_radio_types_str.o
    0x08003e9c   0x08003e9c   0x00000058   Code   RO         4384    i.lr11xx_radio_lora_crc_to_str  lr11xx_radio_types_str.o
    0x08003ef4   0x08003ef4   0x00000060   Code   RO         4385    i.lr11xx_radio_lora_iq_to_str  lr11xx_radio_types_str.o
    0x08003f54   0x08003f54   0x00000060   Code   RO         4387    i.lr11xx_radio_lora_pkt_len_modes_to_str  lr11xx_radio_types_str.o
    0x08003fb4   0x08003fb4   0x00000100   Code   RO         4388    i.lr11xx_radio_lora_sf_to_str  lr11xx_radio_types_str.o
    0x080040b4   0x080040b4   0x000000dc   Code   RO         4393    i.lr11xx_radio_pkt_type_to_str  lr11xx_radio_types_str.o
    0x08004190   0x08004190   0x00000018   Code   RO         2507    i.lr11xx_radio_set_lna_mode  lr11xx_radio.o
    0x080041a8   0x080041a8   0x00000040   Code   RO         2508    i.lr11xx_radio_set_lora_mod_params  lr11xx_radio.o
    0x080041e8   0x080041e8   0x00000050   Code   RO         2509    i.lr11xx_radio_set_lora_pkt_params  lr11xx_radio.o
    0x08004238   0x08004238   0x00000028   Code   RO         2513    i.lr11xx_radio_set_lora_sync_word  lr11xx_radio.o
    0x08004260   0x08004260   0x00000040   Code   RO         2516    i.lr11xx_radio_set_pa_cfg  lr11xx_radio.o
    0x080042a0   0x080042a0   0x00000028   Code   RO         2518    i.lr11xx_radio_set_pkt_type  lr11xx_radio.o
    0x080042c8   0x080042c8   0x00000040   Code   RO         2519    i.lr11xx_radio_set_rf_freq  lr11xx_radio.o
    0x08004308   0x08004308   0x000000d0   Code   RO         2520    i.lr11xx_radio_set_rssi_calibration  lr11xx_radio.o
    0x080043d8   0x080043d8   0x00000018   Code   RO         2521    i.lr11xx_radio_set_rx  lr11xx_radio.o
    0x080043f0   0x080043f0   0x00000028   Code   RO         2525    i.lr11xx_radio_set_rx_tx_fallback_mode  lr11xx_radio.o
    0x08004418   0x08004418   0x00000012   Code   RO         2526    i.lr11xx_radio_set_rx_with_timeout_in_rtc_step  lr11xx_radio.o
    0x0800442a   0x0800442a   0x00000002   PAD
    0x0800442c   0x0800442c   0x00000070   Code   RO         2527    i.lr11xx_radio_set_rx_with_timeout_in_rtc_step_and_lna_mode  lr11xx_radio.o
    0x0800449c   0x0800449c   0x00000018   Code   RO         2528    i.lr11xx_radio_set_tx  lr11xx_radio.o
    0x080044b4   0x080044b4   0x00000030   Code   RO         2531    i.lr11xx_radio_set_tx_params  lr11xx_radio.o
    0x080044e4   0x080044e4   0x00000058   Code   RO         2532    i.lr11xx_radio_set_tx_with_timeout_in_rtc_step  lr11xx_radio.o
    0x0800453c   0x0800453c   0x00000016   Code   RO         2917    i.lr11xx_regmem_fill_cbuffer_opcode_address  lr11xx_regmem.o
    0x08004552   0x08004552   0x00000002   PAD
    0x08004554   0x08004554   0x00000030   Code   RO         2921    i.lr11xx_regmem_read_buffer8  lr11xx_regmem.o
    0x08004584   0x08004584   0x00000024   Code   RO         2924    i.lr11xx_regmem_write_buffer8  lr11xx_regmem.o
    0x080045a8   0x080045a8   0x0000005c   Code   RO         2927    i.lr11xx_regmem_write_regmem32_mask  lr11xx_regmem.o
    0x08004604   0x08004604   0x00000028   Code   RO         2995    i.lr11xx_system_calibrate  lr11xx_system.o
    0x0800462c   0x0800462c   0x0000002c   Code   RO         2998    i.lr11xx_system_cfg_lfclk  lr11xx_system.o
    0x08004658   0x08004658   0x00000020   Code   RO         2999    i.lr11xx_system_clear_errors  lr11xx_system.o
    0x08004678   0x08004678   0x00000040   Code   RO         3000    i.lr11xx_system_clear_irq_status  lr11xx_system.o
    0x080046b8   0x080046b8   0x0000000e   Code   RO         3002    i.lr11xx_system_convert_stat1_byte_to_enum  lr11xx_system.o
    0x080046c6   0x080046c6   0x00000014   Code   RO         3003    i.lr11xx_system_convert_stat2_byte_to_enum  lr11xx_system.o
    0x080046da   0x080046da   0x00000036   Code   RO         3007    i.lr11xx_system_get_and_clear_irq_status  lr11xx_system.o
    0x08004710   0x08004710   0x0000003c   Code   RO         3008    i.lr11xx_system_get_errors  lr11xx_system.o
    0x0800474c   0x0800474c   0x0000005a   Code   RO         3010    i.lr11xx_system_get_status  lr11xx_system.o
    0x080047a6   0x080047a6   0x00000002   PAD
    0x080047a8   0x080047a8   0x00000048   Code   RO         3013    i.lr11xx_system_get_version  lr11xx_system.o
    0x080047f0   0x080047f0   0x0000000c   Code   RO         3020    i.lr11xx_system_reset  lr11xx_system.o
    0x080047fc   0x080047fc   0x00000060   Code   RO         3021    i.lr11xx_system_set_dio_as_rf_switch  lr11xx_system.o
    0x0800485c   0x0800485c   0x00000060   Code   RO         3022    i.lr11xx_system_set_dio_irq_params  lr11xx_system.o
    0x080048bc   0x080048bc   0x00000028   Code   RO         3024    i.lr11xx_system_set_reg_mode  lr11xx_system.o
    0x080048e4   0x080048e4   0x00000040   Code   RO         3027    i.lr11xx_system_set_tcxo_mode  lr11xx_system.o
    0x08004924   0x08004924   0x0000028c   Code   RO          709    i.main              main_per.o
    0x08004bb0   0x08004bb0   0x00000040   Code   RO          632    i.main_loop         uart_init.o
    0x08004bf0   0x08004bf0   0x0000006c   Code   RO         4712    i.malloc            mc_w.l(malloc.o)
    0x08004c5c   0x08004c5c   0x00000050   Code   RO           35    i.on_cad_done_detected  apps_common.o
    0x08004cac   0x08004cac   0x00000050   Code   RO           36    i.on_cad_done_undetected  apps_common.o
    0x08004cfc   0x08004cfc   0x00000010   Code   RO          710    i.on_fsk_len_error  main_per.o
    0x08004d0c   0x08004d0c   0x00000050   Code   RO           38    i.on_gnss_scan_done  apps_common.o
    0x08004d5c   0x08004d5c   0x00000050   Code   RO           39    i.on_header_error   apps_common.o
    0x08004dac   0x08004dac   0x00000050   Code   RO           40    i.on_lora_rx_timestamp  apps_common.o
    0x08004dfc   0x08004dfc   0x00000050   Code   RO           41    i.on_preamble_detected  apps_common.o
    0x08004e4c   0x08004e4c   0x00000050   Code   RO           42    i.on_rttof_exchange_valid  apps_common.o
    0x08004e9c   0x08004e9c   0x00000050   Code   RO           43    i.on_rttof_request_discarded  apps_common.o
    0x08004eec   0x08004eec   0x00000050   Code   RO           44    i.on_rttof_request_valid  apps_common.o
    0x08004f3c   0x08004f3c   0x00000050   Code   RO           45    i.on_rttof_response_done  apps_common.o
    0x08004f8c   0x08004f8c   0x00000050   Code   RO           46    i.on_rttof_timeout  apps_common.o
    0x08004fdc   0x08004fdc   0x00000010   Code   RO          711    i.on_rx_crc_error   main_per.o
    0x08004fec   0x08004fec   0x000001d0   Code   RO          712    i.on_rx_done        main_per.o
    0x080051bc   0x080051bc   0x00000010   Code   RO          713    i.on_rx_timeout     main_per.o
    0x080051cc   0x080051cc   0x00000050   Code   RO           50    i.on_syncword_header_valid  apps_common.o
    0x0800521c   0x0800521c   0x0000013c   Code   RO          714    i.on_tx_done        main_per.o
    0x08005358   0x08005358   0x00000050   Code   RO           52    i.on_wifi_scan_done  apps_common.o
    0x080053a8   0x080053a8   0x000000c4   Code   RO          715    i.per_reception_failure_handling  main_per.o
    0x0800546c   0x0800546c   0x00000180   Code   RO           53    i.print_common_configuration  apps_common.o
    0x080055ec   0x080055ec   0x000002e8   Code   RO           56    i.print_lora_configuration  apps_common.o
    0x080058d4   0x080058d4   0x0000000c   Code   RO           57    i.radio_on_dio_irq  apps_common.o
    0x080058e0   0x080058e0   0x000000ac   Code   RO         3439    i.smtc_hal_mcu_gpio_enable_irq  smtc_hal_mcu_gpio_stm32l4.o
    0x0800598c   0x0800598c   0x0000008a   Code   RO         3440    i.smtc_hal_mcu_gpio_get_state  smtc_hal_mcu_gpio_stm32l4.o
    0x08005a16   0x08005a16   0x00000002   PAD
    0x08005a18   0x08005a18   0x000000d4   Code   RO         3441    i.smtc_hal_mcu_gpio_init_input  smtc_hal_mcu_gpio_stm32l4.o
    0x08005aec   0x08005aec   0x00000084   Code   RO         3442    i.smtc_hal_mcu_gpio_init_output  smtc_hal_mcu_gpio_stm32l4.o
    0x08005b70   0x08005b70   0x00000036   Code   RO         3443    i.smtc_hal_mcu_gpio_set_state  smtc_hal_mcu_gpio_stm32l4.o
    0x08005ba6   0x08005ba6   0x00000002   PAD
    0x08005ba8   0x08005ba8   0x0000005c   Code   RO         3444    i.smtc_hal_mcu_gpio_stm32l4_call_exti_callback  smtc_hal_mcu_gpio_stm32l4.o
    0x08005c04   0x08005c04   0x00000098   Code   RO         3446    i.smtc_hal_mcu_gpio_stm32l4_enable_clock  smtc_hal_mcu_gpio_stm32l4.o
    0x08005c9c   0x08005c9c   0x00000214   Code   RO         3447    i.smtc_hal_mcu_gpio_stm32l4_get_exti_cfg  smtc_hal_mcu_gpio_stm32l4.o
    0x08005eb0   0x08005eb0   0x0000002c   Code   RO         3448    i.smtc_hal_mcu_gpio_stm32l4_get_free_slot  smtc_hal_mcu_gpio_stm32l4.o
    0x08005edc   0x08005edc   0x00000034   Code   RO         3449    i.smtc_hal_mcu_gpio_stm32l4_get_trigger  smtc_hal_mcu_gpio_stm32l4.o
    0x08005f10   0x08005f10   0x0000004c   Code   RO         3451    i.smtc_hal_mcu_gpio_stm32l4_is_configured  smtc_hal_mcu_gpio_stm32l4.o
    0x08005f5c   0x08005f5c   0x00000028   Code   RO         3452    i.smtc_hal_mcu_gpio_stm32l4_is_real_inst  smtc_hal_mcu_gpio_stm32l4.o
    0x08005f84   0x08005f84   0x000001d0   Code   RO         3888    i.smtc_hal_mcu_init  smtc_hal_mcu_stm32l4.o
    0x08006154   0x08006154   0x00000118   Code   RO         3923    i.smtc_hal_mcu_spi_init  smtc_hal_mcu_spi_stm32l4.o
    0x0800626c   0x0800626c   0x0000008a   Code   RO         3924    i.smtc_hal_mcu_spi_rw_buffer  smtc_hal_mcu_spi_stm32l4.o
    0x080062f6   0x080062f6   0x00000002   PAD
    0x080062f8   0x080062f8   0x00000024   Code   RO         3925    i.smtc_hal_mcu_spi_stm32l4_get_free_slot  smtc_hal_mcu_spi_stm32l4.o
    0x0800631c   0x0800631c   0x00000024   Code   RO         3926    i.smtc_hal_mcu_spi_stm32l4_is_real_inst  smtc_hal_mcu_spi_stm32l4.o
    0x08006340   0x08006340   0x00000144   Code   RO         3698    i.smtc_hal_mcu_uart_init  smtc_hal_mcu_uart_stm32l4.o
    0x08006484   0x08006484   0x00000044   Code   RO         3700    i.smtc_hal_mcu_uart_send  smtc_hal_mcu_uart_stm32l4.o
    0x080064c8   0x080064c8   0x00000028   Code   RO         3701    i.smtc_hal_mcu_uart_stm32l4_get_free_slot  smtc_hal_mcu_uart_stm32l4.o
    0x080064f0   0x080064f0   0x00000008   Code   RO         4134    i.smtc_shield_lr1120mb1dis_get_lfclk_cfg  smtc_shield_lr1120mb1dis.o
    0x080064f8   0x080064f8   0x00000010   Code   RO         4135    i.smtc_shield_lr1120mb1dis_get_pa_pwr_cfg  smtc_shield_lr1120mb1dis.o
    0x08006508   0x08006508   0x00000008   Code   RO         4136    i.smtc_shield_lr1120mb1dis_get_pinout  smtc_shield_lr1120mb1dis.o
    0x08006510   0x08006510   0x00000008   Code   RO         4137    i.smtc_shield_lr1120mb1dis_get_reg_mode  smtc_shield_lr1120mb1dis.o
    0x08006518   0x08006518   0x00000008   Code   RO         4138    i.smtc_shield_lr1120mb1dis_get_rf_switch_cfg  smtc_shield_lr1120mb1dis.o
    0x08006520   0x08006520   0x0000000c   Code   RO         4139    i.smtc_shield_lr1120mb1dis_get_rssi_calibration_table  smtc_shield_lr1120mb1dis.o
    0x0800652c   0x0800652c   0x00000008   Code   RO         4140    i.smtc_shield_lr1120mb1dis_get_xosc_cfg  smtc_shield_lr1120mb1dis.o
    0x08006534   0x08006534   0x00000088   Code   RO         4119    i.smtc_shield_lr1120mb1dxs_common_get_pa_pwr_cfg  smtc_shield_lr1120mb1dxs_common.o
    0x080065bc   0x080065bc   0x00000008   Code   RO         4092    i.smtc_shield_lr11x0_common_get_xosc_cfg  smtc_shield_lr11x0_common.o
    0x080065c4   0x080065c4   0x000000b8   Code   RO         4094    i.smtc_shield_lr11x0_common_rttof_recommended_rx_tx_delay_indicator  smtc_shield_lr11x0_common.o
    0x0800667c   0x0800667c   0x00000008   Code   RO         4050    i.smtc_shield_lr11xx_common_get_lfclk_cfg  smtc_shield_lr11xx_common.o
    0x08006684   0x08006684   0x00000008   Code   RO         4051    i.smtc_shield_lr11xx_common_get_pinout  smtc_shield_lr11xx_common.o
    0x0800668c   0x0800668c   0x00000004   Code   RO         4052    i.smtc_shield_lr11xx_common_get_reg_mode  smtc_shield_lr11xx_common.o
    0x08006690   0x08006690   0x00000008   Code   RO         4053    i.smtc_shield_lr11xx_common_get_rf_switch_cfg  smtc_shield_lr11xx_common.o
    0x08006698   0x08006698   0x00000012   Code   RO           58    i.smtc_shield_lr11xx_get_pa_pwr_cfg  apps_common.o
    0x080066aa   0x080066aa   0x0000000e   Code   RO           59    i.smtc_shield_lr11xx_get_rssi_calibration_table  apps_common.o
    0x080066b8   0x080066b8   0x00000034   Code   RO         4054    i.smtc_shield_lr11xx_get_rssi_calibration_table  smtc_shield_lr11xx_common.o
    0x080066ec   0x080066ec   0x00000010   Code   RO          584    i.smtc_shield_pinout_mapping_get_gpio_cfg  smtc_shield_pinout_mapping.o
    0x080066fc   0x080066fc   0x0000013c   Code   RO          633    i.uart_init         uart_init.o
    0x08006838   0x08006838   0x000000f8   Code   RO          634    i.uart_init_base    uart_init.o
    0x08006930   0x08006930   0x000000e4   Code   RO          635    i.uart_rx_callback  uart_init.o
    0x08006a14   0x08006a14   0x00000030   Code   RO          636    i.vprint            uart_init.o
    0x08006a44   0x08006a44   0x000000d6   Data   RO           61    .constdata          apps_common.o
    0x08006b1a   0x08006b1a   0x00000002   PAD
    0x08006b1c   0x08006b1c   0x000000b0   Data   RO          585    .constdata          smtc_shield_pinout_mapping.o
    0x08006bcc   0x08006bcc   0x0000000c   Data   RO          638    .constdata          uart_init.o
    0x08006bd8   0x08006bd8   0x00000042   Data   RO          716    .constdata          main_per.o
    0x08006c1a   0x08006c1a   0x00000002   PAD
    0x08006c1c   0x08006c1c   0x00000048   Data   RO         1838    .constdata          system_stm32l4xx.o
    0x08006c64   0x08006c64   0x00000054   Data   RO         3454    .constdata          smtc_hal_mcu_gpio_stm32l4.o
    0x08006cb8   0x08006cb8   0x0000004c   Data   RO         3704    .constdata          smtc_hal_mcu_uart_stm32l4.o
    0x08006d04   0x08006d04   0x00000070   Data   RO         3928    .constdata          smtc_hal_mcu_spi_stm32l4.o
    0x08006d74   0x08006d74   0x0000004e   Data   RO         4055    .constdata          smtc_shield_lr11xx_common.o
    0x08006dc2   0x08006dc2   0x00000002   PAD
    0x08006dc4   0x08006dc4   0x00000128   Data   RO         4095    .constdata          smtc_shield_lr11x0_common.o
    0x08006eec   0x08006eec   0x00000168   Data   RO         4120    .constdata          smtc_shield_lr1120mb1dxs_common.o
    0x08007054   0x08007054   0x000000d4   Data   RO           62    .conststring        apps_common.o
    0x08007128   0x08007128   0x0000004b   Data   RO          639    .conststring        uart_init.o
    0x08007173   0x08007173   0x00000001   PAD
    0x08007174   0x08007174   0x00000009   Data   RO          717    .conststring        main_per.o
    0x0800717d   0x0800717d   0x00000003   PAD
    0x08007180   0x08007180   0x00000020   Data   RO         4793    Region$$Table       anon$$obj.o


    Execution Region RW_IRAM1 (Exec base: 0x20000000, Load base: 0x080071a0, Size: 0x00000b58, Max: 0x00018000, ABSOLUTE)

    Exec Addr    Load Addr    Size         Type   Attr      Idx    E Section Name        Object

    0x20000000   0x080071a0   0x00000034   Data   RW           63    .data               apps_common.o
    0x20000034   0x080071d4   0x0000001c   Data   RW          640    .data               uart_init.o
    0x20000050   0x080071f0   0x00000028   Data   RW          718    .data               main_per.o
    0x20000078   0x08007218   0x00000004   Data   RW         1839    .data               system_stm32l4xx.o
    0x2000007c   0x0800721c   0x00000004   Data   RW         4776    .data               mc_w.l(mvars.o)
    0x20000080   0x08007220   0x00000004   Data   RW         4777    .data               mc_w.l(mvars.o)
    0x20000084        -       0x00000078   Zero   RW           60    .bss                apps_common.o
    0x200000fc        -       0x00000120   Zero   RW          637    .bss                uart_init.o
    0x2000021c        -       0x00000300   Zero   RW         3453    .bss                smtc_hal_mcu_gpio_stm32l4.o
    0x2000051c        -       0x0000000c   Zero   RW         3703    .bss                smtc_hal_mcu_uart_stm32l4.o
    0x20000528        -       0x00000010   Zero   RW         3798    .bss                smtc_hal_mcu_timer_stm32l4.o
    0x20000538        -       0x00000020   Zero   RW         3927    .bss                smtc_hal_mcu_spi_stm32l4.o
    0x20000558        -       0x00000200   Zero   RW            2    HEAP                startup_stm32l476xx.o
    0x20000758        -       0x00000400   Zero   RW            1    STACK               startup_stm32l476xx.o


==============================================================================

Image component sizes


      Code (inc. data)   RO Data    RW Data    ZI Data      Debug   Object Name

      7188       2610        426         52        120     737950   apps_common.o
       768        324          0          0          0       3402   atc.o
         0          0          0          0          0        440   lr11xx_bootloader.o
         0          0          0          0          0       4728   lr11xx_gnss.o
       296          0          0          0          0       6207   lr11xx_hal.o
         0          0          0          0          0       8364   lr11xx_lr_fhss.o
      1888        164          0          0          0      25024   lr11xx_radio.o
      1576       1284          0          0          0       6092   lr11xx_radio_types_str.o
       198         10          0          0          0       4411   lr11xx_regmem.o
       798         74          0          0          0      15134   lr11xx_system.o
      1676        748         75         40          0     672373   main_per.o
        26          0          0          0          0       1874   smtc_hal_dbg_trace.o
      2156        132         84          0        768      76052   smtc_hal_mcu_gpio_stm32l4.o
       518         38        112          0         32      21133   smtc_hal_mcu_spi_stm32l4.o
       464         24          0          0          0      41904   smtc_hal_mcu_stm32l4.o
        88          8          0          0         16      11708   smtc_hal_mcu_timer_stm32l4.o
       588         38         76          0         12      63449   smtc_hal_mcu_uart_stm32l4.o
        68          0          0          0          0       5488   smtc_shield_lr1120mb1dis.o
       136         34        360          0          0       1924   smtc_shield_lr1120mb1dxs_common.o
       192         34        296          0          0       2866   smtc_shield_lr11x0_common.o
        80         32         78          0          0       4695   smtc_shield_lr11xx_common.o
        16          6        176          0          0       1640   smtc_shield_pinout_mapping.o
        36          8        392          0       1536       1088   startup_stm32l476xx.o
       560         54          0          0          0      14659   stm32l4xx_ll_exti.o
       302          0          0          0          0       8171   stm32l4xx_ll_gpio.o
      1160        140          0          0          0      38705   stm32l4xx_ll_rcc.o
       126          0          0          0          0      11886   stm32l4xx_ll_spi.o
       274         26          0          0          0      22848   stm32l4xx_ll_usart.o
        84          6          0          0          0      17765   stm32l4xx_ll_utils.o
        20          6         72          4          0       1857   system_stm32l4xx.o
      1432        702         87         28        288       7632   uart_init.o

    ----------------------------------------------------------------------
     22742       6502       2276        124       2772    1841469   Object Totals
         0          0         32          0          0          0   (incl. Generated)
        28          0         10          0          0          0   (incl. Padding)

    ----------------------------------------------------------------------

      Code (inc. data)   RO Data    RW Data    ZI Data      Debug   Library Member Name

         0          0          0          0          0          0   entry.o
         0          0          0          0          0          0   entry10a.o
         0          0          0          0          0          0   entry11a.o
         8          4          0          0          0          0   entry2.o
         4          0          0          0          0          0   entry5.o
         0          0          0          0          0          0   entry7b.o
         0          0          0          0          0          0   entry8b.o
         8          4          0          0          0          0   entry9a.o
        30          0          0          0          0          0   handlers.o
        36          8          0          0          0         68   init.o
         0          0          0          0          0          0   iusefp.o
        30          0          0          0          0         68   llshl.o
        36          0          0          0          0         68   llsshr.o
        32          0          0          0          0         68   llushr.o
       188         20          0          0          0        160   malloc.o
        26          0          0          0          0         80   memcmp.o
        36          0          0          0          0         68   memcpya.o
        36          0          0          0          0        108   memseta.o
         0          0          0          8          0          0   mvars.o
      2284         86          0          0          0        516   printfa.o
        14          0          0          0          0         68   strlen.o
        24          0          0          0          0         76   strncpy.o
        36          0          0          0          0         80   strstr.o
        44          0          0          0          0         80   uidiv.o
       104          0          0          0          0         92   uldiv.o
        48          0          0          0          0         68   cdrcmple.o
       350          0          0          0          0        148   dadd.o
       222          0          0          0          0        100   ddiv.o
       186          0          0          0          0        176   depilogue.o
        48          0          0          0          0         68   dfixul.o
       234          0          0          0          0         96   dmul.o

    ----------------------------------------------------------------------
      4070        122          0          8          0       2256   Library Totals
         6          0          0          0          0          0   (incl. Padding)

    ----------------------------------------------------------------------

      Code (inc. data)   RO Data    RW Data    ZI Data      Debug   Library Name

      2976        122          0          8          0       1600   mc_w.l
      1088          0          0          0          0        656   mf_w.l

    ----------------------------------------------------------------------
      4070        122          0          8          0       2256   Library Totals

    ----------------------------------------------------------------------

==============================================================================


      Code (inc. data)   RO Data    RW Data    ZI Data      Debug   

     26812       6624       2276        132       2772    1823433   Grand Totals
     26812       6624       2276        132       2772    1823433   ELF Image Totals
     26812       6624       2276        132          0          0   ROM Totals

==============================================================================

    Total RO  Size (Code + RO Data)                29088 (  28.41kB)
    Total RW  Size (RW Data + ZI Data)              2904 (   2.84kB)
    Total ROM Size (Code + RO Data + RW Data)      29220 (  28.54kB)

==============================================================================

