<html>
<body>
<pre>
<h1>µVision Build Log</h1>
<h2>Tool Versions:</h2>
IDE-Version: ¦ÌVision V5.40.0.0
Copyright (C) 2024 ARM Ltd and ARM Germany GmbH. All rights reserved.
License Information: dylan li, RAK Wireless, LIC=9WSKC-7W0A8-45RT5-GCF7W-JJCCS-7V6Y3
 
Tool Versions:
Toolchain:       MDK-ARM Plus  Version: 5.40.0.3
Toolchain Path:  E:\program\keil\core\ARM\ARMCC\Bin
C Compiler:      Armcc.exe V5.06 update 4 (build 422)
Assembler:       Armasm.exe V5.06 update 4 (build 422)
Linker/Locator:  ArmLink.exe V5.06 update 4 (build 422)
Library Manager: ArmAr.exe V5.06 update 4 (build 422)
Hex Converter:   FromElf.exe V5.06 update 4 (build 422)
CPU DLL:         SARMCM3.DLL V5.40.0.3
Dialog DLL:      DCM.DLL V1.17.5.0
Target DLL:      STLink\ST-LINKIII-KEIL_SWO.dll V3.3.0.0
Dialog DLL:      TCM.DLL V1.56.4.0
 
<h2>Project:</h2>
E:\LR1120_test\code\LR1121\SWSD003\lr11xx\apps\per\MDK-ARM\lr11xx-sdk_per.uvprojx
Project File Date:  01/13/2025

<h2>Output:</h2>
*** Using Compiler 'V5.06 update 4 (build 422)', folder: 'E:\program\keil\core\ARM\ARMCC\Bin'
Build target 'LR1120MB1DIS'
compiling main_per.c...
..\..\..\common\lr11xx_hal_context.h(111): warning:  #1-D: last line of file ends without a newline
  #endif  // LR11XX_HAL_CONTEXT_H
..\..\..\common\apps_common.h(89): warning:  #1295-D: Deprecated declaration apps_common_lr11xx_get_context - give arg types
  lr11xx_hal_context_t* apps_common_lr11xx_get_context( );
..\..\..\..\libs\smtc-hal-mcu\inc\smtc_hal_mcu.h(76): warning:  #1295-D: Deprecated declaration smtc_hal_mcu_init - give arg types
  smtc_hal_mcu_status_t smtc_hal_mcu_init( );
..\main_per.c(385): warning:  #1-D: last line of file ends without a newline
  }
..\main_per.c(96): warning:  #177-D: variable "rolling_counter"  was declared but never referenced
  static uint8_t rolling_counter = 0;
..\main_per.c: 5 warnings, 0 errors
compiling apps_version.c...
..\..\..\common\lr11xx_hal_context.h(111): warning:  #1-D: last line of file ends without a newline
  #endif  // LR11XX_HAL_CONTEXT_H
..\..\..\common\apps_common.h(89): warning:  #1295-D: Deprecated declaration apps_common_lr11xx_get_context - give arg types
  lr11xx_hal_context_t* apps_common_lr11xx_get_context( );
..\..\..\..\libs\smtc-hal-mcu\inc\smtc_hal_mcu.h(76): warning:  #1295-D: Deprecated declaration smtc_hal_mcu_init - give arg types
  smtc_hal_mcu_status_t smtc_hal_mcu_init( );
..\..\..\common\apps_version.c: 3 warnings, 0 errors
compiling apps_common.c...
..\..\..\common\lr11xx_hal_context.h(111): warning:  #1-D: last line of file ends without a newline
  #endif  // LR11XX_HAL_CONTEXT_H
..\..\..\common\apps_common.h(89): warning:  #1295-D: Deprecated declaration apps_common_lr11xx_get_context - give arg types
  lr11xx_hal_context_t* apps_common_lr11xx_get_context( );
..\..\..\..\libs\smtc-hal-mcu\inc\smtc_hal_mcu.h(76): warning:  #1295-D: Deprecated declaration smtc_hal_mcu_init - give arg types
  smtc_hal_mcu_status_t smtc_hal_mcu_init( );
..\..\..\..\common\inc\smtc_shield_pinout_mapping.h(76): warning:  #815-D: type qualifier on return type is meaningless
  const smtc_hal_mcu_gpio_cfg_t smtc_shield_pinout_mapping_get_gpio_cfg( smtc_shield_pinout_t gpio );
..\..\..\..\libs\smtc-shields\lr11xx\inc\smtc_shield_lr11x0_common.h(87): warning:  #1-D: last line of file ends without a newline
  #endif  // SMTC_SHIELD_LR11X0_COMMON_H
..\..\..\..\libs\smtc-shields\lr11xx\inc\smtc_shield_lr1110mb1dis.h(123): warning:  #1-D: last line of file ends without a newline
  #endif  // SMTC_SHIELD_LR1110MB1DIS_H
..\..\..\..\libs\smtc-shields\lr11xx\inc\smtc_shield_lr1110mb1djs.h(123): warning:  #1-D: last line of file ends without a newline
  #endif  // SMTC_SHIELD_LR1110MB1DJS_H
..\..\..\..\libs\smtc-shields\lr11xx\inc\smtc_shield_lr1110mb1gis.h(123): warning:  #1-D: last line of file ends without a newline
  #endif  // SMTC_SHIELD_LR1110MB1GIS_H
..\..\..\..\libs\smtc-shields\lr11xx\inc\smtc_shield_lr1110mb1gjs.h(123): warning:  #1-D: last line of file ends without a newline
  #endif  // SMTC_SHIELD_LR1110MB1GJS_H
..\..\..\..\libs\smtc-shields\lr11xx\inc\smtc_shield_lr1120mb1dis.h(123): warning:  #1-D: last line of file ends without a newline
  #endif  // SMTC_SHIELD_LR1120MB1DIS_H
..\..\..\..\libs\smtc-shields\lr11xx\inc\smtc_shield_lr1120mb1djs.h(123): warning:  #1-D: last line of file ends without a newline
  #endif  // SMTC_SHIELD_LR1120MB1DJS_H
..\..\..\..\libs\smtc-shields\lr11xx\inc\smtc_shield_lr1120mb1gis.h(123): warning:  #1-D: last line of file ends without a newline
  #endif  // SMTC_SHIELD_LR1120MB1GIS_H
..\..\..\..\libs\smtc-shields\lr11xx\inc\smtc_shield_lr1120mb1gjs.h(123): warning:  #1-D: last line of file ends without a newline
  #endif  // SMTC_SHIELD_LR1120MB1GJS_H
..\..\..\..\libs\smtc-shields\lr11xx\inc\smtc_shield_lr11x1_common.h(84): warning:  #1-D: last line of file ends without a newline
  #endif  // SMTC_SHIELD_LR11X1_COMMON_H
..\..\..\..\libs\smtc-shields\lr11xx\inc\smtc_shield_lr1121mb1dis.h(123): warning:  #1-D: last line of file ends without a newline
  #endif  // SMTC_SHIELD_LR1121MB1DIS_H
..\..\..\..\libs\smtc-shields\lr11xx\inc\smtc_shield_lr1121mb1gis.h(123): warning:  #1-D: last line of file ends without a newline
  #endif  // SMTC_SHIELD_LR1121MB1GIS_H
..\..\..\common\apps_common.c(452): warning:  #188-D: enumerated type mixed with another type
  				lora_mod_params.sf = ATC_M_LORA_SF;
..\..\..\common\apps_common.c(453): warning:  #188-D: enumerated type mixed with another type
  				lora_mod_params.bw = ATC_M_LORA_BW;
..\..\..\common\apps_common.c(454): warning:  #188-D: enumerated type mixed with another type
  				lora_mod_params.cr = ATC_M_LORA_CR;
..\..\..\common\apps_common.c(455): warning:  #188-D: enumerated type mixed with another type
  				lora_mod_params.ldro = apps_common_compute_lora_ldro( ATC_M_LORA_SF, ATC_M_LORA_BW );
..\..\..\common\apps_common.c(455): warning:  #188-D: enumerated type mixed with another type
  				lora_mod_params.ldro = apps_common_compute_lora_ldro( ATC_M_LORA_SF, ATC_M_LORA_BW );
..\..\..\common\apps_common.c(867): warning:  #188-D: enumerated type mixed with another type
      
AL_DBG_TRACE_INFO( "   Spreading factor = %s\n", lr11xx_radio_lora_sf_to_str( ATC_M_LORA_SF ) );
..\..\..\common\apps_common.c(868): warning:  #188-D: enumerated type mixed with another type
      
AL_DBG_TRACE_INFO( "   Bandwidth        = %s\n", lr11xx_radio_lora_bw_to_str( ATC_M_LORA_BW ) );
..\..\..\common\apps_common.c(869): warning:  #188-D: enumerated type mixed with another type
      
AL_DBG_TRACE_INFO( "   Coding rate      = %s\n", lr11xx_radio_lora_cr_to_str( ATC_M_LORA_CR ) );
..\..\..\common\apps_common.c: 24 warnings, 0 errors
linking...
Program Size: Code=33260 RO-data=2840 RW-data=280 ZI-data=2904  
FromELF: creating hex file...
After Build - User command #1: fromelf --bincombined --output=per.bin .\build\LR1120MB1DIS\per.axf
".\build\LR1120MB1DIS\per.axf" - 0 Error(s), 32 Warning(s).

<h2>Software Packages used:</h2>

Package Vendor: ARM
                https://www.keil.com/pack/ARM.CMSIS.6.1.0.pack
                ARM::CMSIS@6.1.0
                CMSIS (Common Microcontroller Software Interface Standard)
   * Component: CORE Version: 6.1.0

Package Vendor: Keil
                https://www.keil.com/pack/Keil.STM32L4xx_DFP.2.7.0.pack
                Keil::STM32L4xx_DFP@2.7.0
                STMicroelectronics STM32L4 Series Device Support, Drivers and Examples

<h2>Collection of Component include folders:</h2>
  ./RTE/_LR1120MB1DIS
  E:/program/keil/pcak/ARM/CMSIS/6.1.0/CMSIS/Core/Include
  E:/program/keil/pcak/Keil/STM32L4xx_DFP/2.7.0/Drivers/CMSIS/Device/ST/STM32L4xx/Include

<h2>Collection of Component Files used:</h2>

   * Component: ARM::CMSIS:CORE@6.1.0
Build Time Elapsed:  00:00:02
</pre>
</body>
</html>
