Component: ARM Compiler 5.06 update 4 (build 422) Tool: armlink [4d35d2]

==============================================================================

Section Cross References

    startup_stm32l476xx.o(RESET) refers to startup_stm32l476xx.o(STACK) for __initial_sp
    startup_stm32l476xx.o(RESET) refers to startup_stm32l476xx.o(.text) for Reset_Handler
    startup_stm32l476xx.o(RESET) refers to smtc_hal_mcu_gpio_stm32l4.o(i.EXTI0_IRQHandler) for EXTI0_IRQHandler
    startup_stm32l476xx.o(RESET) refers to smtc_hal_mcu_gpio_stm32l4.o(i.EXTI1_IRQHandler) for EXTI1_IRQHandler
    startup_stm32l476xx.o(RESET) refers to smtc_hal_mcu_gpio_stm32l4.o(i.EXTI2_IRQHandler) for EXTI2_IRQHandler
    startup_stm32l476xx.o(RESET) refers to smtc_hal_mcu_gpio_stm32l4.o(i.EXTI3_IRQHandler) for EXTI3_IRQHandler
    startup_stm32l476xx.o(RESET) refers to smtc_hal_mcu_gpio_stm32l4.o(i.EXTI4_IRQHandler) for EXTI4_IRQHandler
    startup_stm32l476xx.o(RESET) refers to smtc_hal_mcu_gpio_stm32l4.o(i.EXTI9_5_IRQHandler) for EXTI9_5_IRQHandler
    startup_stm32l476xx.o(RESET) refers to smtc_hal_mcu_uart_stm32l4.o(i.USART2_IRQHandler) for USART2_IRQHandler
    startup_stm32l476xx.o(RESET) refers to smtc_hal_mcu_gpio_stm32l4.o(i.EXTI15_10_IRQHandler) for EXTI15_10_IRQHandler
    startup_stm32l476xx.o(RESET) refers to smtc_hal_mcu_timer_stm32l4.o(i.LPTIM1_IRQHandler) for LPTIM1_IRQHandler
    startup_stm32l476xx.o(.text) refers to system_stm32l4xx.o(i.SystemInit) for SystemInit
    startup_stm32l476xx.o(.text) refers to entry.o(.ARM.Collect$$$$00000000) for __main
    apps_common.o(i.apps_common_lr11xx_fetch_and_print_version) refers to apps_common.o(i.apps_common_lr11xx_fetch_version) for apps_common_lr11xx_fetch_version
    apps_common.o(i.apps_common_lr11xx_fetch_and_print_version) refers to apps_common.o(i.apps_common_lr11xx_print_version) for apps_common_lr11xx_print_version
    apps_common.o(i.apps_common_lr11xx_fetch_version) refers to lr11xx_system.o(i.lr11xx_system_get_version) for lr11xx_system_get_version
    apps_common.o(i.apps_common_lr11xx_fetch_version) refers to smtc_hal_dbg_trace.o(i.hal_mcu_trace_print) for hal_mcu_trace_print
    apps_common.o(i.apps_common_lr11xx_fetch_version) refers to apps_common.o(.constdata) for __func__
    apps_common.o(i.apps_common_lr11xx_get_context) refers to smtc_shield_pinout_mapping.o(i.smtc_shield_pinout_mapping_get_gpio_cfg) for smtc_shield_pinout_mapping_get_gpio_cfg
    apps_common.o(i.apps_common_lr11xx_get_context) refers to smtc_hal_mcu_gpio_stm32l4.o(i.smtc_hal_mcu_gpio_init_input) for smtc_hal_mcu_gpio_init_input
    apps_common.o(i.apps_common_lr11xx_get_context) refers to smtc_hal_mcu_gpio_stm32l4.o(i.smtc_hal_mcu_gpio_init_output) for smtc_hal_mcu_gpio_init_output
    apps_common.o(i.apps_common_lr11xx_get_context) refers to smtc_hal_mcu_gpio_stm32l4.o(i.smtc_hal_mcu_gpio_enable_irq) for smtc_hal_mcu_gpio_enable_irq
    apps_common.o(i.apps_common_lr11xx_get_context) refers to smtc_hal_mcu_spi_stm32l4.o(i.smtc_hal_mcu_spi_init) for smtc_hal_mcu_spi_init
    apps_common.o(i.apps_common_lr11xx_get_context) refers to apps_common.o(.bss) for context
    apps_common.o(i.apps_common_lr11xx_get_context) refers to apps_common.o(i.radio_on_dio_irq) for radio_on_dio_irq
    apps_common.o(i.apps_common_lr11xx_handle_post_gnss_scan) refers to smtc_hal_mcu_gpio_stm32l4.o(i.smtc_hal_mcu_gpio_set_state) for smtc_hal_mcu_gpio_set_state
    apps_common.o(i.apps_common_lr11xx_handle_post_gnss_scan) refers to apps_common.o(.data) for shield_pinout
    apps_common.o(i.apps_common_lr11xx_handle_post_gnss_scan) refers to apps_common.o(.bss) for led_scan
    apps_common.o(i.apps_common_lr11xx_handle_post_rx) refers to smtc_hal_mcu_gpio_stm32l4.o(i.smtc_hal_mcu_gpio_set_state) for smtc_hal_mcu_gpio_set_state
    apps_common.o(i.apps_common_lr11xx_handle_post_rx) refers to apps_common.o(.data) for shield_pinout
    apps_common.o(i.apps_common_lr11xx_handle_post_rx) refers to apps_common.o(.bss) for led_rx
    apps_common.o(i.apps_common_lr11xx_handle_post_tx) refers to smtc_hal_mcu_gpio_stm32l4.o(i.smtc_hal_mcu_gpio_set_state) for smtc_hal_mcu_gpio_set_state
    apps_common.o(i.apps_common_lr11xx_handle_post_tx) refers to apps_common.o(.data) for shield_pinout
    apps_common.o(i.apps_common_lr11xx_handle_post_tx) refers to apps_common.o(.bss) for led_tx
    apps_common.o(i.apps_common_lr11xx_handle_post_wifi_scan) refers to smtc_hal_mcu_gpio_stm32l4.o(i.smtc_hal_mcu_gpio_set_state) for smtc_hal_mcu_gpio_set_state
    apps_common.o(i.apps_common_lr11xx_handle_post_wifi_scan) refers to apps_common.o(.data) for shield_pinout
    apps_common.o(i.apps_common_lr11xx_handle_post_wifi_scan) refers to apps_common.o(.bss) for led_scan
    apps_common.o(i.apps_common_lr11xx_handle_pre_gnss_scan) refers to smtc_hal_mcu_gpio_stm32l4.o(i.smtc_hal_mcu_gpio_set_state) for smtc_hal_mcu_gpio_set_state
    apps_common.o(i.apps_common_lr11xx_handle_pre_gnss_scan) refers to apps_common.o(.data) for shield_pinout
[...]
    i.smtc_shield_lr11xx_common_get_rf_switch_cfg 0x08008010   Section        0  smtc_shield_lr11xx_common.o(i.smtc_shield_lr11xx_common_get_rf_switch_cfg)
    i.smtc_shield_lr11xx_get_pa_pwr_cfg      0x08008018   Section        0  apps_common.o(i.smtc_shield_lr11xx_get_pa_pwr_cfg)
    smtc_shield_lr11xx_get_pa_pwr_cfg        0x08008019   Thumb Code    18  apps_common.o(i.smtc_shield_lr11xx_get_pa_pwr_cfg)
    i.smtc_shield_lr11xx_get_rssi_calibration_table 0x0800802a   Section        0  apps_common.o(i.smtc_shield_lr11xx_get_rssi_calibration_table)
    smtc_shield_lr11xx_get_rssi_calibration_table 0x0800802b   Thumb Code    14  apps_common.o(i.smtc_shield_lr11xx_get_rssi_calibration_table)
    i.smtc_shield_lr11xx_get_rssi_calibration_table 0x08008038   Section        0  smtc_shield_lr11xx_common.o(i.smtc_shield_lr11xx_get_rssi_calibration_table)
    i.smtc_shield_pinout_mapping_get_gpio_cfg 0x0800806c   Section        0  smtc_shield_pinout_mapping.o(i.smtc_shield_pinout_mapping_get_gpio_cfg)
    i.uart_init                              0x0800807c   Section        0  uart_init.o(i.uart_init)
    i.uart_init_base                         0x080081b8   Section        0  uart_init.o(i.uart_init_base)
    uart_init_base                           0x080081b9   Thumb Code   100  uart_init.o(i.uart_init_base)
    i.uart_rx_callback                       0x080082b0   Section        0  uart_init.o(i.uart_rx_callback)
    uart_rx_callback                         0x080082b1   Thumb Code   128  uart_init.o(i.uart_rx_callback)
    i.vprint                                 0x08008344   Section        0  uart_init.o(i.vprint)
    .constdata                               0x08008374   Section      214  apps_common.o(.constdata)
    gfsk_sync_word                           0x08008374   Data           8  apps_common.o(.constdata)
    lora_pkt_params                          0x0800837c   Data           6  apps_common.o(.constdata)
    gfsk_mod_params                          0x08008384   Data          12  apps_common.o(.constdata)
    gfsk_pkt_params                          0x08008390   Data          10  apps_common.o(.constdata)
    bpsk_mod_params                          0x0800839c   Data           8  apps_common.o(.constdata)
    __func__                                 0x080083a4   Data          31  apps_common.o(.constdata)
    __func__                                 0x080083c3   Data          33  apps_common.o(.constdata)
    __func__                                 0x080083e4   Data          30  apps_common.o(.constdata)
    __func__                                 0x08008402   Data          36  apps_common.o(.constdata)
    __func__                                 0x08008426   Data          36  apps_common.o(.constdata)
    .constdata                               0x0800844c   Section      176  smtc_shield_pinout_mapping.o(.constdata)
    .constdata                               0x080084fc   Section       12  uart_init.o(.constdata)
    .constdata                               0x08008508   Section       71  main_per.o(.constdata)
    gfsk_sync_word                           0x08008508   Data           8  main_per.o(.constdata)
    __func__                                 0x08008510   Data           5  main_per.o(.constdata)
    __func__                                 0x0800851a   Data          11  main_per.o(.constdata)
    __func__                                 0x08008525   Data          11  main_per.o(.constdata)
    __func__                                 0x08008530   Data          31  main_per.o(.constdata)
    .constdata                               0x08008550   Section       72  system_stm32l4xx.o(.constdata)
    .constdata                               0x08008598   Section       84  smtc_hal_mcu_gpio_stm32l4.o(.constdata)
    .constdata                               0x080085ec   Section       76  smtc_hal_mcu_uart_stm32l4.o(.constdata)
    .constdata                               0x08008638   Section      112  smtc_hal_mcu_spi_stm32l4.o(.constdata)
    .constdata                               0x080086a8   Section       78  smtc_shield_lr11xx_common.o(.constdata)
    smtc_shield_lr11xx_common_rssi_calibration_table_below_600mhz 0x080086a8   Data          20  smtc_shield_lr11xx_common.o(.constdata)
    smtc_shield_lr11xx_common_rssi_calibration_table_from_600mhz_to_2ghz 0x080086bc   Data          20  smtc_shield_lr11xx_common.o(.constdata)
    smtc_shield_lr11xx_common_rssi_calibration_table_above_2ghz 0x080086d0   Data          20  smtc_shield_lr11xx_common.o(.constdata)
    .constdata                               0x080086f8   Section      296  smtc_shield_lr11x0_common.o(.constdata)
    rttof_delay_indicator_table_below_600mhz 0x080086f8   Data          96  smtc_shield_lr11x0_common.o(.constdata)
    rttof_delay_indicator_table_from_600mhz_to_2ghz 0x08008758   Data          96  smtc_shield_lr11x0_common.o(.constdata)
    rttof_delay_indicator_table_above_2ghz   0x080087b8   Data          96  smtc_shield_lr11x0_common.o(.constdata)
    .constdata                               0x08008820   Section      360  smtc_shield_lr1120mb1dxs_common.o(.constdata)
    .constdata                               0x08008988   Section      129  ctype_o.o(.constdata)
    .constdata                               0x08008a0c   Section        4  ctype_o.o(.constdata)
    table                                    0x08008a0c   Data           4  ctype_o.o(.constdata)
    .conststring                             0x08008a10   Section      212  apps_common.o(.conststring)
    .conststring                             0x08008ae4   Section        7  common_version.o(.conststring)
    .conststring                             0x08008aec   Section      492  uart_init.o(.conststring)
    .conststring                             0x08008cd8   Section       12  main_per.o(.conststring)
    .data                                    0x20000000   Section       52  apps_common.o(.data)
    lora_mod_params                          0x20000020   Data           4  apps_common.o(.data)
    bpsk_pkt_params                          0x20000024   Data           8  apps_common.o(.data)
    irq_fired                                0x2000002c   Data           1  apps_common.o(.data)
    shield_pinout                            0x20000030   Data           4  apps_common.o(.data)
    .data                                    0x20000034   Section        4  common_version.o(.data)
    apps_modem_common_sdk_version            0x20000034   Data           4  common_version.o(.data)
    .data                                    0x20000038   Section      136  uart_init.o(.data)
    inst_uart                                0x20000044   Data           4  uart_init.o(.data)
    atc_events                               0x20000048   Data         120  uart_init.o(.data)
    .data                                    0x200000c0   Section       28  main_per.o(.data)
    context                                  0x200000c4   Data           4  main_per.o(.data)
    nb_ok                                    0x200000c8   Data           2  main_per.o(.data)
    nb_rx_timeout                            0x200000ca   Data           2  main_per.o(.data)
    nb_rx_error                              0x200000cc   Data           2  main_per.o(.data)
    nb_fsk_len_error                         0x200000ce   Data           2  main_per.o(.data)
    rolling_counter                          0x200000d0   Data           1  main_per.o(.data)
    per_index                                0x200000d2   Data           2  main_per.o(.data)
    first_pkt_flag                           0x200000d4   Data           1  main_per.o(.data)
    rx_timeout                               0x200000d8   Data           4  main_per.o(.data)
    .data                                    0x200000dc   Section       40  atc.o(.data)
    .data                                    0x20000104   Section        4  system_stm32l4xx.o(.data)
    .data                                    0x20000108   Section        4  strtok.o(.data)
    state                                    0x20000108   Data           4  strtok.o(.data)
    .data                                    0x2000010c   Section        4  mvars.o(.data)
    .data                                    0x20000110   Section        4  mvars.o(.data)
    .data                                    0x20000114   Section        4  errno.o(.data)
    _errno                                   0x20000114   Data           4  errno.o(.data)
    .bss                                     0x20000118   Section      120  apps_common.o(.bss)
    context                                  0x20000118   Data          72  apps_common.o(.bss)
    led_tx                                   0x20000160   Data          12  apps_common.o(.bss)
    led_rx                                   0x2000016c   Data          12  apps_common.o(.bss)
    led_scan                                 0x20000178   Data          12  apps_common.o(.bss)
    lna_ctrl                                 0x20000184   Data          12  apps_common.o(.bss)
    .bss                                     0x20000190   Section      288  uart_init.o(.bss)
    atc_handle                               0x20000290   Data          32  uart_init.o(.bss)
    .bss                                     0x200002b0   Section      128  main_per.o(.bss)
    buffer                                   0x200002b0   Data          64  main_per.o(.bss)
    per_msg                                  0x200002f0   Data          64  main_per.o(.bss)
    .bss                                     0x20000330   Section      768  smtc_hal_mcu_gpio_stm32l4.o(.bss)
    gpio_inst_array                          0x20000330   Data         768  smtc_hal_mcu_gpio_stm32l4.o(.bss)
    .bss                                     0x20000630   Section       12  smtc_hal_mcu_uart_stm32l4.o(.bss)
    uart_inst_array                          0x20000630   Data          12  smtc_hal_mcu_uart_stm32l4.o(.bss)
    .bss                                     0x2000063c   Section       16  smtc_hal_mcu_timer_stm32l4.o(.bss)
    tim_inst_array                           0x2000063c   Data          16  smtc_hal_mcu_timer_stm32l4.o(.bss)
    .bss                                     0x2000064c   Section       32  smtc_hal_mcu_spi_stm32l4.o(.bss)
    spi_inst_array                           0x2000064c   Data          32  smtc_hal_mcu_spi_stm32l4.o(.bss)
    HEAP                                     0x20000670   Section      512  startup_stm32l476xx.o(HEAP)
    STACK                                    0x20000870   Section     1024  startup_stm32l476xx.o(STACK)

    Global Symbols

    Symbol Name                              Value     Ov Type        Size  Object(Section)

    BuildAttributes$$THM_ISAv4$E$P$D$K$B$S$7EM$VFPi3$EXTD16$VFPS$VFMA$PE$A:L22UL41UL21$X:L11$S22US41US21$IEEE1$IW$USESV6$~STKCKD$USESV7$~SHL$OTIME$ROPI$EBA8$MICROLIB$REQ8$PRES8$EABIv2 0x00000000   Number         0  anon$$obj.o ABSOLUTE
    __ARM_use_no_argv                        0x00000000   Number         0  main_per.o ABSOLUTE
    __cpp_initialize__aeabi_                  - Undefined Weak Reference
    __cxa_finalize                            - Undefined Weak Reference
    __decompress                              - Undefined Weak Reference
    _clock_init                               - Undefined Weak Reference
    _microlib_exit                            - Undefined Weak Reference
    __Vectors_Size                           0x00000188   Number         0  startup_stm32l476xx.o ABSOLUTE
    __Vectors                                0x08000000   Data           4  startup_stm32l476xx.o(RESET)
    __Vectors_End                            0x08000188   Data           0  startup_stm32l476xx.o(RESET)
    __main                                   0x08000189   Thumb Code     0  entry.o(.ARM.Collect$$$$00000000)
    _main_stk                                0x08000189   Thumb Code     0  entry2.o(.ARM.Collect$$$$00000001)
    _main_scatterload                        0x0800018d   Thumb Code     0  entry5.o(.ARM.Collect$$$$00000004)
    __main_after_scatterload                 0x08000191   Thumb Code     0  entry5.o(.ARM.Collect$$$$00000004)
    _main_clock                              0x08000191   Thumb Code     0  entry7b.o(.ARM.Collect$$$$00000008)
    _main_cpp_init                           0x08000191   Thumb Code     0  entry8b.o(.ARM.Collect$$$$0000000A)
    _main_init                               0x08000191   Thumb Code     0  entry9a.o(.ARM.Collect$$$$0000000B)
    __rt_final_cpp                           0x08000199   Thumb Code     0  entry10a.o(.ARM.Collect$$$$0000000D)
    __rt_final_exit                          0x08000199   Thumb Code     0  entry11a.o(.ARM.Collect$$$$0000000F)
    Reset_Handler                            0x0800019d   Thumb Code     8  startup_stm32l476xx.o(.text)
    NMI_Handler                              0x080001a5   Thumb Code     2  startup_stm32l476xx.o(.text)
    HardFault_Handler                        0x080001a7   Thumb Code     2  startup_stm32l476xx.o(.text)
    MemManage_Handler                        0x080001a9   Thumb Code     2  startup_stm32l476xx.o(.text)
    BusFault_Handler                         0x080001ab   Thumb Code     2  startup_stm32l476xx.o(.text)
    UsageFault_Handler                       0x080001ad   Thumb Code     2  startup_stm32l476xx.o(.text)
    SVC_Handler                              0x080001af   Thumb Code     2  startup_stm32l476xx.o(.text)
    DebugMon_Handler                         0x080001b1   Thumb Code     2  startup_stm32l476xx.o(.text)
    PendSV_Handler                           0x080001b3   Thumb Code     2  startup_stm32l476xx.o(.text)
    SysTick_Handler                          0x080001b5   Thumb Code     2  startup_stm32l476xx.o(.text)
    ADC1_2_IRQHandler                        0x080001b7   Thumb Code     0  startup_stm32l476xx.o(.text)
    ADC3_IRQHandler                          0x080001b7   Thumb Code     0  startup_stm32l476xx.o(.text)
    CAN1_RX0_IRQHandler                      0x080001b7   Thumb Code     0  startup_stm32l476xx.o(.text)
    CAN1_RX1_IRQHandler                      0x080001b7   Thumb Code     0  startup_stm32l476xx.o(.text)
    CAN1_SCE_IRQHandler                      0x080001b7   Thumb Code     0  startup_stm32l476xx.o(.text)
    CAN1_TX_IRQHandler                       0x080001b7   Thumb Code     0  startup_stm32l476xx.o(.text)
    COMP_IRQHandler                          0x080001b7   Thumb Code     0  startup_stm32l476xx.o(.text)
    DFSDM1_FLT0_IRQHandler                   0x080001b7   Thumb Code     0  startup_stm32l476xx.o(.text)
    DFSDM1_FLT1_IRQHandler                   0x080001b7   Thumb Code     0  startup_stm32l476xx.o(.text)
    DFSDM1_FLT2_IRQHandler                   0x080001b7   Thumb Code     0  startup_stm32l476xx.o(.text)
    DFSDM1_FLT3_IRQHandler                   0x080001b7   Thumb Code     0  startup_stm32l476xx.o(.text)
    DMA1_Channel1_IRQHandler                 0x080001b7   Thumb Code     0  startup_stm32l476xx.o(.text)
    DMA1_Channel2_IRQHandler                 0x080001b7   Thumb Code     0  startup_stm32l476xx.o(.text)
    DMA1_Channel3_IRQHandler                 0x080001b7   Thumb Code     0  startup_stm32l476xx.o(.text)
    DMA1_Channel4_IRQHandler                 0x080001b7   Thumb Code     0  startup_stm32l476xx.o(.text)
    DMA1_Channel5_IRQHandler                 0x080001b7   Thumb Code     0  startup_stm32l476xx.o(.text)
    DMA1_Channel6_IRQHandler                 0x080001b7   Thumb Code     0  startup_stm32l476xx.o(.text)
    DMA1_Channel7_IRQHandler                 0x080001b7   Thumb Code     0  startup_stm32l476xx.o(.text)
    DMA2_Channel1_IRQHandler                 0x080001b7   Thumb Code     0  startup_stm32l476xx.o(.text)
    DMA2_Channel2_IRQHandler                 0x080001b7   Thumb Code     0  startup_stm32l476xx.o(.text)
    DMA2_Channel3_IRQHandler                 0x080001b7   Thumb Code     0  startup_stm32l476xx.o(.text)
    DMA2_Channel4_IRQHandler                 0x080001b7   Thumb Code     0  startup_stm32l476xx.o(.text)
    DMA2_Channel5_IRQHandler                 0x080001b7   Thumb Code     0  startup_stm32l476xx.o(.text)
    DMA2_Channel6_IRQHandler                 0x080001b7   Thumb Code     0  startup_stm32l476xx.o(.text)
    DMA2_Channel7_IRQHandler                 0x080001b7   Thumb Code     0  startup_stm32l476xx.o(.text)
    FLASH_IRQHandler                         0x080001b7   Thumb Code     0  startup_stm32l476xx.o(.text)
    FMC_IRQHandler                           0x080001b7   Thumb Code     0  startup_stm32l476xx.o(.text)
    FPU_IRQHandler                           0x080001b7   Thumb Code     0  startup_stm32l476xx.o(.text)
    I2C1_ER_IRQHandler                       0x080001b7   Thumb Code     0  startup_stm32l476xx.o(.text)
    I2C1_EV_IRQHandler                       0x080001b7   Thumb Code     0  startup_stm32l476xx.o(.text)
    I2C2_ER_IRQHandler                       0x080001b7   Thumb Code     0  startup_stm32l476xx.o(.text)
    I2C2_EV_IRQHandler                       0x080001b7   Thumb Code     0  startup_stm32l476xx.o(.text)
    I2C3_ER_IRQHandler                       0x080001b7   Thumb Code     0  startup_stm32l476xx.o(.text)
    I2C3_EV_IRQHandler                       0x080001b7   Thumb Code     0  startup_stm32l476xx.o(.text)
    LCD_IRQHandler                           0x080001b7   Thumb Code     0  startup_stm32l476xx.o(.text)
    LPTIM2_IRQHandler                        0x080001b7   Thumb Code     0  startup_stm32l476xx.o(.text)
    LPUART1_IRQHandler                       0x080001b7   Thumb Code     0  startup_stm32l476xx.o(.text)
    OTG_FS_IRQHandler                        0x080001b7   Thumb Code     0  startup_stm32l476xx.o(.text)
    PVD_PVM_IRQHandler                       0x080001b7   Thumb Code     0  startup_stm32l476xx.o(.text)
    QUADSPI_IRQHandler                       0x080001b7   Thumb Code     0  startup_stm32l476xx.o(.text)
    RCC_IRQHandler                           0x080001b7   Thumb Code     0  startup_stm32l476xx.o(.text)
    RNG_IRQHandler                           0x080001b7   Thumb Code     0  startup_stm32l476xx.o(.text)
    RTC_Alarm_IRQHandler                     0x080001b7   Thumb Code     0  startup_stm32l476xx.o(.text)
    RTC_WKUP_IRQHandler                      0x080001b7   Thumb Code     0  startup_stm32l476xx.o(.text)
    SAI1_IRQHandler                          0x080001b7   Thumb Code     0  startup_stm32l476xx.o(.text)
    SAI2_IRQHandler                          0x080001b7   Thumb Code     0  startup_stm32l476xx.o(.text)
    SDMMC1_IRQHandler                        0x080001b7   Thumb Code     0  startup_stm32l476xx.o(.text)
    SPI1_IRQHandler                          0x080001b7   Thumb Code     0  startup_stm32l476xx.o(.text)
    SPI2_IRQHandler                          0x080001b7   Thumb Code     0  startup_stm32l476xx.o(.text)
    SPI3_IRQHandler                          0x080001b7   Thumb Code     0  startup_stm32l476xx.o(.text)
    SWPMI1_IRQHandler                        0x080001b7   Thumb Code     0  startup_stm32l476xx.o(.text)
    TAMP_STAMP_IRQHandler                    0x080001b7   Thumb Code     0  startup_stm32l476xx.o(.text)
    TIM1_BRK_TIM15_IRQHandler                0x080001b7   Thumb Code     0  startup_stm32l476xx.o(.text)
    TIM1_CC_IRQHandler                       0x080001b7   Thumb Code     0  startup_stm32l476xx.o(.text)
    TIM1_TRG_COM_TIM17_IRQHandler            0x080001b7   Thumb Code     0  startup_stm32l476xx.o(.text)
    TIM1_UP_TIM16_IRQHandler                 0x080001b7   Thumb Code     0  startup_stm32l476xx.o(.text)
    TIM2_IRQHandler                          0x080001b7   Thumb Code     0  startup_stm32l476xx.o(.text)
    TIM3_IRQHandler                          0x080001b7   Thumb Code     0  startup_stm32l476xx.o(.text)
    TIM4_IRQHandler                          0x080001b7   Thumb Code     0  startup_stm32l476xx.o(.text)
    TIM5_IRQHandler                          0x080001b7   Thumb Code     0  startup_stm32l476xx.o(.text)
    TIM6_DAC_IRQHandler                      0x080001b7   Thumb Code     0  startup_stm32l476xx.o(.text)
    TIM7_IRQHandler                          0x080001b7   Thumb Code     0  startup_stm32l476xx.o(.text)
    TIM8_BRK_IRQHandler                      0x080001b7   Thumb Code     0  startup_stm32l476xx.o(.text)
    TIM8_CC_IRQHandler                       0x080001b7   Thumb Code     0  startup_stm32l476xx.o(.text)
    TIM8_TRG_COM_IRQHandler                  0x080001b7   Thumb Code     0  startup_stm32l476xx.o(.text)
    TIM8_UP_IRQHandler                       0x080001b7   Thumb Code     0  startup_stm32l476xx.o(.text)
    TSC_IRQHandler                           0x080001b7   Thumb Code     0  startup_stm32l476xx.o(.text)
    UART4_IRQHandler                         0x080001b7   Thumb Code     0  startup_stm32l476xx.o(.text)
    UART5_IRQHandler                         0x080001b7   Thumb Code     0  startup_stm32l476xx.o(.text)
    USART1_IRQHandler                        0x080001b7   Thumb Code     0  startup_stm32l476xx.o(.text)
    USART3_IRQHandler                        0x080001b7   Thumb Code     0  startup_stm32l476xx.o(.text)
    WWDG_IRQHandler                          0x080001b7   Thumb Code     0  startup_stm32l476xx.o(.text)
    __aeabi_memcpy                           0x080001c1   Thumb Code    36  memcpya.o(.text)
    __aeabi_memcpy4                          0x080001c1   Thumb Code     0  memcpya.o(.text)
    __aeabi_memcpy8                          0x080001c1   Thumb Code     0  memcpya.o(.text)
    __aeabi_memset                           0x080001e5   Thumb Code    14  memseta.o(.text)
    __aeabi_memset4                          0x080001e5   Thumb Code     0  memseta.o(.text)
    __aeabi_memset8                          0x080001e5   Thumb Code     0  memseta.o(.text)
    __aeabi_memclr                           0x080001f3   Thumb Code     4  memseta.o(.text)
    __aeabi_memclr4                          0x080001f3   Thumb Code     0  memseta.o(.text)
    __aeabi_memclr8                          0x080001f3   Thumb Code     0  memseta.o(.text)
    _memset$wrapper                          0x080001f7   Thumb Code    18  memseta.o(.text)
    strstr                                   0x08000209   Thumb Code    36  strstr.o(.text)
    strncpy                                  0x0800022d   Thumb Code    24  strncpy.o(.text)
    strlen                                   0x08000245   Thumb Code    14  strlen.o(.text)
    strtok                                   0x08000255   Thumb Code    62  strtok.o(.text)
    strtoul                                  0x08000299   Thumb Code   114  strtoul.o(.text)
    atoi                                     0x08000311   Thumb Code    26  atoi.o(.text)
    __aeabi_dadd                             0x0800032b   Thumb Code   322  dadd.o(.text)
    __aeabi_dsub                             0x0800046d   Thumb Code     6  dadd.o(.text)
    __aeabi_drsub                            0x08000473   Thumb Code     6  dadd.o(.text)
    __aeabi_dmul                             0x08000489   Thumb Code   228  dmul.o(.text)
    __aeabi_ddiv                             0x08000573   Thumb Code   222  ddiv.o(.text)
    __aeabi_uidiv                            0x08000651   Thumb Code     0  uidiv.o(.text)
    __aeabi_uidivmod                         0x08000651   Thumb Code    44  uidiv.o(.text)
    __aeabi_uldivmod                         0x0800067d   Thumb Code    98  uldiv.o(.text)
    __aeabi_llsl                             0x080006e5   Thumb Code    30  llshl.o(.text)
    _ll_shift_l                              0x080006e5   Thumb Code     0  llshl.o(.text)
    __aeabi_lasr                             0x08000703   Thumb Code    36  llsshr.o(.text)
    _ll_sshift_r                             0x08000703   Thumb Code     0  llsshr.o(.text)
    __rt_ctype_table                         0x08000729   Thumb Code     4  ctype_o.o(.text)
    _strtoul                                 0x08000731   Thumb Code   158  _strtoul.o(.text)
    strtol                                   0x080007d5   Thumb Code   112  strtol.o(.text)
    __I$use$fp                               0x08000845   Thumb Code     0  iusefp.o(.text)
    _double_round                            0x08000845   Thumb Code    30  depilogue.o(.text)
    _double_epilogue                         0x08000863   Thumb Code   156  depilogue.o(.text)
    __aeabi_d2ulz                            0x080008ff   Thumb Code    48  dfixul.o(.text)
    __aeabi_cdrcmple                         0x08000931   Thumb Code    48  cdrcmple.o(.text)
    __scatterload                            0x08000961   Thumb Code    28  init.o(.text)
    __scatterload_rt2                        0x08000961   Thumb Code     0  init.o(.text)
    __aeabi_llsr                             0x08000985   Thumb Code    32  llushr.o(.text)
    _ll_ushift_r                             0x08000985   Thumb Code     0  llushr.o(.text)
    _chval                                   0x080009a5   Thumb Code    28  _chval.o(.text)
    ATC_IdleLine                             0x080009c1   Thumb Code    82  uart_init.o(i.ATC_IdleLine)
    ATC_Init                                 0x08000a31   Thumb Code   196  atc.o(i.ATC_Init)
    ATC_Loop                                 0x08000b89   Thumb Code   138  atc.o(i.ATC_Loop)
    ATC_SetEvents                            0x08000c19   Thumb Code    74  atc.o(i.ATC_SetEvents)
    AT_BW_Callback                           0x08000ca1   Thumb Code   280  uart_init.o(i.AT_BW_Callback)
    AT_CR_Callback                           0x08000e1d   Thumb Code   194  uart_init.o(i.AT_CR_Callback)
    AT_CW_event_callback                     0x08000f45   Thumb Code    82  uart_init.o(i.AT_CW_event_callback)
    AT_Freq_Callback                         0x08000fe1   Thumb Code   122  uart_init.o(i.AT_Freq_Callback)
    AT_Help_Callback                         0x080010f1   Thumb Code  2192  uart_init.o(i.AT_Help_Callback)
    AT_NB_FRAME_event_callback               0x08001a55   Thumb Code    82  uart_init.o(i.AT_NB_FRAME_event_callback)
    AT_Param_Callback                        0x08001af1   Thumb Code    78  uart_init.o(i.AT_Param_Callback)
    AT_Power_Callback                        0x08001b85   Thumb Code    82  uart_init.o(i.AT_Power_Callback)
    AT_RX_BOOST_event_callback               0x08001c29   Thumb Code    82  uart_init.o(i.AT_RX_BOOST_event_callback)
    AT_SF_Callback                           0x08001cc9   Thumb Code   196  uart_init.o(i.AT_SF_Callback)
    AT_SLEEP_event_callback                  0x08001df1   Thumb Code    82  uart_init.o(i.AT_SLEEP_event_callback)
    AT_START_event_callback                  0x08001e8d   Thumb Code    70  uart_init.o(i.AT_START_event_callback)
    AT_TRSW_event_callback                   0x08001f1d   Thumb Code    82  uart_init.o(i.AT_TRSW_event_callback)
    EXTI0_IRQHandler                         0x08001fb9   Thumb Code    24  smtc_hal_mcu_gpio_stm32l4.o(i.EXTI0_IRQHandler)
    EXTI15_10_IRQHandler                     0x08001fd1   Thumb Code   160  smtc_hal_mcu_gpio_stm32l4.o(i.EXTI15_10_IRQHandler)
    EXTI1_IRQHandler                         0x08002071   Thumb Code    24  smtc_hal_mcu_gpio_stm32l4.o(i.EXTI1_IRQHandler)
    EXTI2_IRQHandler                         0x08002089   Thumb Code    24  smtc_hal_mcu_gpio_stm32l4.o(i.EXTI2_IRQHandler)
    EXTI3_IRQHandler                         0x080020a1   Thumb Code    24  smtc_hal_mcu_gpio_stm32l4.o(i.EXTI3_IRQHandler)
    EXTI4_IRQHandler                         0x080020b9   Thumb Code    24  smtc_hal_mcu_gpio_stm32l4.o(i.EXTI4_IRQHandler)
    EXTI9_5_IRQHandler                       0x080020d1   Thumb Code   116  smtc_hal_mcu_gpio_stm32l4.o(i.EXTI9_5_IRQHandler)
    LL_EXTI_Init                             0x08002265   Thumb Code   362  stm32l4xx_ll_exti.o(i.LL_EXTI_Init)
    LL_GPIO_Init                             0x080023ed   Thumb Code   302  stm32l4xx_ll_gpio.o(i.LL_GPIO_Init)
    LL_Init1msTick                           0x0800251b   Thumb Code    28  stm32l4xx_ll_utils.o(i.LL_Init1msTick)
    LL_RCC_GetUARTClockFreq                  0x08002539   Thumb Code   194  stm32l4xx_ll_rcc.o(i.LL_RCC_GetUARTClockFreq)
    LL_RCC_GetUSARTClockFreq                 0x08002619   Thumb Code   278  stm32l4xx_ll_rcc.o(i.LL_RCC_GetUSARTClockFreq)
    LL_SPI_Init                              0x080027c9   Thumb Code   126  stm32l4xx_ll_spi.o(i.LL_SPI_Init)
    LL_SetSystemCoreClock                    0x08002849   Thumb Code     6  stm32l4xx_ll_utils.o(i.LL_SetSystemCoreClock)
    LL_USART_Init                            0x08002855   Thumb Code   238  stm32l4xx_ll_usart.o(i.LL_USART_Init)
    LL_mDelay                                0x0800297b   Thumb Code    44  stm32l4xx_ll_utils.o(i.LL_mDelay)
    LPTIM1_IRQHandler                        0x080029a9   Thumb Code    80  smtc_hal_mcu_timer_stm32l4.o(i.LPTIM1_IRQHandler)
    SystemInit                               0x08002bf9   Thumb Code    14  system_stm32l4xx.o(i.SystemInit)
    USART2_IRQHandler                        0x08002c0d   Thumb Code    98  smtc_hal_mcu_uart_stm32l4.o(i.USART2_IRQHandler)
    __0vsprintf                              0x08002c79   Thumb Code    30  printfa.o(i.__0vsprintf)
    __1vsprintf                              0x08002c79   Thumb Code     0  printfa.o(i.__0vsprintf)
    __2vsprintf                              0x08002c79   Thumb Code     0  printfa.o(i.__0vsprintf)
    __c89vsprintf                            0x08002c79   Thumb Code     0  printfa.o(i.__0vsprintf)
    vsprintf                                 0x08002c79   Thumb Code     0  printfa.o(i.__0vsprintf)
    __aeabi_errno_addr                       0x08002c9d   Thumb Code     4  errno.o(i.__aeabi_errno_addr)
    __rt_errno_addr                          0x08002c9d   Thumb Code     0  errno.o(i.__aeabi_errno_addr)
    __scatterload_copy                       0x08002ca5   Thumb Code    14  handlers.o(i.__scatterload_copy)
    __scatterload_null                       0x08002cb3   Thumb Code     2  handlers.o(i.__scatterload_null)
    __scatterload_zeroinit                   0x08002cb5   Thumb Code    14  handlers.o(i.__scatterload_zeroinit)
    apps_common_lr11xx_fetch_and_print_version 0x08003609   Thumb Code    20  apps_common.o(i.apps_common_lr11xx_fetch_and_print_version)
    apps_common_lr11xx_fetch_version         0x0800361d   Thumb Code    66  apps_common.o(i.apps_common_lr11xx_fetch_version)
    apps_common_lr11xx_get_context           0x080036cd   Thumb Code   180  apps_common.o(i.apps_common_lr11xx_get_context)
    apps_common_lr11xx_handle_post_rx        0x0800378d   Thumb Code    24  apps_common.o(i.apps_common_lr11xx_handle_post_rx)
    apps_common_lr11xx_handle_post_tx        0x080037ad   Thumb Code    24  apps_common.o(i.apps_common_lr11xx_handle_post_tx)
    apps_common_lr11xx_handle_pre_rx         0x080037cd   Thumb Code    24  apps_common.o(i.apps_common_lr11xx_handle_pre_rx)
    apps_common_lr11xx_handle_pre_tx         0x080037ed   Thumb Code    24  apps_common.o(i.apps_common_lr11xx_handle_pre_tx)
    apps_common_lr11xx_irq_process           0x0800380d   Thumb Code   922  apps_common.o(i.apps_common_lr11xx_irq_process)
    apps_common_lr11xx_print_version         0x08003da5   Thumb Code   276  apps_common.o(i.apps_common_lr11xx_print_version)
    apps_common_lr11xx_radio_init            0x08003fad   Thumb Code   702  apps_common.o(i.apps_common_lr11xx_radio_init)
    apps_common_lr11xx_receive               0x08004329   Thumb Code   330  apps_common.o(i.apps_common_lr11xx_receive)
    apps_common_lr11xx_system_init           0x08004585   Thumb Code   678  apps_common.o(i.apps_common_lr11xx_system_init)
    apps_common_print_sdk_driver_version     0x080048a9   Thumb Code    40  apps_common.o(i.apps_common_print_sdk_driver_version)
    apps_common_shield_init                  0x080048ed   Thumb Code   206  apps_common.o(i.apps_common_shield_init)
    atc_per_event_callback                   0x080049d5   Thumb Code    64  uart_init.o(i.atc_per_event_callback)
    common_version_print                     0x08004a65   Thumb Code    36  common_version.o(i.common_version_print)
    free                                     0x08004ab9   Thumb Code    76  malloc.o(i.free)
    get_time_on_air_in_ms                    0x08004b09   Thumb Code    36  apps_common.o(i.get_time_on_air_in_ms)
    hal_mcu_trace_print                      0x08004b3d   Thumb Code    26  smtc_hal_dbg_trace.o(i.hal_mcu_trace_print)
    lr11xx_driver_version_get_version_string 0x08004b59   Thumb Code     4  lr11xx_driver_version.o(i.lr11xx_driver_version_get_version_string)
    lr11xx_hal_direct_read                   0x08004b65   Thumb Code    52  lr11xx_hal.o(i.lr11xx_hal_direct_read)
    lr11xx_hal_read                          0x08004b99   Thumb Code   110  lr11xx_hal.o(i.lr11xx_hal_read)
    lr11xx_hal_reset                         0x08004c0d   Thumb Code    32  lr11xx_hal.o(i.lr11xx_hal_reset)
    lr11xx_hal_wait_on_busy                  0x08004c2d   Thumb Code    26  lr11xx_hal.o(i.lr11xx_hal_wait_on_busy)
    lr11xx_hal_write                         0x08004c47   Thumb Code    70  lr11xx_hal.o(i.lr11xx_hal_write)
    lr11xx_radio_apply_high_acp_workaround   0x08004c8d   Thumb Code    20  lr11xx_radio.o(i.lr11xx_radio_apply_high_acp_workaround)
    lr11xx_radio_cfg_rx_boosted              0x08004ca5   Thumb Code    34  lr11xx_radio.o(i.lr11xx_radio_cfg_rx_boosted)
    lr11xx_radio_convert_time_in_ms_to_rtc_step 0x08004ccd   Thumb Code    14  lr11xx_radio.o(i.lr11xx_radio_convert_time_in_ms_to_rtc_step)
    lr11xx_radio_fallback_modes_to_str       0x08004cdd   Thumb Code    32  lr11xx_radio_types_str.o(i.lr11xx_radio_fallback_modes_to_str)
    lr11xx_radio_get_gfsk_time_on_air_in_ms  0x08004d65   Thumb Code    32  lr11xx_radio.o(i.lr11xx_radio_get_gfsk_time_on_air_in_ms)
    lr11xx_radio_get_gfsk_time_on_air_numerator 0x08004d85   Thumb Code   106  lr11xx_radio.o(i.lr11xx_radio_get_gfsk_time_on_air_numerator)
    lr11xx_radio_get_lora_bw_in_hz           0x08004df1   Thumb Code    92  lr11xx_radio.o(i.lr11xx_radio_get_lora_bw_in_hz)
    lr11xx_radio_get_lora_pkt_status         0x08004e65   Thumb Code    76  lr11xx_radio.o(i.lr11xx_radio_get_lora_pkt_status)
    lr11xx_radio_get_lora_time_on_air_in_ms  0x08004eb5   Thumb Code    40  lr11xx_radio.o(i.lr11xx_radio_get_lora_time_on_air_in_ms)
    lr11xx_radio_get_lora_time_on_air_numerator 0x08004edd   Thumb Code   436  lr11xx_radio.o(i.lr11xx_radio_get_lora_time_on_air_numerator)
    lr11xx_radio_get_rx_buffer_status        0x08005099   Thumb Code    52  lr11xx_radio.o(i.lr11xx_radio_get_rx_buffer_status)
    lr11xx_radio_lora_bw_to_str              0x080050d1   Thumb Code    78  lr11xx_radio_types_str.o(i.lr11xx_radio_lora_bw_to_str)
    lr11xx_radio_lora_cr_to_str              0x08005261   Thumb Code    54  lr11xx_radio_types_str.o(i.lr11xx_radio_lora_cr_to_str)
    lr11xx_radio_lora_crc_to_str             0x0800537d   Thumb Code    22  lr11xx_radio_types_str.o(i.lr11xx_radio_lora_crc_to_str)
    lr11xx_radio_lora_iq_to_str              0x080053d5   Thumb Code    22  lr11xx_radio_types_str.o(i.lr11xx_radio_lora_iq_to_str)
    lr11xx_radio_lora_pkt_len_modes_to_str   0x08005435   Thumb Code    22  lr11xx_radio_types_str.o(i.lr11xx_radio_lora_pkt_len_modes_to_str)
    lr11xx_radio_lora_sf_to_str              0x08005495   Thumb Code    56  lr11xx_radio_types_str.o(i.lr11xx_radio_lora_sf_to_str)
    lr11xx_radio_pkt_type_to_str             0x08005595   Thumb Code    44  lr11xx_radio_types_str.o(i.lr11xx_radio_pkt_type_to_str)
    lr11xx_radio_set_lna_mode                0x08005671   Thumb Code    20  lr11xx_radio.o(i.lr11xx_radio_set_lna_mode)
    lr11xx_radio_set_lora_mod_params         0x08005689   Thumb Code    56  lr11xx_radio.o(i.lr11xx_radio_set_lora_mod_params)
    lr11xx_radio_set_lora_pkt_params         0x080056c9   Thumb Code    70  lr11xx_radio.o(i.lr11xx_radio_set_lora_pkt_params)
    lr11xx_radio_set_lora_sync_word          0x08005719   Thumb Code    34  lr11xx_radio.o(i.lr11xx_radio_set_lora_sync_word)
    lr11xx_radio_set_pa_cfg                  0x08005741   Thumb Code    56  lr11xx_radio.o(i.lr11xx_radio_set_pa_cfg)
    lr11xx_radio_set_pkt_type                0x08005781   Thumb Code    34  lr11xx_radio.o(i.lr11xx_radio_set_pkt_type)
    lr11xx_radio_set_rf_freq                 0x080057a9   Thumb Code    56  lr11xx_radio.o(i.lr11xx_radio_set_rf_freq)
    lr11xx_radio_set_rssi_calibration        0x080057e9   Thumb Code   192  lr11xx_radio.o(i.lr11xx_radio_set_rssi_calibration)
    lr11xx_radio_set_rx                      0x080058b9   Thumb Code    24  lr11xx_radio.o(i.lr11xx_radio_set_rx)
    lr11xx_radio_set_rx_tx_fallback_mode     0x080058d1   Thumb Code    34  lr11xx_radio.o(i.lr11xx_radio_set_rx_tx_fallback_mode)
    lr11xx_radio_set_rx_with_timeout_in_rtc_step 0x080058f9   Thumb Code    18  lr11xx_radio.o(i.lr11xx_radio_set_rx_with_timeout_in_rtc_step)
    lr11xx_radio_set_rx_with_timeout_in_rtc_step_and_lna_mode 0x0800590d   Thumb Code   102  lr11xx_radio.o(i.lr11xx_radio_set_rx_with_timeout_in_rtc_step_and_lna_mode)
    lr11xx_radio_set_tx                      0x0800597d   Thumb Code    24  lr11xx_radio.o(i.lr11xx_radio_set_tx)
    lr11xx_radio_set_tx_cw                   0x08005995   Thumb Code    28  lr11xx_radio.o(i.lr11xx_radio_set_tx_cw)
    lr11xx_radio_set_tx_params               0x080059b5   Thumb Code    42  lr11xx_radio.o(i.lr11xx_radio_set_tx_params)
    lr11xx_radio_set_tx_with_timeout_in_rtc_step 0x080059e5   Thumb Code    78  lr11xx_radio.o(i.lr11xx_radio_set_tx_with_timeout_in_rtc_step)
    lr11xx_regmem_read_buffer8               0x08005a55   Thumb Code    44  lr11xx_regmem.o(i.lr11xx_regmem_read_buffer8)
    lr11xx_regmem_write_buffer8              0x08005a85   Thumb Code    30  lr11xx_regmem.o(i.lr11xx_regmem_write_buffer8)
    lr11xx_regmem_write_regmem32_mask        0x08005aa9   Thumb Code    92  lr11xx_regmem.o(i.lr11xx_regmem_write_regmem32_mask)
    lr11xx_system_calibrate                  0x08005b05   Thumb Code    34  lr11xx_system.o(i.lr11xx_system_calibrate)
    lr11xx_system_cfg_lfclk                  0x08005b2d   Thumb Code    40  lr11xx_system.o(i.lr11xx_system_cfg_lfclk)
    lr11xx_system_clear_errors               0x08005b59   Thumb Code    28  lr11xx_system.o(i.lr11xx_system_clear_errors)
    lr11xx_system_clear_irq_status           0x08005b79   Thumb Code    56  lr11xx_system.o(i.lr11xx_system_clear_irq_status)
    lr11xx_system_get_and_clear_irq_status   0x08005bdb   Thumb Code    54  lr11xx_system.o(i.lr11xx_system_get_and_clear_irq_status)
    lr11xx_system_get_errors                 0x08005c11   Thumb Code    54  lr11xx_system.o(i.lr11xx_system_get_errors)
    lr11xx_system_get_status                 0x08005c4d   Thumb Code    90  lr11xx_system.o(i.lr11xx_system_get_status)
    lr11xx_system_get_version                0x08005ca9   Thumb Code    66  lr11xx_system.o(i.lr11xx_system_get_version)
    lr11xx_system_reset                      0x08005cf1   Thumb Code    12  lr11xx_system.o(i.lr11xx_system_reset)
    lr11xx_system_set_dio_as_rf_switch       0x08005cfd   Thumb Code    82  lr11xx_system.o(i.lr11xx_system_set_dio_as_rf_switch)
    lr11xx_system_set_dio_irq_params         0x08005d5d   Thumb Code    84  lr11xx_system.o(i.lr11xx_system_set_dio_irq_params)
    lr11xx_system_set_reg_mode               0x08005dbd   Thumb Code    34  lr11xx_system.o(i.lr11xx_system_set_reg_mode)
    lr11xx_system_set_sleep                  0x08005de5   Thumb Code    78  lr11xx_system.o(i.lr11xx_system_set_sleep)
    lr11xx_system_set_tcxo_mode              0x08005e3d   Thumb Code    56  lr11xx_system.o(i.lr11xx_system_set_tcxo_mode)
    main                                     0x08005e7d   Thumb Code   672  main_per.o(i.main)
    main_loop                                0x08006279   Thumb Code    64  uart_init.o(i.main_loop)
    malloc                                   0x080062c9   Thumb Code    92  malloc.o(i.malloc)
    on_cad_done_detected                     0x08006335   Thumb Code    32  apps_common.o(i.on_cad_done_detected)
    on_cad_done_undetected                   0x0800639d   Thumb Code    32  apps_common.o(i.on_cad_done_undetected)
    on_fsk_len_error                         0x08006405   Thumb Code    10  main_per.o(i.on_fsk_len_error)
    on_gnss_scan_done                        0x08006415   Thumb Code    32  apps_common.o(i.on_gnss_scan_done)
    on_header_error                          0x08006479   Thumb Code    32  apps_common.o(i.on_header_error)
    on_lora_rx_timestamp                     0x080064d9   Thumb Code    32  apps_common.o(i.on_lora_rx_timestamp)
    on_preamble_detected                     0x08006541   Thumb Code    32  apps_common.o(i.on_preamble_detected)
    on_rttof_exchange_valid                  0x080065a9   Thumb Code    32  apps_common.o(i.on_rttof_exchange_valid)
    on_rttof_request_discarded               0x08006611   Thumb Code    32  apps_common.o(i.on_rttof_request_discarded)
    on_rttof_request_valid                   0x0800667d   Thumb Code    32  apps_common.o(i.on_rttof_request_valid)
    on_rttof_response_done                   0x080066e5   Thumb Code    32  apps_common.o(i.on_rttof_response_done)
    on_rttof_timeout                         0x0800674d   Thumb Code    32  apps_common.o(i.on_rttof_timeout)
    on_rx_crc_error                          0x080067b1   Thumb Code    10  main_per.o(i.on_rx_crc_error)
    on_rx_done                               0x080067c1   Thumb Code   332  main_per.o(i.on_rx_done)
    on_rx_timeout                            0x08006a6d   Thumb Code    10  main_per.o(i.on_rx_timeout)
    on_syncword_header_valid                 0x08006a7d   Thumb Code    32  apps_common.o(i.on_syncword_header_valid)
    on_tx_done                               0x08006ae9   Thumb Code   178  main_per.o(i.on_tx_done)
    on_wifi_scan_done                        0x08006c25   Thumb Code    32  apps_common.o(i.on_wifi_scan_done)
    print_common_configuration               0x08006d49   Thumb Code   220  apps_common.o(i.print_common_configuration)
    print_lora_configuration                 0x08006f55   Thumb Code   402  apps_common.o(i.print_lora_configuration)
    radio_on_dio_irq                         0x08007251   Thumb Code     8  apps_common.o(i.radio_on_dio_irq)
    smtc_hal_mcu_gpio_enable_irq             0x0800725d   Thumb Code   160  smtc_hal_mcu_gpio_stm32l4.o(i.smtc_hal_mcu_gpio_enable_irq)
    smtc_hal_mcu_gpio_get_state              0x08007309   Thumb Code   138  smtc_hal_mcu_gpio_stm32l4.o(i.smtc_hal_mcu_gpio_get_state)
    smtc_hal_mcu_gpio_init_input             0x08007395   Thumb Code   208  smtc_hal_mcu_gpio_stm32l4.o(i.smtc_hal_mcu_gpio_init_input)
    smtc_hal_mcu_gpio_init_output            0x08007469   Thumb Code   126  smtc_hal_mcu_gpio_stm32l4.o(i.smtc_hal_mcu_gpio_init_output)
    smtc_hal_mcu_gpio_set_state              0x080074ed   Thumb Code    54  smtc_hal_mcu_gpio_stm32l4.o(i.smtc_hal_mcu_gpio_set_state)
    smtc_hal_mcu_init                        0x08007901   Thumb Code   440  smtc_hal_mcu_stm32l4.o(i.smtc_hal_mcu_init)
    smtc_hal_mcu_spi_init                    0x08007ad1   Thumb Code   258  smtc_hal_mcu_spi_stm32l4.o(i.smtc_hal_mcu_spi_init)
    smtc_hal_mcu_spi_rw_buffer               0x08007be9   Thumb Code   138  smtc_hal_mcu_spi_stm32l4.o(i.smtc_hal_mcu_spi_rw_buffer)
    smtc_hal_mcu_uart_init                   0x08007cbd   Thumb Code   304  smtc_hal_mcu_uart_stm32l4.o(i.smtc_hal_mcu_uart_init)
    smtc_hal_mcu_uart_send                   0x08007e01   Thumb Code    68  smtc_hal_mcu_uart_stm32l4.o(i.smtc_hal_mcu_uart_send)
    smtc_shield_lr1120mb1dis_get_lfclk_cfg   0x08007e6d   Thumb Code     8  smtc_shield_lr1120mb1dis.o(i.smtc_shield_lr1120mb1dis_get_lfclk_cfg)
    smtc_shield_lr1120mb1dis_get_pa_pwr_cfg  0x08007e75   Thumb Code    16  smtc_shield_lr1120mb1dis.o(i.smtc_shield_lr1120mb1dis_get_pa_pwr_cfg)
    smtc_shield_lr1120mb1dis_get_pinout      0x08007e85   Thumb Code     8  smtc_shield_lr1120mb1dis.o(i.smtc_shield_lr1120mb1dis_get_pinout)
    smtc_shield_lr1120mb1dis_get_reg_mode    0x08007e8d   Thumb Code     8  smtc_shield_lr1120mb1dis.o(i.smtc_shield_lr1120mb1dis_get_reg_mode)
    smtc_shield_lr1120mb1dis_get_rf_switch_cfg 0x08007e95   Thumb Code     8  smtc_shield_lr1120mb1dis.o(i.smtc_shield_lr1120mb1dis_get_rf_switch_cfg)
    smtc_shield_lr1120mb1dis_get_rssi_calibration_table 0x08007e9d   Thumb Code    12  smtc_shield_lr1120mb1dis.o(i.smtc_shield_lr1120mb1dis_get_rssi_calibration_table)
    smtc_shield_lr1120mb1dis_get_xosc_cfg    0x08007ea9   Thumb Code     8  smtc_shield_lr1120mb1dis.o(i.smtc_shield_lr1120mb1dis_get_xosc_cfg)
    smtc_shield_lr1120mb1dxs_common_get_pa_pwr_cfg 0x08007eb1   Thumb Code   108  smtc_shield_lr1120mb1dxs_common.o(i.smtc_shield_lr1120mb1dxs_common_get_pa_pwr_cfg)
    smtc_shield_lr11x0_common_get_xosc_cfg   0x08007f3d   Thumb Code     4  smtc_shield_lr11x0_common.o(i.smtc_shield_lr11x0_common_get_xosc_cfg)
    smtc_shield_lr11x0_common_rttof_recommended_rx_tx_delay_indicator 0x08007f45   Thumb Code   162  smtc_shield_lr11x0_common.o(i.smtc_shield_lr11x0_common_rttof_recommended_rx_tx_delay_indicator)
    smtc_shield_lr11xx_common_get_lfclk_cfg  0x08007ffd   Thumb Code     4  smtc_shield_lr11xx_common.o(i.smtc_shield_lr11xx_common_get_lfclk_cfg)
    smtc_shield_lr11xx_common_get_pinout     0x08008005   Thumb Code     4  smtc_shield_lr11xx_common.o(i.smtc_shield_lr11xx_common_get_pinout)
    smtc_shield_lr11xx_common_get_reg_mode   0x0800800d   Thumb Code     4  smtc_shield_lr11xx_common.o(i.smtc_shield_lr11xx_common_get_reg_mode)
    smtc_shield_lr11xx_common_get_rf_switch_cfg 0x08008011   Thumb Code     4  smtc_shield_lr11xx_common.o(i.smtc_shield_lr11xx_common_get_rf_switch_cfg)
    smtc_shield_lr11xx_get_rssi_calibration_table 0x08008039   Thumb Code    32  smtc_shield_lr11xx_common.o(i.smtc_shield_lr11xx_get_rssi_calibration_table)
    smtc_shield_pinout_mapping_get_gpio_cfg  0x0800806d   Thumb Code    10  smtc_shield_pinout_mapping.o(i.smtc_shield_pinout_mapping_get_gpio_cfg)
    uart_init                                0x0800807d   Thumb Code   132  uart_init.o(i.uart_init)
    vprint                                   0x08008345   Thumb Code    44  uart_init.o(i.vprint)
    arduino_mapping                          0x0800844c   Data         176  smtc_shield_pinout_mapping.o(.constdata)
    AHBPrescTable                            0x08008550   Data          16  system_stm32l4xx.o(.constdata)
    APBPrescTable                            0x08008560   Data           8  system_stm32l4xx.o(.constdata)
    MSIRangeTable                            0x08008568   Data          48  system_stm32l4xx.o(.constdata)
    smtc_shield_lr11xx_common_rf_switch_cfg  0x080086e4   Data           8  smtc_shield_lr11xx_common.o(.constdata)
    smtc_shield_lr11xx_common_lfclk_cfg      0x080086ec   Data           2  smtc_shield_lr11xx_common.o(.constdata)
    smtc_shield_lr11xx_common_pinout         0x080086ee   Data           8  smtc_shield_lr11xx_common.o(.constdata)
    smtc_shield_lr11x0_common_xosc_cfg       0x08008818   Data           8  smtc_shield_lr11x0_common.o(.constdata)
    smtc_shield_lr1120mb1dxs_common_pa_pwr_cfg_table 0x08008820   Data         200  smtc_shield_lr1120mb1dxs_common.o(.constdata)
    smtc_shield_lr1120mb1dxs_common_pa_pwr_hf_cfg_table 0x080088e8   Data         160  smtc_shield_lr1120mb1dxs_common.o(.constdata)
    __ctype_table                            0x08008988   Data         129  ctype_o.o(.constdata)
    Region$$Table$$Base                      0x08008ce4   Number         0  anon$$obj.o(Region$$Table)
    Region$$Table$$Limit                     0x08008d04   Number         0  anon$$obj.o(Region$$Table)
    shield                                   0x20000000   Data          32  apps_common.o(.data)
    rx_index                                 0x20000038   Data           2  uart_init.o(.data)
    at_command_received                      0x2000003a   Data           1  uart_init.o(.data)
    rx_length                                0x2000003c   Data           2  uart_init.o(.data)
    AT_start_flag                            0x20000040   Data           4  uart_init.o(.data)
    mode                                     0x200000c0   Data           4  main_per.o(.data)
    ATC_M_TX_OUTPUT_POWER_DBM                0x200000dc   Data           4  atc.o(.data)
    ATC_M_RF_FREQ_IN_HZ                      0x200000e0   Data           4  atc.o(.data)
    ATC_M_TXRX_SWITCH                        0x200000e4   Data           4  atc.o(.data)
    ATC_M_LORA_SF                            0x200000e8   Data           4  atc.o(.data)
    ATC_M_LORA_BW                            0x200000ec   Data           4  atc.o(.data)
    ATC_M_LORA_CR                            0x200000f0   Data           4  atc.o(.data)
    ATC_M_CW_SWITCH                          0x200000f4   Data           4  atc.o(.data)
    ATC_M_NB_FRAME                           0x200000f8   Data           4  atc.o(.data)
    ATC_M_LORA_RX_BOOST                      0x200000fc   Data           4  atc.o(.data)
    ATC_M_LORA_SLEEP                         0x20000100   Data           4  atc.o(.data)
    SystemCoreClock                          0x20000104   Data           4  system_stm32l4xx.o(.data)
    __microlib_freelist                      0x2000010c   Data           4  mvars.o(.data)
    __microlib_freelist_initialised          0x20000110   Data           4  mvars.o(.data)
    rx_buffer                                0x20000190   Data         256  uart_init.o(.bss)
    __heap_base                              0x20000670   Data           0  startup_stm32l476xx.o(HEAP)
    __heap_limit                             0x20000870   Data           0  startup_stm32l476xx.o(HEAP)
    __initial_sp                             0x20000c70   Data           0  startup_stm32l476xx.o(STACK)



==============================================================================

Memory Map of the image

  Image Entry point : 0x08000189

  Load Region LR_IROM1 (Base: 0x08000000, Size: 0x00008e1c, Max: 0x00100000, ABSOLUTE)

    Execution Region ER_IROM1 (Exec base: 0x08000000, Load base: 0x08000000, Size: 0x00008d04, Max: 0x00100000, ABSOLUTE)

    Exec Addr    Load Addr    Size         Type   Attr      Idx    E Section Name        Object

    0x08000000   0x08000000   0x00000188   Data   RO            3    RESET               startup_stm32l476xx.o
    0x08000188   0x08000188   0x00000000   Code   RO         4765  * .ARM.Collect$$$$00000000  mc_w.l(entry.o)
    0x08000188   0x08000188   0x00000004   Code   RO         4858    .ARM.Collect$$$$00000001  mc_w.l(entry2.o)
    0x0800018c   0x0800018c   0x00000004   Code   RO         4861    .ARM.Collect$$$$00000004  mc_w.l(entry5.o)
    0x08000190   0x08000190   0x00000000   Code   RO         4863    .ARM.Collect$$$$00000008  mc_w.l(entry7b.o)
    0x08000190   0x08000190   0x00000000   Code   RO         4865    .ARM.Collect$$$$0000000A  mc_w.l(entry8b.o)
    0x08000190   0x08000190   0x00000008   Code   RO         4866    .ARM.Collect$$$$0000000B  mc_w.l(entry9a.o)
    0x08000198   0x08000198   0x00000000   Code   RO         4868    .ARM.Collect$$$$0000000D  mc_w.l(entry10a.o)
    0x08000198   0x08000198   0x00000000   Code   RO         4870    .ARM.Collect$$$$0000000F  mc_w.l(entry11a.o)
    0x08000198   0x08000198   0x00000004   Code   RO         4859    .ARM.Collect$$$$00002712  mc_w.l(entry2.o)
    0x0800019c   0x0800019c   0x00000024   Code   RO            4    .text               startup_stm32l476xx.o
    0x080001c0   0x080001c0   0x00000024   Code   RO         4768    .text               mc_w.l(memcpya.o)
    0x080001e4   0x080001e4   0x00000024   Code   RO         4770    .text               mc_w.l(memseta.o)
    0x08000208   0x08000208   0x00000024   Code   RO         4772    .text               mc_w.l(strstr.o)
    0x0800022c   0x0800022c   0x00000018   Code   RO         4774    .text               mc_w.l(strncpy.o)
    0x08000244   0x08000244   0x0000000e   Code   RO         4776    .text               mc_w.l(strlen.o)
    0x08000252   0x08000252   0x00000002   PAD
    0x08000254   0x08000254   0x00000044   Code   RO         4778    .text               mc_w.l(strtok.o)
    0x08000298   0x08000298   0x00000078   Code   RO         4842    .text               mc_w.l(strtoul.o)
    0x08000310   0x08000310   0x0000001a   Code   RO         4844    .text               mc_w.l(atoi.o)
    0x0800032a   0x0800032a   0x0000015e   Code   RO         4846    .text               mf_w.l(dadd.o)
    0x08000488   0x08000488   0x000000ea   Code   RO         4848    .text               mf_w.l(dmul.o)
    0x08000572   0x08000572   0x000000de   Code   RO         4850    .text               mf_w.l(ddiv.o)
    0x08000650   0x08000650   0x0000002c   Code   RO         4875    .text               mc_w.l(uidiv.o)
    0x0800067c   0x0800067c   0x00000068   Code   RO         4877    .text               mc_w.l(uldiv.o)
    0x080006e4   0x080006e4   0x0000001e   Code   RO         4879    .text               mc_w.l(llshl.o)
    0x08000702   0x08000702   0x00000024   Code   RO         4881    .text               mc_w.l(llsshr.o)
    0x08000726   0x08000726   0x00000002   PAD
    0x08000728   0x08000728   0x00000008   Code   RO         4883    .text               mc_w.l(ctype_o.o)
    0x08000730   0x08000730   0x000000a4   Code   RO         4920    .text               mc_w.l(_strtoul.o)
    0x080007d4   0x080007d4   0x00000070   Code   RO         4922    .text               mc_w.l(strtol.o)
    0x08000844   0x08000844   0x00000000   Code   RO         4924    .text               mc_w.l(iusefp.o)
    0x08000844   0x08000844   0x000000ba   Code   RO         4927    .text               mf_w.l(depilogue.o)
    0x080008fe   0x080008fe   0x00000030   Code   RO         4929    .text               mf_w.l(dfixul.o)
    0x0800092e   0x0800092e   0x00000002   PAD
    0x08000930   0x08000930   0x00000030   Code   RO         4931    .text               mf_w.l(cdrcmple.o)
    0x08000960   0x08000960   0x00000024   Code   RO         4933    .text               mc_w.l(init.o)
    0x08000984   0x08000984   0x00000020   Code   RO         4936    .text               mc_w.l(llushr.o)
    0x080009a4   0x080009a4   0x0000001c   Code   RO         4938    .text               mc_w.l(_chval.o)
    0x080009c0   0x080009c0   0x00000070   Code   RO          646    i.ATC_IdleLine      uart_init.o
    0x08000a30   0x08000a30   0x00000158   Code   RO          945    i.ATC_Init          atc.o
    0x08000b88   0x08000b88   0x00000090   Code   RO          946    i.ATC_Loop          atc.o
    0x08000c18   0x08000c18   0x00000088   Code   RO          947    i.ATC_SetEvents     atc.o
    0x08000ca0   0x08000ca0   0x0000017c   Code   RO          647    i.AT_BW_Callback    uart_init.o
    0x08000e1c   0x08000e1c   0x00000128   Code   RO          648    i.AT_CR_Callback    uart_init.o
    0x08000f44   0x08000f44   0x0000009c   Code   RO          649    i.AT_CW_event_callback  uart_init.o
    0x08000fe0   0x08000fe0   0x00000110   Code   RO          650    i.AT_Freq_Callback  uart_init.o
    0x080010f0   0x080010f0   0x00000964   Code   RO          651    i.AT_Help_Callback  uart_init.o
    0x08001a54   0x08001a54   0x0000009c   Code   RO          652    i.AT_NB_FRAME_event_callback  uart_init.o
    0x08001af0   0x08001af0   0x00000094   Code   RO          653    i.AT_Param_Callback  uart_init.o
    0x08001b84   0x08001b84   0x000000a4   Code   RO          654    i.AT_Power_Callback  uart_init.o
    0x08001c28   0x08001c28   0x000000a0   Code   RO          655    i.AT_RX_BOOST_event_callback  uart_init.o
    0x08001cc8   0x08001cc8   0x00000128   Code   RO          656    i.AT_SF_Callback    uart_init.o
    0x08001df0   0x08001df0   0x0000009c   Code   RO          657    i.AT_SLEEP_event_callback  uart_init.o
    0x08001e8c   0x08001e8c   0x00000090   Code   RO          658    i.AT_START_event_callback  uart_init.o
    0x08001f1c   0x08001f1c   0x0000009c   Code   RO          659    i.AT_TRSW_event_callback  uart_init.o
    0x08001fb8   0x08001fb8   0x00000018   Code   RO         3524    i.EXTI0_IRQHandler  smtc_hal_mcu_gpio_stm32l4.o
    0x08001fd0   0x08001fd0   0x000000a0   Code   RO         3525    i.EXTI15_10_IRQHandler  smtc_hal_mcu_gpio_stm32l4.o
    0x08002070   0x08002070   0x00000018   Code   RO         3526    i.EXTI1_IRQHandler  smtc_hal_mcu_gpio_stm32l4.o
    0x08002088   0x08002088   0x00000018   Code   RO         3527    i.EXTI2_IRQHandler  smtc_hal_mcu_gpio_stm32l4.o
    0x080020a0   0x080020a0   0x00000018   Code   RO         3528    i.EXTI3_IRQHandler  smtc_hal_mcu_gpio_stm32l4.o
    0x080020b8   0x080020b8   0x00000018   Code   RO         3529    i.EXTI4_IRQHandler  smtc_hal_mcu_gpio_stm32l4.o
    0x080020d0   0x080020d0   0x00000074   Code   RO         3530    i.EXTI9_5_IRQHandler  smtc_hal_mcu_gpio_stm32l4.o
    0x08002144   0x08002144   0x0000001c   Code   RO         3532    i.LL_AHB2_GRP1_EnableClock  smtc_hal_mcu_gpio_stm32l4.o
    0x08002160   0x08002160   0x0000001c   Code   RO         3791    i.LL_AHB2_GRP1_EnableClock  smtc_hal_mcu_uart_stm32l4.o
    0x0800217c   0x0800217c   0x0000001c   Code   RO         4020    i.LL_AHB2_GRP1_EnableClock  smtc_hal_mcu_spi_stm32l4.o
    0x08002198   0x08002198   0x0000000c   Code   RO         3534    i.LL_EXTI_ClearFlag_0_31  smtc_hal_mcu_gpio_stm32l4.o
    0x080021a4   0x080021a4   0x00000010   Code   RO         1720    i.LL_EXTI_DisableEvent_0_31  stm32l4xx_ll_exti.o
    0x080021b4   0x080021b4   0x00000010   Code   RO         1721    i.LL_EXTI_DisableEvent_32_63  stm32l4xx_ll_exti.o
    0x080021c4   0x080021c4   0x00000010   Code   RO         1722    i.LL_EXTI_DisableIT_0_31  stm32l4xx_ll_exti.o
    0x080021d4   0x080021d4   0x00000010   Code   RO         1723    i.LL_EXTI_DisableIT_32_63  stm32l4xx_ll_exti.o
    0x080021e4   0x080021e4   0x00000010   Code   RO         1724    i.LL_EXTI_EnableEvent_0_31  stm32l4xx_ll_exti.o
    0x080021f4   0x080021f4   0x00000010   Code   RO         1725    i.LL_EXTI_EnableEvent_32_63  stm32l4xx_ll_exti.o
    0x08002204   0x08002204   0x00000010   Code   RO         1726    i.LL_EXTI_EnableFallingTrig_0_31  stm32l4xx_ll_exti.o
    0x08002214   0x08002214   0x00000010   Code   RO         1727    i.LL_EXTI_EnableFallingTrig_32_63  stm32l4xx_ll_exti.o
    0x08002224   0x08002224   0x00000010   Code   RO         1728    i.LL_EXTI_EnableIT_0_31  stm32l4xx_ll_exti.o
    0x08002234   0x08002234   0x00000010   Code   RO         1729    i.LL_EXTI_EnableIT_32_63  stm32l4xx_ll_exti.o
    0x08002244   0x08002244   0x00000010   Code   RO         1730    i.LL_EXTI_EnableRisingTrig_0_31  stm32l4xx_ll_exti.o
    0x08002254   0x08002254   0x00000010   Code   RO         1731    i.LL_EXTI_EnableRisingTrig_32_63  stm32l4xx_ll_exti.o
    0x08002264   0x08002264   0x00000170   Code   RO         1732    i.LL_EXTI_Init      stm32l4xx_ll_exti.o
    0x080023d4   0x080023d4   0x00000018   Code   RO         3535    i.LL_EXTI_IsActiveFlag_0_31  smtc_hal_mcu_gpio_stm32l4.o
    0x080023ec   0x080023ec   0x0000012e   Code   RO         1640    i.LL_GPIO_Init      stm32l4xx_ll_gpio.o
    0x0800251a   0x0800251a   0x0000001c   Code   RO         1818    i.LL_Init1msTick    stm32l4xx_ll_utils.o
    0x08002536   0x08002536   0x00000002   PAD
    0x08002538   0x08002538   0x000000cc   Code   RO         1361    i.LL_RCC_GetUARTClockFreq  stm32l4xx_ll_rcc.o
    0x08002604   0x08002604   0x00000014   Code   RO         1362    i.LL_RCC_GetUARTClockSource  stm32l4xx_ll_rcc.o
    0x08002618   0x08002618   0x0000011c   Code   RO         1363    i.LL_RCC_GetUSARTClockFreq  stm32l4xx_ll_rcc.o
    0x08002734   0x08002734   0x00000014   Code   RO         1364    i.LL_RCC_GetUSARTClockSource  stm32l4xx_ll_rcc.o
    0x08002748   0x08002748   0x00000010   Code   RO         1366    i.LL_RCC_HSI_IsReady  stm32l4xx_ll_rcc.o
    0x08002758   0x08002758   0x00000010   Code   RO         1367    i.LL_RCC_LSE_IsReady  stm32l4xx_ll_rcc.o
    0x08002768   0x08002768   0x00000010   Code   RO         1369    i.LL_RCC_MSI_GetRange  stm32l4xx_ll_rcc.o
    0x08002778   0x08002778   0x00000010   Code   RO         1370    i.LL_RCC_MSI_GetRangeAfterStandby  stm32l4xx_ll_rcc.o
    0x08002788   0x08002788   0x00000010   Code   RO         1371    i.LL_RCC_MSI_IsEnabledRangeSelect  stm32l4xx_ll_rcc.o
    0x08002798   0x08002798   0x00000010   Code   RO         1380    i.LL_RCC_PLL_GetDivider  stm32l4xx_ll_rcc.o
    0x080027a8   0x080027a8   0x00000010   Code   RO         1381    i.LL_RCC_PLL_GetMainSource  stm32l4xx_ll_rcc.o
    0x080027b8   0x080027b8   0x00000010   Code   RO         1382    i.LL_RCC_PLL_GetN   stm32l4xx_ll_rcc.o
    0x080027c8   0x080027c8   0x0000007e   Code   RO          989    i.LL_SPI_Init       stm32l4xx_ll_spi.o
    0x08002846   0x08002846   0x00000002   PAD
    0x08002848   0x08002848   0x0000000c   Code   RO         1829    i.LL_SetSystemCoreClock  stm32l4xx_ll_utils.o
    0x08002854   0x08002854   0x00000108   Code   RO         1283    i.LL_USART_Init     stm32l4xx_ll_usart.o
    0x0800295c   0x0800295c   0x0000000a   Code   RO         3792    i.LL_USART_IsActiveFlag_RXNE  smtc_hal_mcu_uart_stm32l4.o
    0x08002966   0x08002966   0x0000000a   Code   RO         1284    i.LL_USART_IsEnabled  stm32l4xx_ll_usart.o
    0x08002970   0x08002970   0x0000000a   Code   RO         3793    i.LL_USART_IsEnabled  smtc_hal_mcu_uart_stm32l4.o
    0x0800297a   0x0800297a   0x0000002c   Code   RO         1830    i.LL_mDelay         stm32l4xx_ll_utils.o
    0x080029a6   0x080029a6   0x00000002   PAD
    0x080029a8   0x080029a8   0x00000058   Code   RO         3888    i.LPTIM1_IRQHandler  smtc_hal_mcu_timer_stm32l4.o
    0x08002a00   0x08002a00   0x00000020   Code   RO         1386    i.RCC_GetHCLKClockFreq  stm32l4xx_ll_rcc.o
    0x08002a20   0x08002a20   0x00000024   Code   RO         1387    i.RCC_GetPCLK1ClockFreq  stm32l4xx_ll_rcc.o
    0x08002a44   0x08002a44   0x00000024   Code   RO         1388    i.RCC_GetPCLK2ClockFreq  stm32l4xx_ll_rcc.o
    0x08002a68   0x08002a68   0x000000bc   Code   RO         1389    i.RCC_GetSystemClockFreq  stm32l4xx_ll_rcc.o
    0x08002b24   0x08002b24   0x000000d4   Code   RO         1397    i.RCC_PLL_GetFreqDomain_SYS  stm32l4xx_ll_rcc.o
    0x08002bf8   0x08002bf8   0x00000014   Code   RO         1936    i.SystemInit        system_stm32l4xx.o
    0x08002c0c   0x08002c0c   0x0000006c   Code   RO         3795    i.USART2_IRQHandler  smtc_hal_mcu_uart_stm32l4.o
    0x08002c78   0x08002c78   0x00000024   Code   RO         4793    i.__0vsprintf       mc_w.l(printfa.o)
    0x08002c9c   0x08002c9c   0x00000008   Code   RO         4913    i.__aeabi_errno_addr  mc_w.l(errno.o)
    0x08002ca4   0x08002ca4   0x0000000e   Code   RO         4943    i.__scatterload_copy  mc_w.l(handlers.o)
    0x08002cb2   0x08002cb2   0x00000002   Code   RO         4944    i.__scatterload_null  mc_w.l(handlers.o)
    0x08002cb4   0x08002cb4   0x0000000e   Code   RO         4945    i.__scatterload_zeroinit  mc_w.l(handlers.o)
    0x08002cc2   0x08002cc2   0x00000002   PAD
    0x08002cc4   0x08002cc4   0x0000018a   Code   RO         4794    i._fp_digits        mc_w.l(printfa.o)
    0x08002e4e   0x08002e4e   0x00000002   PAD
    0x08002e50   0x08002e50   0x000006e2   Code   RO         4795    i._printf_core      mc_w.l(printfa.o)
    0x08003532   0x08003532   0x00000024   Code   RO         4796    i._printf_post_padding  mc_w.l(printfa.o)
    0x08003556   0x08003556   0x0000002e   Code   RO         4797    i._printf_pre_padding  mc_w.l(printfa.o)
    0x08003584   0x08003584   0x0000000a   Code   RO         4799    i._sputc            mc_w.l(printfa.o)
    0x0800358e   0x0800358e   0x0000007a   Code   RO           13    i.apps_common_compute_lora_ldro  apps_common.o
    0x08003608   0x08003608   0x00000014   Code   RO           14    i.apps_common_lr11xx_fetch_and_print_version  apps_common.o
    0x0800361c   0x0800361c   0x000000b0   Code   RO           15    i.apps_common_lr11xx_fetch_version  apps_common.o
    0x080036cc   0x080036cc   0x000000c0   Code   RO           16    i.apps_common_lr11xx_get_context  apps_common.o
    0x0800378c   0x0800378c   0x00000020   Code   RO           18    i.apps_common_lr11xx_handle_post_rx  apps_common.o
    0x080037ac   0x080037ac   0x00000020   Code   RO           19    i.apps_common_lr11xx_handle_post_tx  apps_common.o
    0x080037cc   0x080037cc   0x00000020   Code   RO           22    i.apps_common_lr11xx_handle_pre_rx  apps_common.o
    0x080037ec   0x080037ec   0x00000020   Code   RO           23    i.apps_common_lr11xx_handle_pre_tx  apps_common.o
    0x0800380c   0x0800380c   0x00000598   Code   RO           25    i.apps_common_lr11xx_irq_process  apps_common.o
    0x08003da4   0x08003da4   0x00000208   Code   RO           26    i.apps_common_lr11xx_print_version  apps_common.o
    0x08003fac   0x08003fac   0x0000037c   Code   RO           28    i.apps_common_lr11xx_radio_init  apps_common.o
    0x08004328   0x08004328   0x0000025c   Code   RO           30    i.apps_common_lr11xx_receive  apps_common.o
    0x08004584   0x08004584   0x00000322   Code   RO           31    i.apps_common_lr11xx_system_init  apps_common.o
    0x080048a6   0x080048a6   0x00000002   PAD
    0x080048a8   0x080048a8   0x00000044   Code   RO           32    i.apps_common_print_sdk_driver_version  apps_common.o
    0x080048ec   0x080048ec   0x000000e8   Code   RO           33    i.apps_common_shield_init  apps_common.o
    0x080049d4   0x080049d4   0x00000090   Code   RO          660    i.atc_per_event_callback  uart_init.o
    0x08004a64   0x08004a64   0x00000054   Code   RO          628    i.common_version_print  common_version.o
    0x08004ab8   0x08004ab8   0x00000050   Code   RO         4814    i.free              mc_w.l(malloc.o)
    0x08004b08   0x08004b08   0x00000034   Code   RO           34    i.get_time_on_air_in_ms  apps_common.o
    0x08004b3c   0x08004b3c   0x0000001a   Code   RO          563    i.hal_mcu_trace_print  smtc_hal_dbg_trace.o
    0x08004b56   0x08004b56   0x00000002   PAD
    0x08004b58   0x08004b58   0x0000000c   Code   RO         2170    i.lr11xx_driver_version_get_version_string  lr11xx_driver_version.o
    0x08004b64   0x08004b64   0x00000034   Code   RO         4087    i.lr11xx_hal_direct_read  lr11xx_hal.o
    0x08004b98   0x08004b98   0x00000074   Code   RO         4088    i.lr11xx_hal_read   lr11xx_hal.o
    0x08004c0c   0x08004c0c   0x00000020   Code   RO         4089    i.lr11xx_hal_reset  lr11xx_hal.o
    0x08004c2c   0x08004c2c   0x0000001a   Code   RO         4090    i.lr11xx_hal_wait_on_busy  lr11xx_hal.o
    0x08004c46   0x08004c46   0x00000046   Code   RO         4092    i.lr11xx_hal_write  lr11xx_hal.o
    0x08004c8c   0x08004c8c   0x00000018   Code   RO         2575    i.lr11xx_radio_apply_high_acp_workaround  lr11xx_radio.o
    0x08004ca4   0x08004ca4   0x00000028   Code   RO         2579    i.lr11xx_radio_cfg_rx_boosted  lr11xx_radio.o
    0x08004ccc   0x08004ccc   0x0000000e   Code   RO         2581    i.lr11xx_radio_convert_time_in_ms_to_rtc_step  lr11xx_radio.o
    0x08004cda   0x08004cda   0x00000002   PAD
    0x08004cdc   0x08004cdc   0x00000088   Code   RO         4472    i.lr11xx_radio_fallback_modes_to_str  lr11xx_radio_types_str.o
    0x08004d64   0x08004d64   0x00000020   Code   RO         2585    i.lr11xx_radio_get_gfsk_time_on_air_in_ms  lr11xx_radio.o
    0x08004d84   0x08004d84   0x0000006a   Code   RO         2586    i.lr11xx_radio_get_gfsk_time_on_air_numerator  lr11xx_radio.o
    0x08004dee   0x08004dee   0x00000002   PAD
    0x08004df0   0x08004df0   0x00000074   Code   RO         2587    i.lr11xx_radio_get_lora_bw_in_hz  lr11xx_radio.o
    0x08004e64   0x08004e64   0x00000050   Code   RO         2588    i.lr11xx_radio_get_lora_pkt_status  lr11xx_radio.o
    0x08004eb4   0x08004eb4   0x00000028   Code   RO         2591    i.lr11xx_radio_get_lora_time_on_air_in_ms  lr11xx_radio.o
    0x08004edc   0x08004edc   0x000001ba   Code   RO         2592    i.lr11xx_radio_get_lora_time_on_air_numerator  lr11xx_radio.o
    0x08005096   0x08005096   0x00000002   PAD
    0x08005098   0x08005098   0x00000038   Code   RO         2595    i.lr11xx_radio_get_rx_buffer_status  lr11xx_radio.o
    0x080050d0   0x080050d0   0x00000190   Code   RO         4481    i.lr11xx_radio_lora_bw_to_str  lr11xx_radio_types_str.o
    0x08005260   0x08005260   0x0000011c   Code   RO         4482    i.lr11xx_radio_lora_cr_to_str  lr11xx_radio_types_str.o
    0x0800537c   0x0800537c   0x00000058   Code   RO         4483    i.lr11xx_radio_lora_crc_to_str  lr11xx_radio_types_str.o
    0x080053d4   0x080053d4   0x00000060   Code   RO         4484    i.lr11xx_radio_lora_iq_to_str  lr11xx_radio_types_str.o
    0x08005434   0x08005434   0x00000060   Code   RO         4486    i.lr11xx_radio_lora_pkt_len_modes_to_str  lr11xx_radio_types_str.o
    0x08005494   0x08005494   0x00000100   Code   RO         4487    i.lr11xx_radio_lora_sf_to_str  lr11xx_radio_types_str.o
    0x08005594   0x08005594   0x000000dc   Code   RO         4492    i.lr11xx_radio_pkt_type_to_str  lr11xx_radio_types_str.o
    0x08005670   0x08005670   0x00000018   Code   RO         2606    i.lr11xx_radio_set_lna_mode  lr11xx_radio.o
    0x08005688   0x08005688   0x00000040   Code   RO         2607    i.lr11xx_radio_set_lora_mod_params  lr11xx_radio.o
    0x080056c8   0x080056c8   0x00000050   Code   RO         2608    i.lr11xx_radio_set_lora_pkt_params  lr11xx_radio.o
    0x08005718   0x08005718   0x00000028   Code   RO         2612    i.lr11xx_radio_set_lora_sync_word  lr11xx_radio.o
    0x08005740   0x08005740   0x00000040   Code   RO         2615    i.lr11xx_radio_set_pa_cfg  lr11xx_radio.o
    0x08005780   0x08005780   0x00000028   Code   RO         2617    i.lr11xx_radio_set_pkt_type  lr11xx_radio.o
    0x080057a8   0x080057a8   0x00000040   Code   RO         2618    i.lr11xx_radio_set_rf_freq  lr11xx_radio.o
    0x080057e8   0x080057e8   0x000000d0   Code   RO         2619    i.lr11xx_radio_set_rssi_calibration  lr11xx_radio.o
    0x080058b8   0x080058b8   0x00000018   Code   RO         2620    i.lr11xx_radio_set_rx  lr11xx_radio.o
    0x080058d0   0x080058d0   0x00000028   Code   RO         2624    i.lr11xx_radio_set_rx_tx_fallback_mode  lr11xx_radio.o
    0x080058f8   0x080058f8   0x00000012   Code   RO         2625    i.lr11xx_radio_set_rx_with_timeout_in_rtc_step  lr11xx_radio.o
    0x0800590a   0x0800590a   0x00000002   PAD
    0x0800590c   0x0800590c   0x00000070   Code   RO         2626    i.lr11xx_radio_set_rx_with_timeout_in_rtc_step_and_lna_mode  lr11xx_radio.o
    0x0800597c   0x0800597c   0x00000018   Code   RO         2627    i.lr11xx_radio_set_tx  lr11xx_radio.o
    0x08005994   0x08005994   0x00000020   Code   RO         2628    i.lr11xx_radio_set_tx_cw  lr11xx_radio.o
    0x080059b4   0x080059b4   0x00000030   Code   RO         2630    i.lr11xx_radio_set_tx_params  lr11xx_radio.o
    0x080059e4   0x080059e4   0x00000058   Code   RO         2631    i.lr11xx_radio_set_tx_with_timeout_in_rtc_step  lr11xx_radio.o
    0x08005a3c   0x08005a3c   0x00000016   Code   RO         3016    i.lr11xx_regmem_fill_cbuffer_opcode_address  lr11xx_regmem.o
    0x08005a52   0x08005a52   0x00000002   PAD
    0x08005a54   0x08005a54   0x00000030   Code   RO         3020    i.lr11xx_regmem_read_buffer8  lr11xx_regmem.o
    0x08005a84   0x08005a84   0x00000024   Code   RO         3023    i.lr11xx_regmem_write_buffer8  lr11xx_regmem.o
    0x08005aa8   0x08005aa8   0x0000005c   Code   RO         3026    i.lr11xx_regmem_write_regmem32_mask  lr11xx_regmem.o
    0x08005b04   0x08005b04   0x00000028   Code   RO         3094    i.lr11xx_system_calibrate  lr11xx_system.o
    0x08005b2c   0x08005b2c   0x0000002c   Code   RO         3097    i.lr11xx_system_cfg_lfclk  lr11xx_system.o
    0x08005b58   0x08005b58   0x00000020   Code   RO         3098    i.lr11xx_system_clear_errors  lr11xx_system.o
    0x08005b78   0x08005b78   0x00000040   Code   RO         3099    i.lr11xx_system_clear_irq_status  lr11xx_system.o
    0x08005bb8   0x08005bb8   0x0000000e   Code   RO         3101    i.lr11xx_system_convert_stat1_byte_to_enum  lr11xx_system.o
    0x08005bc6   0x08005bc6   0x00000014   Code   RO         3102    i.lr11xx_system_convert_stat2_byte_to_enum  lr11xx_system.o
    0x08005bda   0x08005bda   0x00000036   Code   RO         3106    i.lr11xx_system_get_and_clear_irq_status  lr11xx_system.o
    0x08005c10   0x08005c10   0x0000003c   Code   RO         3107    i.lr11xx_system_get_errors  lr11xx_system.o
    0x08005c4c   0x08005c4c   0x0000005a   Code   RO         3109    i.lr11xx_system_get_status  lr11xx_system.o
    0x08005ca6   0x08005ca6   0x00000002   PAD
    0x08005ca8   0x08005ca8   0x00000048   Code   RO         3112    i.lr11xx_system_get_version  lr11xx_system.o
    0x08005cf0   0x08005cf0   0x0000000c   Code   RO         3119    i.lr11xx_system_reset  lr11xx_system.o
    0x08005cfc   0x08005cfc   0x00000060   Code   RO         3120    i.lr11xx_system_set_dio_as_rf_switch  lr11xx_system.o
    0x08005d5c   0x08005d5c   0x00000060   Code   RO         3121    i.lr11xx_system_set_dio_irq_params  lr11xx_system.o
    0x08005dbc   0x08005dbc   0x00000028   Code   RO         3123    i.lr11xx_system_set_reg_mode  lr11xx_system.o
    0x08005de4   0x08005de4   0x00000058   Code   RO         3124    i.lr11xx_system_set_sleep  lr11xx_system.o
    0x08005e3c   0x08005e3c   0x00000040   Code   RO         3126    i.lr11xx_system_set_tcxo_mode  lr11xx_system.o
    0x08005e7c   0x08005e7c   0x000003fc   Code   RO          804    i.main              main_per.o
    0x08006278   0x08006278   0x00000050   Code   RO          661    i.main_loop         uart_init.o
    0x080062c8   0x080062c8   0x0000006c   Code   RO         4815    i.malloc            mc_w.l(malloc.o)
    0x08006334   0x08006334   0x00000068   Code   RO           35    i.on_cad_done_detected  apps_common.o
    0x0800639c   0x0800639c   0x00000068   Code   RO           36    i.on_cad_done_undetected  apps_common.o
    0x08006404   0x08006404   0x00000010   Code   RO          805    i.on_fsk_len_error  main_per.o
    0x08006414   0x08006414   0x00000064   Code   RO           38    i.on_gnss_scan_done  apps_common.o
    0x08006478   0x08006478   0x00000060   Code   RO           39    i.on_header_error   apps_common.o
    0x080064d8   0x080064d8   0x00000068   Code   RO           40    i.on_lora_rx_timestamp  apps_common.o
    0x08006540   0x08006540   0x00000068   Code   RO           41    i.on_preamble_detected  apps_common.o
    0x080065a8   0x080065a8   0x00000068   Code   RO           42    i.on_rttof_exchange_valid  apps_common.o
    0x08006610   0x08006610   0x0000006c   Code   RO           43    i.on_rttof_request_discarded  apps_common.o
    0x0800667c   0x0800667c   0x00000068   Code   RO           44    i.on_rttof_request_valid  apps_common.o
    0x080066e4   0x080066e4   0x00000068   Code   RO           45    i.on_rttof_response_done  apps_common.o
    0x0800674c   0x0800674c   0x00000064   Code   RO           46    i.on_rttof_timeout  apps_common.o
    0x080067b0   0x080067b0   0x00000010   Code   RO          806    i.on_rx_crc_error   main_per.o
    0x080067c0   0x080067c0   0x000002ac   Code   RO          807    i.on_rx_done        main_per.o
    0x08006a6c   0x08006a6c   0x00000010   Code   RO          808    i.on_rx_timeout     main_per.o
    0x08006a7c   0x08006a7c   0x0000006c   Code   RO           50    i.on_syncword_header_valid  apps_common.o
    0x08006ae8   0x08006ae8   0x0000013c   Code   RO          809    i.on_tx_done        main_per.o
    0x08006c24   0x08006c24   0x00000064   Code   RO           52    i.on_wifi_scan_done  apps_common.o
    0x08006c88   0x08006c88   0x000000c0   Code   RO          810    i.per_reception_failure_handling  main_per.o
    0x08006d48   0x08006d48   0x000001b0   Code   RO           53    i.print_common_configuration  apps_common.o
    0x08006ef8   0x08006ef8   0x0000005c   Code   RO           54    i.print_driver_version  apps_common.o
    0x08006f54   0x08006f54   0x000002fc   Code   RO           56    i.print_lora_configuration  apps_common.o
    0x08007250   0x08007250   0x0000000c   Code   RO           57    i.radio_on_dio_irq  apps_common.o
    0x0800725c   0x0800725c   0x000000ac   Code   RO         3538    i.smtc_hal_mcu_gpio_enable_irq  smtc_hal_mcu_gpio_stm32l4.o
    0x08007308   0x08007308   0x0000008a   Code   RO         3539    i.smtc_hal_mcu_gpio_get_state  smtc_hal_mcu_gpio_stm32l4.o
    0x08007392   0x08007392   0x00000002   PAD
    0x08007394   0x08007394   0x000000d4   Code   RO         3540    i.smtc_hal_mcu_gpio_init_input  smtc_hal_mcu_gpio_stm32l4.o
    0x08007468   0x08007468   0x00000084   Code   RO         3541    i.smtc_hal_mcu_gpio_init_output  smtc_hal_mcu_gpio_stm32l4.o
    0x080074ec   0x080074ec   0x00000036   Code   RO         3542    i.smtc_hal_mcu_gpio_set_state  smtc_hal_mcu_gpio_stm32l4.o
    0x08007522   0x08007522   0x00000002   PAD
    0x08007524   0x08007524   0x0000005c   Code   RO         3543    i.smtc_hal_mcu_gpio_stm32l4_call_exti_callback  smtc_hal_mcu_gpio_stm32l4.o
    0x08007580   0x08007580   0x00000098   Code   RO         3545    i.smtc_hal_mcu_gpio_stm32l4_enable_clock  smtc_hal_mcu_gpio_stm32l4.o
    0x08007618   0x08007618   0x00000214   Code   RO         3546    i.smtc_hal_mcu_gpio_stm32l4_get_exti_cfg  smtc_hal_mcu_gpio_stm32l4.o
    0x0800782c   0x0800782c   0x0000002c   Code   RO         3547    i.smtc_hal_mcu_gpio_stm32l4_get_free_slot  smtc_hal_mcu_gpio_stm32l4.o
    0x08007858   0x08007858   0x00000034   Code   RO         3548    i.smtc_hal_mcu_gpio_stm32l4_get_trigger  smtc_hal_mcu_gpio_stm32l4.o
    0x0800788c   0x0800788c   0x0000004c   Code   RO         3550    i.smtc_hal_mcu_gpio_stm32l4_is_configured  smtc_hal_mcu_gpio_stm32l4.o
    0x080078d8   0x080078d8   0x00000028   Code   RO         3551    i.smtc_hal_mcu_gpio_stm32l4_is_real_inst  smtc_hal_mcu_gpio_stm32l4.o
    0x08007900   0x08007900   0x000001d0   Code   RO         3987    i.smtc_hal_mcu_init  smtc_hal_mcu_stm32l4.o
    0x08007ad0   0x08007ad0   0x00000118   Code   RO         4022    i.smtc_hal_mcu_spi_init  smtc_hal_mcu_spi_stm32l4.o
    0x08007be8   0x08007be8   0x0000008a   Code   RO         4023    i.smtc_hal_mcu_spi_rw_buffer  smtc_hal_mcu_spi_stm32l4.o
    0x08007c72   0x08007c72   0x00000002   PAD
    0x08007c74   0x08007c74   0x00000024   Code   RO         4024    i.smtc_hal_mcu_spi_stm32l4_get_free_slot  smtc_hal_mcu_spi_stm32l4.o
    0x08007c98   0x08007c98   0x00000024   Code   RO         4025    i.smtc_hal_mcu_spi_stm32l4_is_real_inst  smtc_hal_mcu_spi_stm32l4.o
    0x08007cbc   0x08007cbc   0x00000144   Code   RO         3797    i.smtc_hal_mcu_uart_init  smtc_hal_mcu_uart_stm32l4.o
    0x08007e00   0x08007e00   0x00000044   Code   RO         3799    i.smtc_hal_mcu_uart_send  smtc_hal_mcu_uart_stm32l4.o
    0x08007e44   0x08007e44   0x00000028   Code   RO         3800    i.smtc_hal_mcu_uart_stm32l4_get_free_slot  smtc_hal_mcu_uart_stm32l4.o
    0x08007e6c   0x08007e6c   0x00000008   Code   RO         4233    i.smtc_shield_lr1120mb1dis_get_lfclk_cfg  smtc_shield_lr1120mb1dis.o
    0x08007e74   0x08007e74   0x00000010   Code   RO         4234    i.smtc_shield_lr1120mb1dis_get_pa_pwr_cfg  smtc_shield_lr1120mb1dis.o
    0x08007e84   0x08007e84   0x00000008   Code   RO         4235    i.smtc_shield_lr1120mb1dis_get_pinout  smtc_shield_lr1120mb1dis.o
    0x08007e8c   0x08007e8c   0x00000008   Code   RO         4236    i.smtc_shield_lr1120mb1dis_get_reg_mode  smtc_shield_lr1120mb1dis.o
    0x08007e94   0x08007e94   0x00000008   Code   RO         4237    i.smtc_shield_lr1120mb1dis_get_rf_switch_cfg  smtc_shield_lr1120mb1dis.o
    0x08007e9c   0x08007e9c   0x0000000c   Code   RO         4238    i.smtc_shield_lr1120mb1dis_get_rssi_calibration_table  smtc_shield_lr1120mb1dis.o
    0x08007ea8   0x08007ea8   0x00000008   Code   RO         4239    i.smtc_shield_lr1120mb1dis_get_xosc_cfg  smtc_shield_lr1120mb1dis.o
    0x08007eb0   0x08007eb0   0x0000008c   Code   RO         4218    i.smtc_shield_lr1120mb1dxs_common_get_pa_pwr_cfg  smtc_shield_lr1120mb1dxs_common.o
    0x08007f3c   0x08007f3c   0x00000008   Code   RO         4191    i.smtc_shield_lr11x0_common_get_xosc_cfg  smtc_shield_lr11x0_common.o
    0x08007f44   0x08007f44   0x000000b8   Code   RO         4193    i.smtc_shield_lr11x0_common_rttof_recommended_rx_tx_delay_indicator  smtc_shield_lr11x0_common.o
    0x08007ffc   0x08007ffc   0x00000008   Code   RO         4149    i.smtc_shield_lr11xx_common_get_lfclk_cfg  smtc_shield_lr11xx_common.o
    0x08008004   0x08008004   0x00000008   Code   RO         4150    i.smtc_shield_lr11xx_common_get_pinout  smtc_shield_lr11xx_common.o
    0x0800800c   0x0800800c   0x00000004   Code   RO         4151    i.smtc_shield_lr11xx_common_get_reg_mode  smtc_shield_lr11xx_common.o
    0x08008010   0x08008010   0x00000008   Code   RO         4152    i.smtc_shield_lr11xx_common_get_rf_switch_cfg  smtc_shield_lr11xx_common.o
    0x08008018   0x08008018   0x00000012   Code   RO           58    i.smtc_shield_lr11xx_get_pa_pwr_cfg  apps_common.o
    0x0800802a   0x0800802a   0x0000000e   Code   RO           59    i.smtc_shield_lr11xx_get_rssi_calibration_table  apps_common.o
    0x08008038   0x08008038   0x00000034   Code   RO         4153    i.smtc_shield_lr11xx_get_rssi_calibration_table  smtc_shield_lr11xx_common.o
    0x0800806c   0x0800806c   0x00000010   Code   RO          600    i.smtc_shield_pinout_mapping_get_gpio_cfg  smtc_shield_pinout_mapping.o
    0x0800807c   0x0800807c   0x0000013c   Code   RO          662    i.uart_init         uart_init.o
    0x080081b8   0x080081b8   0x000000f8   Code   RO          663    i.uart_init_base    uart_init.o
    0x080082b0   0x080082b0   0x00000094   Code   RO          664    i.uart_rx_callback  uart_init.o
    0x08008344   0x08008344   0x00000030   Code   RO          665    i.vprint            uart_init.o
    0x08008374   0x08008374   0x000000d6   Data   RO           61    .constdata          apps_common.o
    0x0800844a   0x0800844a   0x00000002   PAD
    0x0800844c   0x0800844c   0x000000b0   Data   RO          601    .constdata          smtc_shield_pinout_mapping.o
    0x080084fc   0x080084fc   0x0000000c   Data   RO          667    .constdata          uart_init.o
    0x08008508   0x08008508   0x00000047   Data   RO          812    .constdata          main_per.o
    0x0800854f   0x0800854f   0x00000001   PAD
    0x08008550   0x08008550   0x00000048   Data   RO         1937    .constdata          system_stm32l4xx.o
    0x08008598   0x08008598   0x00000054   Data   RO         3553    .constdata          smtc_hal_mcu_gpio_stm32l4.o
    0x080085ec   0x080085ec   0x0000004c   Data   RO         3803    .constdata          smtc_hal_mcu_uart_stm32l4.o
    0x08008638   0x08008638   0x00000070   Data   RO         4027    .constdata          smtc_hal_mcu_spi_stm32l4.o
    0x080086a8   0x080086a8   0x0000004e   Data   RO         4154    .constdata          smtc_shield_lr11xx_common.o
    0x080086f6   0x080086f6   0x00000002   PAD
    0x080086f8   0x080086f8   0x00000128   Data   RO         4194    .constdata          smtc_shield_lr11x0_common.o
    0x08008820   0x08008820   0x00000168   Data   RO         4219    .constdata          smtc_shield_lr1120mb1dxs_common.o
    0x08008988   0x08008988   0x00000081   Data   RO         4884    .constdata          mc_w.l(ctype_o.o)
    0x08008a09   0x08008a09   0x00000003   PAD
    0x08008a0c   0x08008a0c   0x00000004   Data   RO         4885    .constdata          mc_w.l(ctype_o.o)
    0x08008a10   0x08008a10   0x000000d4   Data   RO           62    .conststring        apps_common.o
    0x08008ae4   0x08008ae4   0x00000007   Data   RO          629    .conststring        common_version.o
    0x08008aeb   0x08008aeb   0x00000001   PAD
    0x08008aec   0x08008aec   0x000001ec   Data   RO          668    .conststring        uart_init.o
    0x08008cd8   0x08008cd8   0x0000000c   Data   RO          813    .conststring        main_per.o
    0x08008ce4   0x08008ce4   0x00000020   Data   RO         4941    Region$$Table       anon$$obj.o


    Execution Region RW_IRAM1 (Exec base: 0x20000000, Load base: 0x08008d04, Size: 0x00000c70, Max: 0x00018000, ABSOLUTE)

    Exec Addr    Load Addr    Size         Type   Attr      Idx    E Section Name        Object

    0x20000000   0x08008d04   0x00000034   Data   RW           63    .data               apps_common.o
    0x20000034   0x08008d38   0x00000004   Data   RW          630    .data               common_version.o
    0x20000038   0x08008d3c   0x00000088   Data   RW          669    .data               uart_init.o
    0x200000c0   0x08008dc4   0x0000001c   Data   RW          814    .data               main_per.o
    0x200000dc   0x08008de0   0x00000028   Data   RW          948    .data               atc.o
    0x20000104   0x08008e08   0x00000004   Data   RW         1938    .data               system_stm32l4xx.o
    0x20000108   0x08008e0c   0x00000004   Data   RW         4779    .data               mc_w.l(strtok.o)
    0x2000010c   0x08008e10   0x00000004   Data   RW         4911    .data               mc_w.l(mvars.o)
    0x20000110   0x08008e14   0x00000004   Data   RW         4912    .data               mc_w.l(mvars.o)
    0x20000114   0x08008e18   0x00000004   Data   RW         4916    .data               mc_w.l(errno.o)
    0x20000118        -       0x00000078   Zero   RW           60    .bss                apps_common.o
    0x20000190        -       0x00000120   Zero   RW          666    .bss                uart_init.o
    0x200002b0        -       0x00000080   Zero   RW          811    .bss                main_per.o
    0x20000330        -       0x00000300   Zero   RW         3552    .bss                smtc_hal_mcu_gpio_stm32l4.o
    0x20000630        -       0x0000000c   Zero   RW         3802    .bss                smtc_hal_mcu_uart_stm32l4.o
    0x2000063c        -       0x00000010   Zero   RW         3897    .bss                smtc_hal_mcu_timer_stm32l4.o
    0x2000064c        -       0x00000020   Zero   RW         4026    .bss                smtc_hal_mcu_spi_stm32l4.o
    0x2000066c   0x08008e1c   0x00000004   PAD
    0x20000670        -       0x00000200   Zero   RW            2    HEAP                startup_stm32l476xx.o
    0x20000870        -       0x00000400   Zero   RW            1    STACK               startup_stm32l476xx.o


==============================================================================

Image component sizes


      Code (inc. data)   RO Data    RW Data    ZI Data      Debug   Object Name

      7912       3130        426         52        120     739741   apps_common.o
       624        216          0         40          0       4250   atc.o
        84         48          7          4          0        799   common_version.o
         0          0          0          0          0        440   lr11xx_bootloader.o
        12          8          0          0          0        631   lr11xx_driver_version.o
         0          0          0          0          0       4728   lr11xx_gnss.o
       296          0          0          0          0       6207   lr11xx_hal.o
         0          0          0          0          0       8364   lr11xx_lr_fhss.o
      1920        168          0          0          0      25717   lr11xx_radio.o
      1576       1284          0          0          0       6092   lr11xx_radio_types_str.o
       198         10          0          0          0       4411   lr11xx_regmem.o
       886         84          0          0          0      15952   lr11xx_system.o
      2260        960         83         28        128     677549   main_per.o
        26          0          0          0          0       1210   smtc_hal_dbg_trace.o
      2156        132         84          0        768      76052   smtc_hal_mcu_gpio_stm32l4.o
       518         38        112          0         32      21133   smtc_hal_mcu_spi_stm32l4.o
       464         24          0          0          0      41904   smtc_hal_mcu_stm32l4.o
        88          8          0          0         16      11708   smtc_hal_mcu_timer_stm32l4.o
       588         38         76          0         12      63449   smtc_hal_mcu_uart_stm32l4.o
        68          0          0          0          0       5488   smtc_shield_lr1120mb1dis.o
       140         32        360          0          0       1924   smtc_shield_lr1120mb1dxs_common.o
       192         34        296          0          0       2866   smtc_shield_lr11x0_common.o
        80         32         78          0          0       4695   smtc_shield_lr11xx_common.o
        16          6        176          0          0       1640   smtc_shield_pinout_mapping.o
        36          8        392          0       1536       1088   startup_stm32l476xx.o
       560         54          0          0          0      14659   stm32l4xx_ll_exti.o
       302          0          0          0          0       8171   stm32l4xx_ll_gpio.o
      1160        140          0          0          0      38705   stm32l4xx_ll_rcc.o
       126          0          0          0          0      11886   stm32l4xx_ll_spi.o
       274         26          0          0          0      22848   stm32l4xx_ll_usart.o
        84          6          0          0          0      17765   stm32l4xx_ll_utils.o
        20          6         72          4          0       1857   system_stm32l4xx.o
      5984       2712        504        136        288      18757   uart_init.o

    ----------------------------------------------------------------------
     28678       9204       2704        264       2904    1862686   Object Totals
         0          0         32          0          0          0   (incl. Generated)
        28          0          6          0          4          0   (incl. Padding)

    ----------------------------------------------------------------------

      Code (inc. data)   RO Data    RW Data    ZI Data      Debug   Library Member Name

        28          0          0          0          0         68   _chval.o
       164          0          0          0          0         92   _strtoul.o
        26          0          0          0          0         80   atoi.o
         8          4        133          0          0         68   ctype_o.o
         0          0          0          0          0          0   entry.o
         0          0          0          0          0          0   entry10a.o
         0          0          0          0          0          0   entry11a.o
         8          4          0          0          0          0   entry2.o
         4          0          0          0          0          0   entry5.o
         0          0          0          0          0          0   entry7b.o
         0          0          0          0          0          0   entry8b.o
         8          4          0          0          0          0   entry9a.o
         8          4          0          4          0         68   errno.o
        30          0          0          0          0          0   handlers.o
        36          8          0          0          0         68   init.o
         0          0          0          0          0          0   iusefp.o
        30          0          0          0          0         68   llshl.o
        36          0          0          0          0         68   llsshr.o
        32          0          0          0          0         68   llushr.o
       188         20          0          0          0        160   malloc.o
        36          0          0          0          0         68   memcpya.o
        36          0          0          0          0        108   memseta.o
         0          0          0          8          0          0   mvars.o
      2284         86          0          0          0        516   printfa.o
        14          0          0          0          0         68   strlen.o
        24          0          0          0          0         76   strncpy.o
        36          0          0          0          0         80   strstr.o
        68          6          0          4          0         80   strtok.o
       112          0          0          0          0         88   strtol.o
       120          0          0          0          0         92   strtoul.o
        44          0          0          0          0         80   uidiv.o
       104          0          0          0          0         92   uldiv.o
        48          0          0          0          0         68   cdrcmple.o
       350          0          0          0          0        148   dadd.o
       222          0          0          0          0        100   ddiv.o
       186          0          0          0          0        176   depilogue.o
        48          0          0          0          0         68   dfixul.o
       234          0          0          0          0         96   dmul.o

    ----------------------------------------------------------------------
      4582        136        136         16          0       2812   Library Totals
        10          0          3          0          0          0   (incl. Padding)

    ----------------------------------------------------------------------

      Code (inc. data)   RO Data    RW Data    ZI Data      Debug   Library Name

      3484        136        133         16          0       2156   mc_w.l
      1088          0          0          0          0        656   mf_w.l

    ----------------------------------------------------------------------
      4582        136        136         16          0       2812   Library Totals

    ----------------------------------------------------------------------

==============================================================================


      Code (inc. data)   RO Data    RW Data    ZI Data      Debug   

     33260       9340       2840        280       2904    1842994   Grand Totals
     33260       9340       2840        280       2904    1842994   ELF Image Totals
     33260       9340       2840        280          0          0   ROM Totals

==============================================================================

    Total RO  Size (Code + RO Data)                36100 (  35.25kB)
    Total RW  Size (RW Data + ZI Data)              3184 (   3.11kB)
    Total ROM Size (Code + RO Data + RW Data)      36380 (  35.53kB)

==============================================================================

