Component: ARM Compiler 5.06 update 4 (build 422) Tool: armlink [4d35d2]

==============================================================================

Section Cross References

    startup_stm32l476xx.o(RESET) refers to startup_stm32l476xx.o(STACK) for __initial_sp
    startup_stm32l476xx.o(RESET) refers to startup_stm32l476xx.o(.text) for Reset_Handler
    startup_stm32l476xx.o(RESET) refers to smtc_hal_mcu_gpio_stm32l4.o(i.EXTI0_IRQHandler) for EXTI0_IRQHandler
    startup_stm32l476xx.o(RESET) refers to smtc_hal_mcu_gpio_stm32l4.o(i.EXTI1_IRQHandler) for EXTI1_IRQHandler
    startup_stm32l476xx.o(RESET) refers to smtc_hal_mcu_gpio_stm32l4.o(i.EXTI2_IRQHandler) for EXTI2_IRQHandler
    startup_stm32l476xx.o(RESET) refers to smtc_hal_mcu_gpio_stm32l4.o(i.EXTI3_IRQHandler) for EXTI3_IRQHandler
    startup_stm32l476xx.o(RESET) refers to smtc_hal_mcu_gpio_stm32l4.o(i.EXTI4_IRQHandler) for EXTI4_IRQHandler
    startup_stm32l476xx.o(RESET) refers to smtc_hal_mcu_gpio_stm32l4.o(i.EXTI9_5_IRQHandler) for EXTI9_5_IRQHandler
    startup_stm32l476xx.o(RESET) refers to smtc_hal_mcu_uart_stm32l4.o(i.USART2_IRQHandler) for USART2_IRQHandler
    startup_stm32l476xx.o(RESET) refers to smtc_hal_mcu_gpio_stm32l4.o(i.EXTI15_10_IRQHandler) for EXTI15_10_IRQHandler
    startup_stm32l476xx.o(RESET) refers to smtc_hal_mcu_timer_stm32l4.o(i.LPTIM1_IRQHandler) for LPTIM1_IRQHandler
    startup_stm32l476xx.o(.text) refers to system_stm32l4xx.o(i.SystemInit) for SystemInit
    startup_stm32l476xx.o(.text) refers to entry.o(.ARM.Collect$$$$00000000) for __main
    apps_common.o(i.apps_common_lr11xx_fetch_and_print_version) refers to apps_common.o(i.apps_common_lr11xx_fetch_version) for apps_common_lr11xx_fetch_version
    apps_common.o(i.apps_common_lr11xx_fetch_and_print_version) refers to apps_common.o(i.apps_common_lr11xx_print_version) for apps_common_lr11xx_print_version
    apps_common.o(i.apps_common_lr11xx_fetch_version) refers to lr11xx_system.o(i.lr11xx_system_get_version) for lr11xx_system_get_version
    apps_common.o(i.apps_common_lr11xx_fetch_version) refers to smtc_hal_dbg_trace.o(i.hal_mcu_trace_print) for hal_mcu_trace_print
    apps_common.o(i.apps_common_lr11xx_fetch_version) refers to apps_common.o(.constdata) for __func__
    apps_common.o(i.apps_common_lr11xx_get_context) refers to smtc_shield_pinout_mapping.o(i.smtc_shield_pinout_mapping_get_gpio_cfg) for smtc_shield_pinout_mapping_get_gpio_cfg
    apps_common.o(i.apps_common_lr11xx_get_context) refers to smtc_hal_mcu_gpio_stm32l4.o(i.smtc_hal_mcu_gpio_init_input) for smtc_hal_mcu_gpio_init_input
    apps_common.o(i.apps_common_lr11xx_get_context) refers to smtc_hal_mcu_gpio_stm32l4.o(i.smtc_hal_mcu_gpio_init_output) for smtc_hal_mcu_gpio_init_output
    apps_common.o(i.apps_common_lr11xx_get_context) refers to smtc_hal_mcu_gpio_stm32l4.o(i.smtc_hal_mcu_gpio_enable_irq) for smtc_hal_mcu_gpio_enable_irq
    apps_common.o(i.apps_common_lr11xx_get_context) refers to smtc_hal_mcu_spi_stm32l4.o(i.smtc_hal_mcu_spi_init) for smtc_hal_mcu_spi_init
    apps_common.o(i.apps_common_lr11xx_get_context) refers to apps_common.o(.bss) for context
    apps_common.o(i.apps_common_lr11xx_get_context) refers to apps_common.o(i.radio_on_dio_irq) for radio_on_dio_irq
    apps_common.o(i.apps_common_lr11xx_handle_post_gnss_scan) refers to smtc_hal_mcu_gpio_stm32l4.o(i.smtc_hal_mcu_gpio_set_state) for smtc_hal_mcu_gpio_set_state
    apps_common.o(i.apps_common_lr11xx_handle_post_gnss_scan) refers to apps_common.o(.data) for shield_pinout
    apps_common.o(i.apps_common_lr11xx_handle_post_gnss_scan) refers to apps_common.o(.bss) for led_scan
    apps_common.o(i.apps_common_lr11xx_handle_post_rx) refers to smtc_hal_mcu_gpio_stm32l4.o(i.smtc_hal_mcu_gpio_set_state) for smtc_hal_mcu_gpio_set_state
    apps_common.o(i.apps_common_lr11xx_handle_post_rx) refers to apps_common.o(.data) for shield_pinout
    apps_common.o(i.apps_common_lr11xx_handle_post_rx) refers to apps_common.o(.bss) for led_rx
    apps_common.o(i.apps_common_lr11xx_handle_post_tx) refers to smtc_hal_mcu_gpio_stm32l4.o(i.smtc_hal_mcu_gpio_set_state) for smtc_hal_mcu_gpio_set_state
    apps_common.o(i.apps_common_lr11xx_handle_post_tx) refers to apps_common.o(.data) for shield_pinout
    apps_common.o(i.apps_common_lr11xx_handle_post_tx) refers to apps_common.o(.bss) for led_tx
    apps_common.o(i.apps_common_lr11xx_handle_post_wifi_scan) refers to smtc_hal_mcu_gpio_stm32l4.o(i.smtc_hal_mcu_gpio_set_state) for smtc_hal_mcu_gpio_set_state
    apps_common.o(i.apps_common_lr11xx_handle_post_wifi_scan) refers to apps_common.o(.data) for shield_pinout
    apps_common.o(i.apps_common_lr11xx_handle_post_wifi_scan) refers to apps_common.o(.bss) for led_scan
    apps_common.o(i.apps_common_lr11xx_handle_pre_gnss_scan) refers to smtc_hal_mcu_gpio_stm32l4.o(i.smtc_hal_mcu_gpio_set_state) for smtc_hal_mcu_gpio_set_state
    apps_common.o(i.apps_common_lr11xx_handle_pre_gnss_scan) refers to apps_common.o(.data) for shield_pinout
[...]
    i.smtc_shield_lr1120mb1dis_get_reg_mode  0x080078a4   Section        0  smtc_shield_lr1120mb1dis.o(i.smtc_shield_lr1120mb1dis_get_reg_mode)
    i.smtc_shield_lr1120mb1dis_get_rf_switch_cfg 0x080078ac   Section        0  smtc_shield_lr1120mb1dis.o(i.smtc_shield_lr1120mb1dis_get_rf_switch_cfg)
    i.smtc_shield_lr1120mb1dis_get_rssi_calibration_table 0x080078b4   Section        0  smtc_shield_lr1120mb1dis.o(i.smtc_shield_lr1120mb1dis_get_rssi_calibration_table)
    i.smtc_shield_lr1120mb1dis_get_xosc_cfg  0x080078c0   Section        0  smtc_shield_lr1120mb1dis.o(i.smtc_shield_lr1120mb1dis_get_xosc_cfg)
    i.smtc_shield_lr1120mb1dxs_common_get_pa_pwr_cfg 0x080078c8   Section        0  smtc_shield_lr1120mb1dxs_common.o(i.smtc_shield_lr1120mb1dxs_common_get_pa_pwr_cfg)
    i.smtc_shield_lr11x0_common_get_xosc_cfg 0x08007950   Section        0  smtc_shield_lr11x0_common.o(i.smtc_shield_lr11x0_common_get_xosc_cfg)
    i.smtc_shield_lr11x0_common_rttof_recommended_rx_tx_delay_indicator 0x08007958   Section        0  smtc_shield_lr11x0_common.o(i.smtc_shield_lr11x0_common_rttof_recommended_rx_tx_delay_indicator)
    i.smtc_shield_lr11xx_common_get_lfclk_cfg 0x08007a10   Section        0  smtc_shield_lr11xx_common.o(i.smtc_shield_lr11xx_common_get_lfclk_cfg)
    i.smtc_shield_lr11xx_common_get_pinout   0x08007a18   Section        0  smtc_shield_lr11xx_common.o(i.smtc_shield_lr11xx_common_get_pinout)
    i.smtc_shield_lr11xx_common_get_reg_mode 0x08007a20   Section        0  smtc_shield_lr11xx_common.o(i.smtc_shield_lr11xx_common_get_reg_mode)
    i.smtc_shield_lr11xx_common_get_rf_switch_cfg 0x08007a24   Section        0  smtc_shield_lr11xx_common.o(i.smtc_shield_lr11xx_common_get_rf_switch_cfg)
    i.smtc_shield_lr11xx_get_pa_pwr_cfg      0x08007a2c   Section        0  apps_common.o(i.smtc_shield_lr11xx_get_pa_pwr_cfg)
    smtc_shield_lr11xx_get_pa_pwr_cfg        0x08007a2d   Thumb Code    18  apps_common.o(i.smtc_shield_lr11xx_get_pa_pwr_cfg)
    i.smtc_shield_lr11xx_get_rssi_calibration_table 0x08007a3e   Section        0  apps_common.o(i.smtc_shield_lr11xx_get_rssi_calibration_table)
    smtc_shield_lr11xx_get_rssi_calibration_table 0x08007a3f   Thumb Code    14  apps_common.o(i.smtc_shield_lr11xx_get_rssi_calibration_table)
    i.smtc_shield_lr11xx_get_rssi_calibration_table 0x08007a4c   Section        0  smtc_shield_lr11xx_common.o(i.smtc_shield_lr11xx_get_rssi_calibration_table)
    i.smtc_shield_pinout_mapping_get_gpio_cfg 0x08007a80   Section        0  smtc_shield_pinout_mapping.o(i.smtc_shield_pinout_mapping_get_gpio_cfg)
    i.uart_init                              0x08007a90   Section        0  uart_init.o(i.uart_init)
    i.uart_init_base                         0x08007bcc   Section        0  uart_init.o(i.uart_init_base)
    uart_init_base                           0x08007bcd   Thumb Code   100  uart_init.o(i.uart_init_base)
    i.uart_rx_callback                       0x08007cc4   Section        0  uart_init.o(i.uart_rx_callback)
    uart_rx_callback                         0x08007cc5   Thumb Code   128  uart_init.o(i.uart_rx_callback)
    i.vprint                                 0x08007d58   Section        0  uart_init.o(i.vprint)
    .constdata                               0x08007d88   Section      214  apps_common.o(.constdata)
    gfsk_sync_word                           0x08007d88   Data           8  apps_common.o(.constdata)
    lora_pkt_params                          0x08007d90   Data           6  apps_common.o(.constdata)
    gfsk_mod_params                          0x08007d98   Data          12  apps_common.o(.constdata)
    gfsk_pkt_params                          0x08007da4   Data          10  apps_common.o(.constdata)
    bpsk_mod_params                          0x08007db0   Data           8  apps_common.o(.constdata)
    __func__                                 0x08007db8   Data          31  apps_common.o(.constdata)
    __func__                                 0x08007dd7   Data          33  apps_common.o(.constdata)
    __func__                                 0x08007df8   Data          30  apps_common.o(.constdata)
    __func__                                 0x08007e16   Data          36  apps_common.o(.constdata)
    __func__                                 0x08007e3a   Data          36  apps_common.o(.constdata)
    .constdata                               0x08007e60   Section      176  smtc_shield_pinout_mapping.o(.constdata)
    .constdata                               0x08007f10   Section       12  uart_init.o(.constdata)
    .constdata                               0x08007f1c   Section       66  main_per.o(.constdata)
    gfsk_sync_word                           0x08007f1c   Data           8  main_per.o(.constdata)
    __func__                                 0x08007f24   Data           5  main_per.o(.constdata)
    __func__                                 0x08007f29   Data          11  main_per.o(.constdata)
    __func__                                 0x08007f34   Data          11  main_per.o(.constdata)
    __func__                                 0x08007f3f   Data          31  main_per.o(.constdata)
    .constdata                               0x08007f60   Section       72  system_stm32l4xx.o(.constdata)
    .constdata                               0x08007fa8   Section       84  smtc_hal_mcu_gpio_stm32l4.o(.constdata)
    .constdata                               0x08007ffc   Section       76  smtc_hal_mcu_uart_stm32l4.o(.constdata)
    .constdata                               0x08008048   Section      112  smtc_hal_mcu_spi_stm32l4.o(.constdata)
    .constdata                               0x080080b8   Section       78  smtc_shield_lr11xx_common.o(.constdata)
    smtc_shield_lr11xx_common_rssi_calibration_table_below_600mhz 0x080080b8   Data          20  smtc_shield_lr11xx_common.o(.constdata)
    smtc_shield_lr11xx_common_rssi_calibration_table_from_600mhz_to_2ghz 0x080080cc   Data          20  smtc_shield_lr11xx_common.o(.constdata)
    smtc_shield_lr11xx_common_rssi_calibration_table_above_2ghz 0x080080e0   Data          20  smtc_shield_lr11xx_common.o(.constdata)
    .constdata                               0x08008108   Section      296  smtc_shield_lr11x0_common.o(.constdata)
    rttof_delay_indicator_table_below_600mhz 0x08008108   Data          96  smtc_shield_lr11x0_common.o(.constdata)
    rttof_delay_indicator_table_from_600mhz_to_2ghz 0x08008168   Data          96  smtc_shield_lr11x0_common.o(.constdata)
    rttof_delay_indicator_table_above_2ghz   0x080081c8   Data          96  smtc_shield_lr11x0_common.o(.constdata)
    .constdata                               0x08008230   Section      360  smtc_shield_lr1120mb1dxs_common.o(.constdata)
    .constdata                               0x08008398   Section      129  ctype_o.o(.constdata)
    .constdata                               0x0800841c   Section        4  ctype_o.o(.constdata)
    table                                    0x0800841c   Data           4  ctype_o.o(.constdata)
    .conststring                             0x08008420   Section      212  apps_common.o(.conststring)
    .conststring                             0x080084f4   Section        7  common_version.o(.conststring)
    .conststring                             0x080084fc   Section      456  uart_init.o(.conststring)
    .conststring                             0x080086c4   Section       12  main_per.o(.conststring)
    .data                                    0x20000000   Section       52  apps_common.o(.data)
    lora_mod_params                          0x20000020   Data           4  apps_common.o(.data)
    bpsk_pkt_params                          0x20000024   Data           8  apps_common.o(.data)
    irq_fired                                0x2000002c   Data           1  apps_common.o(.data)
    shield_pinout                            0x20000030   Data           4  apps_common.o(.data)
    .data                                    0x20000034   Section        4  common_version.o(.data)
    apps_modem_common_sdk_version            0x20000034   Data           4  common_version.o(.data)
    .data                                    0x20000038   Section      112  uart_init.o(.data)
    inst_uart                                0x20000044   Data           4  uart_init.o(.data)
    atc_events                               0x20000048   Data          96  uart_init.o(.data)
    .data                                    0x200000a8   Section       40  main_per.o(.data)
    context                                  0x200000ac   Data           4  main_per.o(.data)
    buffer                                   0x200000b0   Data           7  main_per.o(.data)
    nb_ok                                    0x200000b8   Data           2  main_per.o(.data)
    nb_rx_timeout                            0x200000ba   Data           2  main_per.o(.data)
    nb_rx_error                              0x200000bc   Data           2  main_per.o(.data)
    nb_fsk_len_error                         0x200000be   Data           2  main_per.o(.data)
    rolling_counter                          0x200000c0   Data           1  main_per.o(.data)
    per_index                                0x200000c2   Data           2  main_per.o(.data)
    first_pkt_flag                           0x200000c4   Data           1  main_per.o(.data)
    per_msg                                  0x200000c5   Data           7  main_per.o(.data)
    rx_timeout                               0x200000cc   Data           4  main_per.o(.data)
    .data                                    0x200000d0   Section       28  atc.o(.data)
    .data                                    0x200000ec   Section        4  system_stm32l4xx.o(.data)
    .data                                    0x200000f0   Section        4  strtok.o(.data)
    state                                    0x200000f0   Data           4  strtok.o(.data)
    .data                                    0x200000f4   Section        4  mvars.o(.data)
    .data                                    0x200000f8   Section        4  mvars.o(.data)
    .data                                    0x200000fc   Section        4  errno.o(.data)
    _errno                                   0x200000fc   Data           4  errno.o(.data)
    .bss                                     0x20000100   Section      120  apps_common.o(.bss)
    context                                  0x20000100   Data          72  apps_common.o(.bss)
    led_tx                                   0x20000148   Data          12  apps_common.o(.bss)
    led_rx                                   0x20000154   Data          12  apps_common.o(.bss)
    led_scan                                 0x20000160   Data          12  apps_common.o(.bss)
    lna_ctrl                                 0x2000016c   Data          12  apps_common.o(.bss)
    .bss                                     0x20000178   Section      288  uart_init.o(.bss)
    atc_handle                               0x20000278   Data          32  uart_init.o(.bss)
    .bss                                     0x20000298   Section      768  smtc_hal_mcu_gpio_stm32l4.o(.bss)
    gpio_inst_array                          0x20000298   Data         768  smtc_hal_mcu_gpio_stm32l4.o(.bss)
    .bss                                     0x20000598   Section       12  smtc_hal_mcu_uart_stm32l4.o(.bss)
    uart_inst_array                          0x20000598   Data          12  smtc_hal_mcu_uart_stm32l4.o(.bss)
    .bss                                     0x200005a4   Section       16  smtc_hal_mcu_timer_stm32l4.o(.bss)
    tim_inst_array                           0x200005a4   Data          16  smtc_hal_mcu_timer_stm32l4.o(.bss)
    .bss                                     0x200005b4   Section       32  smtc_hal_mcu_spi_stm32l4.o(.bss)
    spi_inst_array                           0x200005b4   Data          32  smtc_hal_mcu_spi_stm32l4.o(.bss)
    HEAP                                     0x200005d8   Section      512  startup_stm32l476xx.o(HEAP)
    STACK                                    0x200007d8   Section     1024  startup_stm32l476xx.o(STACK)

    Global Symbols

    Symbol Name                              Value     Ov Type        Size  Object(Section)

    BuildAttributes$$THM_ISAv4$E$P$D$K$B$S$7EM$VFPi3$EXTD16$VFPS$VFMA$PE$A:L22UL41UL21$X:L11$S22US41US21$IEEE1$IW$USESV6$~STKCKD$USESV7$~SHL$OTIME$ROPI$EBA8$MICROLIB$REQ8$PRES8$EABIv2 0x00000000   Number         0  anon$$obj.o ABSOLUTE
    __ARM_use_no_argv                        0x00000000   Number         0  main_per.o ABSOLUTE
    __cpp_initialize__aeabi_                  - Undefined Weak Reference
    __cxa_finalize                            - Undefined Weak Reference
    __decompress                              - Undefined Weak Reference
    _clock_init                               - Undefined Weak Reference
    _microlib_exit                            - Undefined Weak Reference
    __Vectors_Size                           0x00000188   Number         0  startup_stm32l476xx.o ABSOLUTE
    __Vectors                                0x08000000   Data           4  startup_stm32l476xx.o(RESET)
    __Vectors_End                            0x08000188   Data           0  startup_stm32l476xx.o(RESET)
    __main                                   0x08000189   Thumb Code     0  entry.o(.ARM.Collect$$$$00000000)
    _main_stk                                0x08000189   Thumb Code     0  entry2.o(.ARM.Collect$$$$00000001)
    _main_scatterload                        0x0800018d   Thumb Code     0  entry5.o(.ARM.Collect$$$$00000004)
    __main_after_scatterload                 0x08000191   Thumb Code     0  entry5.o(.ARM.Collect$$$$00000004)
    _main_clock                              0x08000191   Thumb Code     0  entry7b.o(.ARM.Collect$$$$00000008)
    _main_cpp_init                           0x08000191   Thumb Code     0  entry8b.o(.ARM.Collect$$$$0000000A)
    _main_init                               0x08000191   Thumb Code     0  entry9a.o(.ARM.Collect$$$$0000000B)
    __rt_final_cpp                           0x08000199   Thumb Code     0  entry10a.o(.ARM.Collect$$$$0000000D)
    __rt_final_exit                          0x08000199   Thumb Code     0  entry11a.o(.ARM.Collect$$$$0000000F)
    Reset_Handler                            0x0800019d   Thumb Code     8  startup_stm32l476xx.o(.text)
    NMI_Handler                              0x080001a5   Thumb Code     2  startup_stm32l476xx.o(.text)
    HardFault_Handler                        0x080001a7   Thumb Code     2  startup_stm32l476xx.o(.text)
    MemManage_Handler                        0x080001a9   Thumb Code     2  startup_stm32l476xx.o(.text)
    BusFault_Handler                         0x080001ab   Thumb Code     2  startup_stm32l476xx.o(.text)
    UsageFault_Handler                       0x080001ad   Thumb Code     2  startup_stm32l476xx.o(.text)
    SVC_Handler                              0x080001af   Thumb Code     2  startup_stm32l476xx.o(.text)
    DebugMon_Handler                         0x080001b1   Thumb Code     2  startup_stm32l476xx.o(.text)
    PendSV_Handler                           0x080001b3   Thumb Code     2  startup_stm32l476xx.o(.text)
    SysTick_Handler                          0x080001b5   Thumb Code     2  startup_stm32l476xx.o(.text)
    ADC1_2_IRQHandler                        0x080001b7   Thumb Code     0  startup_stm32l476xx.o(.text)
    ADC3_IRQHandler                          0x080001b7   Thumb Code     0  startup_stm32l476xx.o(.text)
    CAN1_RX0_IRQHandler                      0x080001b7   Thumb Code     0  startup_stm32l476xx.o(.text)
    CAN1_RX1_IRQHandler                      0x080001b7   Thumb Code     0  startup_stm32l476xx.o(.text)
    CAN1_SCE_IRQHandler                      0x080001b7   Thumb Code     0  startup_stm32l476xx.o(.text)
    CAN1_TX_IRQHandler                       0x080001b7   Thumb Code     0  startup_stm32l476xx.o(.text)
    COMP_IRQHandler                          0x080001b7   Thumb Code     0  startup_stm32l476xx.o(.text)
    DFSDM1_FLT0_IRQHandler                   0x080001b7   Thumb Code     0  startup_stm32l476xx.o(.text)
    DFSDM1_FLT1_IRQHandler                   0x080001b7   Thumb Code     0  startup_stm32l476xx.o(.text)
    DFSDM1_FLT2_IRQHandler                   0x080001b7   Thumb Code     0  startup_stm32l476xx.o(.text)
    DFSDM1_FLT3_IRQHandler                   0x080001b7   Thumb Code     0  startup_stm32l476xx.o(.text)
    DMA1_Channel1_IRQHandler                 0x080001b7   Thumb Code     0  startup_stm32l476xx.o(.text)
    DMA1_Channel2_IRQHandler                 0x080001b7   Thumb Code     0  startup_stm32l476xx.o(.text)
    DMA1_Channel3_IRQHandler                 0x080001b7   Thumb Code     0  startup_stm32l476xx.o(.text)
    DMA1_Channel4_IRQHandler                 0x080001b7   Thumb Code     0  startup_stm32l476xx.o(.text)
    DMA1_Channel5_IRQHandler                 0x080001b7   Thumb Code     0  startup_stm32l476xx.o(.text)
    DMA1_Channel6_IRQHandler                 0x080001b7   Thumb Code     0  startup_stm32l476xx.o(.text)
    DMA1_Channel7_IRQHandler                 0x080001b7   Thumb Code     0  startup_stm32l476xx.o(.text)
    DMA2_Channel1_IRQHandler                 0x080001b7   Thumb Code     0  startup_stm32l476xx.o(.text)
    DMA2_Channel2_IRQHandler                 0x080001b7   Thumb Code     0  startup_stm32l476xx.o(.text)
    DMA2_Channel3_IRQHandler                 0x080001b7   Thumb Code     0  startup_stm32l476xx.o(.text)
    DMA2_Channel4_IRQHandler                 0x080001b7   Thumb Code     0  startup_stm32l476xx.o(.text)
    DMA2_Channel5_IRQHandler                 0x080001b7   Thumb Code     0  startup_stm32l476xx.o(.text)
    DMA2_Channel6_IRQHandler                 0x080001b7   Thumb Code     0  startup_stm32l476xx.o(.text)
    DMA2_Channel7_IRQHandler                 0x080001b7   Thumb Code     0  startup_stm32l476xx.o(.text)
    FLASH_IRQHandler                         0x080001b7   Thumb Code     0  startup_stm32l476xx.o(.text)
    FMC_IRQHandler                           0x080001b7   Thumb Code     0  startup_stm32l476xx.o(.text)
    FPU_IRQHandler                           0x080001b7   Thumb Code     0  startup_stm32l476xx.o(.text)
    I2C1_ER_IRQHandler                       0x080001b7   Thumb Code     0  startup_stm32l476xx.o(.text)
    I2C1_EV_IRQHandler                       0x080001b7   Thumb Code     0  startup_stm32l476xx.o(.text)
    I2C2_ER_IRQHandler                       0x080001b7   Thumb Code     0  startup_stm32l476xx.o(.text)
    I2C2_EV_IRQHandler                       0x080001b7   Thumb Code     0  startup_stm32l476xx.o(.text)
    I2C3_ER_IRQHandler                       0x080001b7   Thumb Code     0  startup_stm32l476xx.o(.text)
    I2C3_EV_IRQHandler                       0x080001b7   Thumb Code     0  startup_stm32l476xx.o(.text)
    LCD_IRQHandler                           0x080001b7   Thumb Code     0  startup_stm32l476xx.o(.text)
    LPTIM2_IRQHandler                        0x080001b7   Thumb Code     0  startup_stm32l476xx.o(.text)
    LPUART1_IRQHandler                       0x080001b7   Thumb Code     0  startup_stm32l476xx.o(.text)
    OTG_FS_IRQHandler                        0x080001b7   Thumb Code     0  startup_stm32l476xx.o(.text)
    PVD_PVM_IRQHandler                       0x080001b7   Thumb Code     0  startup_stm32l476xx.o(.text)
    QUADSPI_IRQHandler                       0x080001b7   Thumb Code     0  startup_stm32l476xx.o(.text)
    RCC_IRQHandler                           0x080001b7   Thumb Code     0  startup_stm32l476xx.o(.text)
    RNG_IRQHandler                           0x080001b7   Thumb Code     0  startup_stm32l476xx.o(.text)
    RTC_Alarm_IRQHandler                     0x080001b7   Thumb Code     0  startup_stm32l476xx.o(.text)
    RTC_WKUP_IRQHandler                      0x080001b7   Thumb Code     0  startup_stm32l476xx.o(.text)
    SAI1_IRQHandler                          0x080001b7   Thumb Code     0  startup_stm32l476xx.o(.text)
    SAI2_IRQHandler                          0x080001b7   Thumb Code     0  startup_stm32l476xx.o(.text)
    SDMMC1_IRQHandler                        0x080001b7   Thumb Code     0  startup_stm32l476xx.o(.text)
    SPI1_IRQHandler                          0x080001b7   Thumb Code     0  startup_stm32l476xx.o(.text)
    SPI2_IRQHandler                          0x080001b7   Thumb Code     0  startup_stm32l476xx.o(.text)
    SPI3_IRQHandler                          0x080001b7   Thumb Code     0  startup_stm32l476xx.o(.text)
    SWPMI1_IRQHandler                        0x080001b7   Thumb Code     0  startup_stm32l476xx.o(.text)
    TAMP_STAMP_IRQHandler                    0x080001b7   Thumb Code     0  startup_stm32l476xx.o(.text)
    TIM1_BRK_TIM15_IRQHandler                0x080001b7   Thumb Code     0  startup_stm32l476xx.o(.text)
    TIM1_CC_IRQHandler                       0x080001b7   Thumb Code     0  startup_stm32l476xx.o(.text)
    TIM1_TRG_COM_TIM17_IRQHandler            0x080001b7   Thumb Code     0  startup_stm32l476xx.o(.text)
    TIM1_UP_TIM16_IRQHandler                 0x080001b7   Thumb Code     0  startup_stm32l476xx.o(.text)
    TIM2_IRQHandler                          0x080001b7   Thumb Code     0  startup_stm32l476xx.o(.text)
    TIM3_IRQHandler                          0x080001b7   Thumb Code     0  startup_stm32l476xx.o(.text)
    TIM4_IRQHandler                          0x080001b7   Thumb Code     0  startup_stm32l476xx.o(.text)
    TIM5_IRQHandler                          0x080001b7   Thumb Code     0  startup_stm32l476xx.o(.text)
    TIM6_DAC_IRQHandler                      0x080001b7   Thumb Code     0  startup_stm32l476xx.o(.text)
    TIM7_IRQHandler                          0x080001b7   Thumb Code     0  startup_stm32l476xx.o(.text)
    TIM8_BRK_IRQHandler                      0x080001b7   Thumb Code     0  startup_stm32l476xx.o(.text)
    TIM8_CC_IRQHandler                       0x080001b7   Thumb Code     0  startup_stm32l476xx.o(.text)
    TIM8_TRG_COM_IRQHandler                  0x080001b7   Thumb Code     0  startup_stm32l476xx.o(.text)
    TIM8_UP_IRQHandler                       0x080001b7   Thumb Code     0  startup_stm32l476xx.o(.text)
    TSC_IRQHandler                           0x080001b7   Thumb Code     0  startup_stm32l476xx.o(.text)
    UART4_IRQHandler                         0x080001b7   Thumb Code     0  startup_stm32l476xx.o(.text)
    UART5_IRQHandler                         0x080001b7   Thumb Code     0  startup_stm32l476xx.o(.text)
    USART1_IRQHandler                        0x080001b7   Thumb Code     0  startup_stm32l476xx.o(.text)
    USART3_IRQHandler                        0x080001b7   Thumb Code     0  startup_stm32l476xx.o(.text)
    WWDG_IRQHandler                          0x080001b7   Thumb Code     0  startup_stm32l476xx.o(.text)
    __aeabi_memcpy                           0x080001c1   Thumb Code    36  memcpya.o(.text)
    __aeabi_memcpy4                          0x080001c1   Thumb Code     0  memcpya.o(.text)
    __aeabi_memcpy8                          0x080001c1   Thumb Code     0  memcpya.o(.text)
    __aeabi_memset                           0x080001e5   Thumb Code    14  memseta.o(.text)
    __aeabi_memset4                          0x080001e5   Thumb Code     0  memseta.o(.text)
    __aeabi_memset8                          0x080001e5   Thumb Code     0  memseta.o(.text)
    __aeabi_memclr                           0x080001f3   Thumb Code     4  memseta.o(.text)
    __aeabi_memclr4                          0x080001f3   Thumb Code     0  memseta.o(.text)
    __aeabi_memclr8                          0x080001f3   Thumb Code     0  memseta.o(.text)
    _memset$wrapper                          0x080001f7   Thumb Code    18  memseta.o(.text)
    strstr                                   0x08000209   Thumb Code    36  strstr.o(.text)
    strncpy                                  0x0800022d   Thumb Code    24  strncpy.o(.text)
    strlen                                   0x08000245   Thumb Code    14  strlen.o(.text)
    memcmp                                   0x08000253   Thumb Code    26  memcmp.o(.text)
    strtok                                   0x0800026d   Thumb Code    62  strtok.o(.text)
    atoi                                     0x080002b1   Thumb Code    26  atoi.o(.text)
    __aeabi_dadd                             0x080002cb   Thumb Code   322  dadd.o(.text)
    __aeabi_dsub                             0x0800040d   Thumb Code     6  dadd.o(.text)
    __aeabi_drsub                            0x08000413   Thumb Code     6  dadd.o(.text)
    __aeabi_dmul                             0x08000429   Thumb Code   228  dmul.o(.text)
    __aeabi_ddiv                             0x08000513   Thumb Code   222  ddiv.o(.text)
    __aeabi_uidiv                            0x080005f1   Thumb Code     0  uidiv.o(.text)
    __aeabi_uidivmod                         0x080005f1   Thumb Code    44  uidiv.o(.text)
    __aeabi_uldivmod                         0x0800061d   Thumb Code    98  uldiv.o(.text)
    __aeabi_llsl                             0x08000685   Thumb Code    30  llshl.o(.text)
    _ll_shift_l                              0x08000685   Thumb Code     0  llshl.o(.text)
    __aeabi_lasr                             0x080006a3   Thumb Code    36  llsshr.o(.text)
    _ll_sshift_r                             0x080006a3   Thumb Code     0  llsshr.o(.text)
    strtol                                   0x080006c7   Thumb Code   112  strtol.o(.text)
    __I$use$fp                               0x08000737   Thumb Code     0  iusefp.o(.text)
    _double_round                            0x08000737   Thumb Code    30  depilogue.o(.text)
    _double_epilogue                         0x08000755   Thumb Code   156  depilogue.o(.text)
    __aeabi_d2ulz                            0x080007f1   Thumb Code    48  dfixul.o(.text)
    __aeabi_cdrcmple                         0x08000821   Thumb Code    48  cdrcmple.o(.text)
    __scatterload                            0x08000851   Thumb Code    28  init.o(.text)
    __scatterload_rt2                        0x08000851   Thumb Code     0  init.o(.text)
    __aeabi_llsr                             0x08000875   Thumb Code    32  llushr.o(.text)
    _ll_ushift_r                             0x08000875   Thumb Code     0  llushr.o(.text)
    __rt_ctype_table                         0x08000895   Thumb Code     4  ctype_o.o(.text)
    _strtoul                                 0x0800089d   Thumb Code   158  _strtoul.o(.text)
    _chval                                   0x08000941   Thumb Code    28  _chval.o(.text)
    ATC_IdleLine                             0x0800095d   Thumb Code    82  uart_init.o(i.ATC_IdleLine)
    ATC_Init                                 0x080009cd   Thumb Code   196  atc.o(i.ATC_Init)
    ATC_Loop                                 0x08000b25   Thumb Code   138  atc.o(i.ATC_Loop)
    ATC_SetEvents                            0x08000bb5   Thumb Code    74  atc.o(i.ATC_SetEvents)
    AT_BW_Callback                           0x08000c3d   Thumb Code   280  uart_init.o(i.AT_BW_Callback)
    AT_CR_Callback                           0x08000db9   Thumb Code   194  uart_init.o(i.AT_CR_Callback)
    AT_CW_event_callback                     0x08000ee1   Thumb Code    82  uart_init.o(i.AT_CW_event_callback)
    AT_Freq_Callback                         0x08000f7d   Thumb Code    82  uart_init.o(i.AT_Freq_Callback)
    AT_Help_Callback                         0x08001029   Thumb Code  2192  uart_init.o(i.AT_Help_Callback)
    AT_Param_Callback                        0x0800198d   Thumb Code    78  uart_init.o(i.AT_Param_Callback)
    AT_Power_Callback                        0x08001a21   Thumb Code    82  uart_init.o(i.AT_Power_Callback)
    AT_SF_Callback                           0x08001ac5   Thumb Code   196  uart_init.o(i.AT_SF_Callback)
    AT_START_event_callback                  0x08001bed   Thumb Code    70  uart_init.o(i.AT_START_event_callback)
    AT_TRSW_event_callback                   0x08001c7d   Thumb Code    82  uart_init.o(i.AT_TRSW_event_callback)
    EXTI0_IRQHandler                         0x08001d19   Thumb Code    24  smtc_hal_mcu_gpio_stm32l4.o(i.EXTI0_IRQHandler)
    EXTI15_10_IRQHandler                     0x08001d31   Thumb Code   160  smtc_hal_mcu_gpio_stm32l4.o(i.EXTI15_10_IRQHandler)
    EXTI1_IRQHandler                         0x08001dd1   Thumb Code    24  smtc_hal_mcu_gpio_stm32l4.o(i.EXTI1_IRQHandler)
    EXTI2_IRQHandler                         0x08001de9   Thumb Code    24  smtc_hal_mcu_gpio_stm32l4.o(i.EXTI2_IRQHandler)
    EXTI3_IRQHandler                         0x08001e01   Thumb Code    24  smtc_hal_mcu_gpio_stm32l4.o(i.EXTI3_IRQHandler)
    EXTI4_IRQHandler                         0x08001e19   Thumb Code    24  smtc_hal_mcu_gpio_stm32l4.o(i.EXTI4_IRQHandler)
    EXTI9_5_IRQHandler                       0x08001e31   Thumb Code   116  smtc_hal_mcu_gpio_stm32l4.o(i.EXTI9_5_IRQHandler)
    LL_EXTI_Init                             0x08001fc5   Thumb Code   362  stm32l4xx_ll_exti.o(i.LL_EXTI_Init)
    LL_GPIO_Init                             0x0800214d   Thumb Code   302  stm32l4xx_ll_gpio.o(i.LL_GPIO_Init)
    LL_Init1msTick                           0x0800227b   Thumb Code    28  stm32l4xx_ll_utils.o(i.LL_Init1msTick)
    LL_RCC_GetUARTClockFreq                  0x08002299   Thumb Code   194  stm32l4xx_ll_rcc.o(i.LL_RCC_GetUARTClockFreq)
    LL_RCC_GetUSARTClockFreq                 0x08002379   Thumb Code   278  stm32l4xx_ll_rcc.o(i.LL_RCC_GetUSARTClockFreq)
    LL_SPI_Init                              0x08002529   Thumb Code   126  stm32l4xx_ll_spi.o(i.LL_SPI_Init)
    LL_SetSystemCoreClock                    0x080025a9   Thumb Code     6  stm32l4xx_ll_utils.o(i.LL_SetSystemCoreClock)
    LL_USART_Init                            0x080025b5   Thumb Code   238  stm32l4xx_ll_usart.o(i.LL_USART_Init)
    LL_mDelay                                0x080026db   Thumb Code    44  stm32l4xx_ll_utils.o(i.LL_mDelay)
    LPTIM1_IRQHandler                        0x08002709   Thumb Code    80  smtc_hal_mcu_timer_stm32l4.o(i.LPTIM1_IRQHandler)
    SystemInit                               0x08002959   Thumb Code    14  system_stm32l4xx.o(i.SystemInit)
    USART2_IRQHandler                        0x0800296d   Thumb Code    98  smtc_hal_mcu_uart_stm32l4.o(i.USART2_IRQHandler)
    __0vsprintf                              0x080029d9   Thumb Code    30  printfa.o(i.__0vsprintf)
    __1vsprintf                              0x080029d9   Thumb Code     0  printfa.o(i.__0vsprintf)
    __2vsprintf                              0x080029d9   Thumb Code     0  printfa.o(i.__0vsprintf)
    __c89vsprintf                            0x080029d9   Thumb Code     0  printfa.o(i.__0vsprintf)
    vsprintf                                 0x080029d9   Thumb Code     0  printfa.o(i.__0vsprintf)
    __aeabi_errno_addr                       0x080029fd   Thumb Code     4  errno.o(i.__aeabi_errno_addr)
    __rt_errno_addr                          0x080029fd   Thumb Code     0  errno.o(i.__aeabi_errno_addr)
    __scatterload_copy                       0x08002a05   Thumb Code    14  handlers.o(i.__scatterload_copy)
    __scatterload_null                       0x08002a13   Thumb Code     2  handlers.o(i.__scatterload_null)
    __scatterload_zeroinit                   0x08002a15   Thumb Code    14  handlers.o(i.__scatterload_zeroinit)
    apps_common_lr11xx_fetch_and_print_version 0x08003369   Thumb Code    20  apps_common.o(i.apps_common_lr11xx_fetch_and_print_version)
    apps_common_lr11xx_fetch_version         0x0800337d   Thumb Code    66  apps_common.o(i.apps_common_lr11xx_fetch_version)
    apps_common_lr11xx_get_context           0x0800342d   Thumb Code   180  apps_common.o(i.apps_common_lr11xx_get_context)
    apps_common_lr11xx_handle_post_rx        0x080034ed   Thumb Code    24  apps_common.o(i.apps_common_lr11xx_handle_post_rx)
    apps_common_lr11xx_handle_post_tx        0x0800350d   Thumb Code    24  apps_common.o(i.apps_common_lr11xx_handle_post_tx)
    apps_common_lr11xx_handle_pre_rx         0x0800352d   Thumb Code    24  apps_common.o(i.apps_common_lr11xx_handle_pre_rx)
    apps_common_lr11xx_handle_pre_tx         0x0800354d   Thumb Code    24  apps_common.o(i.apps_common_lr11xx_handle_pre_tx)
    apps_common_lr11xx_irq_process           0x0800356d   Thumb Code   922  apps_common.o(i.apps_common_lr11xx_irq_process)
    apps_common_lr11xx_print_version         0x08003b05   Thumb Code   276  apps_common.o(i.apps_common_lr11xx_print_version)
    apps_common_lr11xx_radio_init            0x08003d0d   Thumb Code   692  apps_common.o(i.apps_common_lr11xx_radio_init)
    apps_common_lr11xx_receive               0x08004079   Thumb Code   274  apps_common.o(i.apps_common_lr11xx_receive)
    apps_common_lr11xx_system_init           0x08004251   Thumb Code   678  apps_common.o(i.apps_common_lr11xx_system_init)
    apps_common_print_sdk_driver_version     0x08004575   Thumb Code    40  apps_common.o(i.apps_common_print_sdk_driver_version)
    apps_common_shield_init                  0x080045b9   Thumb Code   206  apps_common.o(i.apps_common_shield_init)
    atc_per_event_callback                   0x080046a1   Thumb Code    64  uart_init.o(i.atc_per_event_callback)
    common_version_print                     0x08004731   Thumb Code    36  common_version.o(i.common_version_print)
    free                                     0x08004785   Thumb Code    76  malloc.o(i.free)
    get_time_on_air_in_ms                    0x080047d5   Thumb Code    36  apps_common.o(i.get_time_on_air_in_ms)
    hal_mcu_trace_print                      0x08004809   Thumb Code    26  smtc_hal_dbg_trace.o(i.hal_mcu_trace_print)
    lr11xx_driver_version_get_version_string 0x08004825   Thumb Code     4  lr11xx_driver_version.o(i.lr11xx_driver_version_get_version_string)
    lr11xx_hal_direct_read                   0x08004831   Thumb Code    52  lr11xx_hal.o(i.lr11xx_hal_direct_read)
    lr11xx_hal_read                          0x08004865   Thumb Code   110  lr11xx_hal.o(i.lr11xx_hal_read)
    lr11xx_hal_reset                         0x080048d9   Thumb Code    32  lr11xx_hal.o(i.lr11xx_hal_reset)
    lr11xx_hal_wait_on_busy                  0x080048f9   Thumb Code    26  lr11xx_hal.o(i.lr11xx_hal_wait_on_busy)
    lr11xx_hal_write                         0x08004913   Thumb Code    70  lr11xx_hal.o(i.lr11xx_hal_write)
    lr11xx_radio_apply_high_acp_workaround   0x08004959   Thumb Code    20  lr11xx_radio.o(i.lr11xx_radio_apply_high_acp_workaround)
    lr11xx_radio_cfg_rx_boosted              0x08004971   Thumb Code    34  lr11xx_radio.o(i.lr11xx_radio_cfg_rx_boosted)
    lr11xx_radio_convert_time_in_ms_to_rtc_step 0x08004999   Thumb Code    14  lr11xx_radio.o(i.lr11xx_radio_convert_time_in_ms_to_rtc_step)
    lr11xx_radio_fallback_modes_to_str       0x080049a9   Thumb Code    32  lr11xx_radio_types_str.o(i.lr11xx_radio_fallback_modes_to_str)
    lr11xx_radio_get_gfsk_time_on_air_in_ms  0x08004a31   Thumb Code    32  lr11xx_radio.o(i.lr11xx_radio_get_gfsk_time_on_air_in_ms)
    lr11xx_radio_get_gfsk_time_on_air_numerator 0x08004a51   Thumb Code   106  lr11xx_radio.o(i.lr11xx_radio_get_gfsk_time_on_air_numerator)
    lr11xx_radio_get_lora_bw_in_hz           0x08004abd   Thumb Code    92  lr11xx_radio.o(i.lr11xx_radio_get_lora_bw_in_hz)
    lr11xx_radio_get_lora_pkt_status         0x08004b31   Thumb Code    76  lr11xx_radio.o(i.lr11xx_radio_get_lora_pkt_status)
    lr11xx_radio_get_lora_time_on_air_in_ms  0x08004b81   Thumb Code    40  lr11xx_radio.o(i.lr11xx_radio_get_lora_time_on_air_in_ms)
    lr11xx_radio_get_lora_time_on_air_numerator 0x08004ba9   Thumb Code   436  lr11xx_radio.o(i.lr11xx_radio_get_lora_time_on_air_numerator)
    lr11xx_radio_get_rx_buffer_status        0x08004d65   Thumb Code    52  lr11xx_radio.o(i.lr11xx_radio_get_rx_buffer_status)
    lr11xx_radio_lora_bw_to_str              0x08004d9d   Thumb Code    78  lr11xx_radio_types_str.o(i.lr11xx_radio_lora_bw_to_str)
    lr11xx_radio_lora_cr_to_str              0x08004f2d   Thumb Code    54  lr11xx_radio_types_str.o(i.lr11xx_radio_lora_cr_to_str)
    lr11xx_radio_lora_crc_to_str             0x08005049   Thumb Code    22  lr11xx_radio_types_str.o(i.lr11xx_radio_lora_crc_to_str)
    lr11xx_radio_lora_iq_to_str              0x080050a1   Thumb Code    22  lr11xx_radio_types_str.o(i.lr11xx_radio_lora_iq_to_str)
    lr11xx_radio_lora_pkt_len_modes_to_str   0x08005101   Thumb Code    22  lr11xx_radio_types_str.o(i.lr11xx_radio_lora_pkt_len_modes_to_str)
    lr11xx_radio_lora_sf_to_str              0x08005161   Thumb Code    56  lr11xx_radio_types_str.o(i.lr11xx_radio_lora_sf_to_str)
    lr11xx_radio_pkt_type_to_str             0x08005261   Thumb Code    44  lr11xx_radio_types_str.o(i.lr11xx_radio_pkt_type_to_str)
    lr11xx_radio_set_lna_mode                0x0800533d   Thumb Code    20  lr11xx_radio.o(i.lr11xx_radio_set_lna_mode)
    lr11xx_radio_set_lora_mod_params         0x08005355   Thumb Code    56  lr11xx_radio.o(i.lr11xx_radio_set_lora_mod_params)
    lr11xx_radio_set_lora_pkt_params         0x08005395   Thumb Code    70  lr11xx_radio.o(i.lr11xx_radio_set_lora_pkt_params)
    lr11xx_radio_set_lora_sync_word          0x080053e5   Thumb Code    34  lr11xx_radio.o(i.lr11xx_radio_set_lora_sync_word)
    lr11xx_radio_set_pa_cfg                  0x0800540d   Thumb Code    56  lr11xx_radio.o(i.lr11xx_radio_set_pa_cfg)
    lr11xx_radio_set_pkt_type                0x0800544d   Thumb Code    34  lr11xx_radio.o(i.lr11xx_radio_set_pkt_type)
    lr11xx_radio_set_rf_freq                 0x08005475   Thumb Code    56  lr11xx_radio.o(i.lr11xx_radio_set_rf_freq)
    lr11xx_radio_set_rssi_calibration        0x080054b5   Thumb Code   192  lr11xx_radio.o(i.lr11xx_radio_set_rssi_calibration)
    lr11xx_radio_set_rx                      0x08005585   Thumb Code    24  lr11xx_radio.o(i.lr11xx_radio_set_rx)
    lr11xx_radio_set_rx_tx_fallback_mode     0x0800559d   Thumb Code    34  lr11xx_radio.o(i.lr11xx_radio_set_rx_tx_fallback_mode)
    lr11xx_radio_set_rx_with_timeout_in_rtc_step 0x080055c5   Thumb Code    18  lr11xx_radio.o(i.lr11xx_radio_set_rx_with_timeout_in_rtc_step)
    lr11xx_radio_set_rx_with_timeout_in_rtc_step_and_lna_mode 0x080055d9   Thumb Code   102  lr11xx_radio.o(i.lr11xx_radio_set_rx_with_timeout_in_rtc_step_and_lna_mode)
    lr11xx_radio_set_tx                      0x08005649   Thumb Code    24  lr11xx_radio.o(i.lr11xx_radio_set_tx)
    lr11xx_radio_set_tx_cw                   0x08005661   Thumb Code    28  lr11xx_radio.o(i.lr11xx_radio_set_tx_cw)
    lr11xx_radio_set_tx_params               0x08005681   Thumb Code    42  lr11xx_radio.o(i.lr11xx_radio_set_tx_params)
    lr11xx_radio_set_tx_with_timeout_in_rtc_step 0x080056b1   Thumb Code    78  lr11xx_radio.o(i.lr11xx_radio_set_tx_with_timeout_in_rtc_step)
    lr11xx_regmem_read_buffer8               0x08005721   Thumb Code    44  lr11xx_regmem.o(i.lr11xx_regmem_read_buffer8)
    lr11xx_regmem_write_buffer8              0x08005751   Thumb Code    30  lr11xx_regmem.o(i.lr11xx_regmem_write_buffer8)
    lr11xx_regmem_write_regmem32_mask        0x08005775   Thumb Code    92  lr11xx_regmem.o(i.lr11xx_regmem_write_regmem32_mask)
    lr11xx_system_calibrate                  0x080057d1   Thumb Code    34  lr11xx_system.o(i.lr11xx_system_calibrate)
    lr11xx_system_cfg_lfclk                  0x080057f9   Thumb Code    40  lr11xx_system.o(i.lr11xx_system_cfg_lfclk)
    lr11xx_system_clear_errors               0x08005825   Thumb Code    28  lr11xx_system.o(i.lr11xx_system_clear_errors)
    lr11xx_system_clear_irq_status           0x08005845   Thumb Code    56  lr11xx_system.o(i.lr11xx_system_clear_irq_status)
    lr11xx_system_get_and_clear_irq_status   0x080058a7   Thumb Code    54  lr11xx_system.o(i.lr11xx_system_get_and_clear_irq_status)
    lr11xx_system_get_errors                 0x080058dd   Thumb Code    54  lr11xx_system.o(i.lr11xx_system_get_errors)
    lr11xx_system_get_status                 0x08005919   Thumb Code    90  lr11xx_system.o(i.lr11xx_system_get_status)
    lr11xx_system_get_version                0x08005975   Thumb Code    66  lr11xx_system.o(i.lr11xx_system_get_version)
    lr11xx_system_reset                      0x080059bd   Thumb Code    12  lr11xx_system.o(i.lr11xx_system_reset)
    lr11xx_system_set_dio_as_rf_switch       0x080059c9   Thumb Code    82  lr11xx_system.o(i.lr11xx_system_set_dio_as_rf_switch)
    lr11xx_system_set_dio_irq_params         0x08005a29   Thumb Code    84  lr11xx_system.o(i.lr11xx_system_set_dio_irq_params)
    lr11xx_system_set_reg_mode               0x08005a89   Thumb Code    34  lr11xx_system.o(i.lr11xx_system_set_reg_mode)
    lr11xx_system_set_tcxo_mode              0x08005ab1   Thumb Code    56  lr11xx_system.o(i.lr11xx_system_set_tcxo_mode)
    main                                     0x08005af1   Thumb Code   636  main_per.o(i.main)
    main_loop                                0x08005ebd   Thumb Code    64  uart_init.o(i.main_loop)
    malloc                                   0x08005f0d   Thumb Code    92  malloc.o(i.malloc)
    on_cad_done_detected                     0x08005f79   Thumb Code    32  apps_common.o(i.on_cad_done_detected)
    on_cad_done_undetected                   0x08005fc9   Thumb Code    32  apps_common.o(i.on_cad_done_undetected)
    on_fsk_len_error                         0x08006019   Thumb Code    10  main_per.o(i.on_fsk_len_error)
    on_gnss_scan_done                        0x08006029   Thumb Code    32  apps_common.o(i.on_gnss_scan_done)
    on_header_error                          0x08006079   Thumb Code    32  apps_common.o(i.on_header_error)
    on_lora_rx_timestamp                     0x080060c9   Thumb Code    32  apps_common.o(i.on_lora_rx_timestamp)
    on_preamble_detected                     0x08006119   Thumb Code    32  apps_common.o(i.on_preamble_detected)
    on_rttof_exchange_valid                  0x08006169   Thumb Code    32  apps_common.o(i.on_rttof_exchange_valid)
    on_rttof_request_discarded               0x080061b9   Thumb Code    32  apps_common.o(i.on_rttof_request_discarded)
    on_rttof_request_valid                   0x08006209   Thumb Code    32  apps_common.o(i.on_rttof_request_valid)
    on_rttof_response_done                   0x08006259   Thumb Code    32  apps_common.o(i.on_rttof_response_done)
    on_rttof_timeout                         0x080062a9   Thumb Code    32  apps_common.o(i.on_rttof_timeout)
    on_rx_crc_error                          0x080062f9   Thumb Code    10  main_per.o(i.on_rx_crc_error)
    on_rx_done                               0x08006309   Thumb Code   246  main_per.o(i.on_rx_done)
    on_rx_timeout                            0x080064d9   Thumb Code    10  main_per.o(i.on_rx_timeout)
    on_syncword_header_valid                 0x080064e9   Thumb Code    32  apps_common.o(i.on_syncword_header_valid)
    on_tx_done                               0x08006539   Thumb Code   180  main_per.o(i.on_tx_done)
    on_wifi_scan_done                        0x08006675   Thumb Code    32  apps_common.o(i.on_wifi_scan_done)
    print_common_configuration               0x08006789   Thumb Code   206  apps_common.o(i.print_common_configuration)
    print_lora_configuration                 0x0800696d   Thumb Code   402  apps_common.o(i.print_lora_configuration)
    radio_on_dio_irq                         0x08006c69   Thumb Code     8  apps_common.o(i.radio_on_dio_irq)
    smtc_hal_mcu_gpio_enable_irq             0x08006c75   Thumb Code   160  smtc_hal_mcu_gpio_stm32l4.o(i.smtc_hal_mcu_gpio_enable_irq)
    smtc_hal_mcu_gpio_get_state              0x08006d21   Thumb Code   138  smtc_hal_mcu_gpio_stm32l4.o(i.smtc_hal_mcu_gpio_get_state)
    smtc_hal_mcu_gpio_init_input             0x08006dad   Thumb Code   208  smtc_hal_mcu_gpio_stm32l4.o(i.smtc_hal_mcu_gpio_init_input)
    smtc_hal_mcu_gpio_init_output            0x08006e81   Thumb Code   126  smtc_hal_mcu_gpio_stm32l4.o(i.smtc_hal_mcu_gpio_init_output)
    smtc_hal_mcu_gpio_set_state              0x08006f05   Thumb Code    54  smtc_hal_mcu_gpio_stm32l4.o(i.smtc_hal_mcu_gpio_set_state)
    smtc_hal_mcu_init                        0x08007319   Thumb Code   440  smtc_hal_mcu_stm32l4.o(i.smtc_hal_mcu_init)
    smtc_hal_mcu_spi_init                    0x080074e9   Thumb Code   258  smtc_hal_mcu_spi_stm32l4.o(i.smtc_hal_mcu_spi_init)
    smtc_hal_mcu_spi_rw_buffer               0x08007601   Thumb Code   138  smtc_hal_mcu_spi_stm32l4.o(i.smtc_hal_mcu_spi_rw_buffer)
    smtc_hal_mcu_uart_init                   0x080076d5   Thumb Code   304  smtc_hal_mcu_uart_stm32l4.o(i.smtc_hal_mcu_uart_init)
    smtc_hal_mcu_uart_send                   0x08007819   Thumb Code    68  smtc_hal_mcu_uart_stm32l4.o(i.smtc_hal_mcu_uart_send)
    smtc_shield_lr1120mb1dis_get_lfclk_cfg   0x08007885   Thumb Code     8  smtc_shield_lr1120mb1dis.o(i.smtc_shield_lr1120mb1dis_get_lfclk_cfg)
    smtc_shield_lr1120mb1dis_get_pa_pwr_cfg  0x0800788d   Thumb Code    16  smtc_shield_lr1120mb1dis.o(i.smtc_shield_lr1120mb1dis_get_pa_pwr_cfg)
    smtc_shield_lr1120mb1dis_get_pinout      0x0800789d   Thumb Code     8  smtc_shield_lr1120mb1dis.o(i.smtc_shield_lr1120mb1dis_get_pinout)
    smtc_shield_lr1120mb1dis_get_reg_mode    0x080078a5   Thumb Code     8  smtc_shield_lr1120mb1dis.o(i.smtc_shield_lr1120mb1dis_get_reg_mode)
    smtc_shield_lr1120mb1dis_get_rf_switch_cfg 0x080078ad   Thumb Code     8  smtc_shield_lr1120mb1dis.o(i.smtc_shield_lr1120mb1dis_get_rf_switch_cfg)
    smtc_shield_lr1120mb1dis_get_rssi_calibration_table 0x080078b5   Thumb Code    12  smtc_shield_lr1120mb1dis.o(i.smtc_shield_lr1120mb1dis_get_rssi_calibration_table)
    smtc_shield_lr1120mb1dis_get_xosc_cfg    0x080078c1   Thumb Code     8  smtc_shield_lr1120mb1dis.o(i.smtc_shield_lr1120mb1dis_get_xosc_cfg)
    smtc_shield_lr1120mb1dxs_common_get_pa_pwr_cfg 0x080078c9   Thumb Code   102  smtc_shield_lr1120mb1dxs_common.o(i.smtc_shield_lr1120mb1dxs_common_get_pa_pwr_cfg)
    smtc_shield_lr11x0_common_get_xosc_cfg   0x08007951   Thumb Code     4  smtc_shield_lr11x0_common.o(i.smtc_shield_lr11x0_common_get_xosc_cfg)
    smtc_shield_lr11x0_common_rttof_recommended_rx_tx_delay_indicator 0x08007959   Thumb Code   162  smtc_shield_lr11x0_common.o(i.smtc_shield_lr11x0_common_rttof_recommended_rx_tx_delay_indicator)
    smtc_shield_lr11xx_common_get_lfclk_cfg  0x08007a11   Thumb Code     4  smtc_shield_lr11xx_common.o(i.smtc_shield_lr11xx_common_get_lfclk_cfg)
    smtc_shield_lr11xx_common_get_pinout     0x08007a19   Thumb Code     4  smtc_shield_lr11xx_common.o(i.smtc_shield_lr11xx_common_get_pinout)
    smtc_shield_lr11xx_common_get_reg_mode   0x08007a21   Thumb Code     4  smtc_shield_lr11xx_common.o(i.smtc_shield_lr11xx_common_get_reg_mode)
    smtc_shield_lr11xx_common_get_rf_switch_cfg 0x08007a25   Thumb Code     4  smtc_shield_lr11xx_common.o(i.smtc_shield_lr11xx_common_get_rf_switch_cfg)
    smtc_shield_lr11xx_get_rssi_calibration_table 0x08007a4d   Thumb Code    32  smtc_shield_lr11xx_common.o(i.smtc_shield_lr11xx_get_rssi_calibration_table)
    smtc_shield_pinout_mapping_get_gpio_cfg  0x08007a81   Thumb Code    10  smtc_shield_pinout_mapping.o(i.smtc_shield_pinout_mapping_get_gpio_cfg)
    uart_init                                0x08007a91   Thumb Code   132  uart_init.o(i.uart_init)
    vprint                                   0x08007d59   Thumb Code    44  uart_init.o(i.vprint)
    arduino_mapping                          0x08007e60   Data         176  smtc_shield_pinout_mapping.o(.constdata)
    AHBPrescTable                            0x08007f60   Data          16  system_stm32l4xx.o(.constdata)
    APBPrescTable                            0x08007f70   Data           8  system_stm32l4xx.o(.constdata)
    MSIRangeTable                            0x08007f78   Data          48  system_stm32l4xx.o(.constdata)
    smtc_shield_lr11xx_common_rf_switch_cfg  0x080080f4   Data           8  smtc_shield_lr11xx_common.o(.constdata)
    smtc_shield_lr11xx_common_lfclk_cfg      0x080080fc   Data           2  smtc_shield_lr11xx_common.o(.constdata)
    smtc_shield_lr11xx_common_pinout         0x080080fe   Data           8  smtc_shield_lr11xx_common.o(.constdata)
    smtc_shield_lr11x0_common_xosc_cfg       0x08008228   Data           8  smtc_shield_lr11x0_common.o(.constdata)
    smtc_shield_lr1120mb1dxs_common_pa_pwr_cfg_table 0x08008230   Data         200  smtc_shield_lr1120mb1dxs_common.o(.constdata)
    smtc_shield_lr1120mb1dxs_common_pa_pwr_hf_cfg_table 0x080082f8   Data         160  smtc_shield_lr1120mb1dxs_common.o(.constdata)
    __ctype_table                            0x08008398   Data         129  ctype_o.o(.constdata)
    Region$$Table$$Base                      0x080086d0   Number         0  anon$$obj.o(Region$$Table)
    Region$$Table$$Limit                     0x080086f0   Number         0  anon$$obj.o(Region$$Table)
    shield                                   0x20000000   Data          32  apps_common.o(.data)
    rx_index                                 0x20000038   Data           2  uart_init.o(.data)
    at_command_received                      0x2000003a   Data           1  uart_init.o(.data)
    rx_length                                0x2000003c   Data           2  uart_init.o(.data)
    AT_start_flag                            0x20000040   Data           4  uart_init.o(.data)
    mode                                     0x200000a8   Data           4  main_per.o(.data)
    ATC_M_TX_OUTPUT_POWER_DBM                0x200000d0   Data           4  atc.o(.data)
    ATC_M_RF_FREQ_IN_HZ                      0x200000d4   Data           4  atc.o(.data)
    ATC_M_TXRX_SWITCH                        0x200000d8   Data           4  atc.o(.data)
    ATC_M_LORA_SF                            0x200000dc   Data           4  atc.o(.data)
    ATC_M_LORA_BW                            0x200000e0   Data           4  atc.o(.data)
    ATC_M_LORA_CR                            0x200000e4   Data           4  atc.o(.data)
    ATC_M_CW_SWITCH                          0x200000e8   Data           4  atc.o(.data)
    SystemCoreClock                          0x200000ec   Data           4  system_stm32l4xx.o(.data)
    __microlib_freelist                      0x200000f4   Data           4  mvars.o(.data)
    __microlib_freelist_initialised          0x200000f8   Data           4  mvars.o(.data)
    rx_buffer                                0x20000178   Data         256  uart_init.o(.bss)
    __heap_base                              0x200005d8   Data           0  startup_stm32l476xx.o(HEAP)
    __heap_limit                             0x200007d8   Data           0  startup_stm32l476xx.o(HEAP)
    __initial_sp                             0x20000bd8   Data           0  startup_stm32l476xx.o(STACK)



==============================================================================

Memory Map of the image

  Image Entry point : 0x08000189

  Load Region LR_IROM1 (Base: 0x08000000, Size: 0x000087f0, Max: 0x00100000, ABSOLUTE)

    Execution Region ER_IROM1 (Exec base: 0x08000000, Load base: 0x08000000, Size: 0x000086f0, Max: 0x00100000, ABSOLUTE)

    Exec Addr    Load Addr    Size         Type   Attr      Idx    E Section Name        Object

    0x08000000   0x08000000   0x00000188   Data   RO            3    RESET               startup_stm32l476xx.o
    0x08000188   0x08000188   0x00000000   Code   RO         4746  * .ARM.Collect$$$$00000000  mc_w.l(entry.o)
    0x08000188   0x08000188   0x00000004   Code   RO         4839    .ARM.Collect$$$$00000001  mc_w.l(entry2.o)
    0x0800018c   0x0800018c   0x00000004   Code   RO         4842    .ARM.Collect$$$$00000004  mc_w.l(entry5.o)
    0x08000190   0x08000190   0x00000000   Code   RO         4844    .ARM.Collect$$$$00000008  mc_w.l(entry7b.o)
    0x08000190   0x08000190   0x00000000   Code   RO         4846    .ARM.Collect$$$$0000000A  mc_w.l(entry8b.o)
    0x08000190   0x08000190   0x00000008   Code   RO         4847    .ARM.Collect$$$$0000000B  mc_w.l(entry9a.o)
    0x08000198   0x08000198   0x00000000   Code   RO         4849    .ARM.Collect$$$$0000000D  mc_w.l(entry10a.o)
    0x08000198   0x08000198   0x00000000   Code   RO         4851    .ARM.Collect$$$$0000000F  mc_w.l(entry11a.o)
    0x08000198   0x08000198   0x00000004   Code   RO         4840    .ARM.Collect$$$$00002712  mc_w.l(entry2.o)
    0x0800019c   0x0800019c   0x00000024   Code   RO            4    .text               startup_stm32l476xx.o
    0x080001c0   0x080001c0   0x00000024   Code   RO         4749    .text               mc_w.l(memcpya.o)
    0x080001e4   0x080001e4   0x00000024   Code   RO         4751    .text               mc_w.l(memseta.o)
    0x08000208   0x08000208   0x00000024   Code   RO         4753    .text               mc_w.l(strstr.o)
    0x0800022c   0x0800022c   0x00000018   Code   RO         4755    .text               mc_w.l(strncpy.o)
    0x08000244   0x08000244   0x0000000e   Code   RO         4757    .text               mc_w.l(strlen.o)
    0x08000252   0x08000252   0x0000001a   Code   RO         4759    .text               mc_w.l(memcmp.o)
    0x0800026c   0x0800026c   0x00000044   Code   RO         4761    .text               mc_w.l(strtok.o)
    0x080002b0   0x080002b0   0x0000001a   Code   RO         4825    .text               mc_w.l(atoi.o)
    0x080002ca   0x080002ca   0x0000015e   Code   RO         4827    .text               mf_w.l(dadd.o)
    0x08000428   0x08000428   0x000000ea   Code   RO         4829    .text               mf_w.l(dmul.o)
    0x08000512   0x08000512   0x000000de   Code   RO         4831    .text               mf_w.l(ddiv.o)
    0x080005f0   0x080005f0   0x0000002c   Code   RO         4856    .text               mc_w.l(uidiv.o)
    0x0800061c   0x0800061c   0x00000068   Code   RO         4858    .text               mc_w.l(uldiv.o)
    0x08000684   0x08000684   0x0000001e   Code   RO         4860    .text               mc_w.l(llshl.o)
    0x080006a2   0x080006a2   0x00000024   Code   RO         4862    .text               mc_w.l(llsshr.o)
    0x080006c6   0x080006c6   0x00000070   Code   RO         4873    .text               mc_w.l(strtol.o)
    0x08000736   0x08000736   0x00000000   Code   RO         4875    .text               mc_w.l(iusefp.o)
    0x08000736   0x08000736   0x000000ba   Code   RO         4878    .text               mf_w.l(depilogue.o)
    0x080007f0   0x080007f0   0x00000030   Code   RO         4880    .text               mf_w.l(dfixul.o)
    0x08000820   0x08000820   0x00000030   Code   RO         4882    .text               mf_w.l(cdrcmple.o)
    0x08000850   0x08000850   0x00000024   Code   RO         4884    .text               mc_w.l(init.o)
    0x08000874   0x08000874   0x00000020   Code   RO         4887    .text               mc_w.l(llushr.o)
    0x08000894   0x08000894   0x00000008   Code   RO         4889    .text               mc_w.l(ctype_o.o)
    0x0800089c   0x0800089c   0x000000a4   Code   RO         4917    .text               mc_w.l(_strtoul.o)
    0x08000940   0x08000940   0x0000001c   Code   RO         4920    .text               mc_w.l(_chval.o)
    0x0800095c   0x0800095c   0x00000070   Code   RO          646    i.ATC_IdleLine      uart_init.o
    0x080009cc   0x080009cc   0x00000158   Code   RO          926    i.ATC_Init          atc.o
    0x08000b24   0x08000b24   0x00000090   Code   RO          927    i.ATC_Loop          atc.o
    0x08000bb4   0x08000bb4   0x00000088   Code   RO          928    i.ATC_SetEvents     atc.o
    0x08000c3c   0x08000c3c   0x0000017c   Code   RO          647    i.AT_BW_Callback    uart_init.o
    0x08000db8   0x08000db8   0x00000128   Code   RO          648    i.AT_CR_Callback    uart_init.o
    0x08000ee0   0x08000ee0   0x0000009c   Code   RO          649    i.AT_CW_event_callback  uart_init.o
    0x08000f7c   0x08000f7c   0x000000ac   Code   RO          650    i.AT_Freq_Callback  uart_init.o
    0x08001028   0x08001028   0x00000964   Code   RO          651    i.AT_Help_Callback  uart_init.o
    0x0800198c   0x0800198c   0x00000094   Code   RO          652    i.AT_Param_Callback  uart_init.o
    0x08001a20   0x08001a20   0x000000a4   Code   RO          653    i.AT_Power_Callback  uart_init.o
    0x08001ac4   0x08001ac4   0x00000128   Code   RO          654    i.AT_SF_Callback    uart_init.o
    0x08001bec   0x08001bec   0x00000090   Code   RO          655    i.AT_START_event_callback  uart_init.o
    0x08001c7c   0x08001c7c   0x0000009c   Code   RO          656    i.AT_TRSW_event_callback  uart_init.o
    0x08001d18   0x08001d18   0x00000018   Code   RO         3505    i.EXTI0_IRQHandler  smtc_hal_mcu_gpio_stm32l4.o
    0x08001d30   0x08001d30   0x000000a0   Code   RO         3506    i.EXTI15_10_IRQHandler  smtc_hal_mcu_gpio_stm32l4.o
    0x08001dd0   0x08001dd0   0x00000018   Code   RO         3507    i.EXTI1_IRQHandler  smtc_hal_mcu_gpio_stm32l4.o
    0x08001de8   0x08001de8   0x00000018   Code   RO         3508    i.EXTI2_IRQHandler  smtc_hal_mcu_gpio_stm32l4.o
    0x08001e00   0x08001e00   0x00000018   Code   RO         3509    i.EXTI3_IRQHandler  smtc_hal_mcu_gpio_stm32l4.o
    0x08001e18   0x08001e18   0x00000018   Code   RO         3510    i.EXTI4_IRQHandler  smtc_hal_mcu_gpio_stm32l4.o
    0x08001e30   0x08001e30   0x00000074   Code   RO         3511    i.EXTI9_5_IRQHandler  smtc_hal_mcu_gpio_stm32l4.o
    0x08001ea4   0x08001ea4   0x0000001c   Code   RO         3513    i.LL_AHB2_GRP1_EnableClock  smtc_hal_mcu_gpio_stm32l4.o
    0x08001ec0   0x08001ec0   0x0000001c   Code   RO         3772    i.LL_AHB2_GRP1_EnableClock  smtc_hal_mcu_uart_stm32l4.o
    0x08001edc   0x08001edc   0x0000001c   Code   RO         4001    i.LL_AHB2_GRP1_EnableClock  smtc_hal_mcu_spi_stm32l4.o
    0x08001ef8   0x08001ef8   0x0000000c   Code   RO         3515    i.LL_EXTI_ClearFlag_0_31  smtc_hal_mcu_gpio_stm32l4.o
    0x08001f04   0x08001f04   0x00000010   Code   RO         1701    i.LL_EXTI_DisableEvent_0_31  stm32l4xx_ll_exti.o
    0x08001f14   0x08001f14   0x00000010   Code   RO         1702    i.LL_EXTI_DisableEvent_32_63  stm32l4xx_ll_exti.o
    0x08001f24   0x08001f24   0x00000010   Code   RO         1703    i.LL_EXTI_DisableIT_0_31  stm32l4xx_ll_exti.o
    0x08001f34   0x08001f34   0x00000010   Code   RO         1704    i.LL_EXTI_DisableIT_32_63  stm32l4xx_ll_exti.o
    0x08001f44   0x08001f44   0x00000010   Code   RO         1705    i.LL_EXTI_EnableEvent_0_31  stm32l4xx_ll_exti.o
    0x08001f54   0x08001f54   0x00000010   Code   RO         1706    i.LL_EXTI_EnableEvent_32_63  stm32l4xx_ll_exti.o
    0x08001f64   0x08001f64   0x00000010   Code   RO         1707    i.LL_EXTI_EnableFallingTrig_0_31  stm32l4xx_ll_exti.o
    0x08001f74   0x08001f74   0x00000010   Code   RO         1708    i.LL_EXTI_EnableFallingTrig_32_63  stm32l4xx_ll_exti.o
    0x08001f84   0x08001f84   0x00000010   Code   RO         1709    i.LL_EXTI_EnableIT_0_31  stm32l4xx_ll_exti.o
    0x08001f94   0x08001f94   0x00000010   Code   RO         1710    i.LL_EXTI_EnableIT_32_63  stm32l4xx_ll_exti.o
    0x08001fa4   0x08001fa4   0x00000010   Code   RO         1711    i.LL_EXTI_EnableRisingTrig_0_31  stm32l4xx_ll_exti.o
    0x08001fb4   0x08001fb4   0x00000010   Code   RO         1712    i.LL_EXTI_EnableRisingTrig_32_63  stm32l4xx_ll_exti.o
    0x08001fc4   0x08001fc4   0x00000170   Code   RO         1713    i.LL_EXTI_Init      stm32l4xx_ll_exti.o
    0x08002134   0x08002134   0x00000018   Code   RO         3516    i.LL_EXTI_IsActiveFlag_0_31  smtc_hal_mcu_gpio_stm32l4.o
    0x0800214c   0x0800214c   0x0000012e   Code   RO         1621    i.LL_GPIO_Init      stm32l4xx_ll_gpio.o
    0x0800227a   0x0800227a   0x0000001c   Code   RO         1799    i.LL_Init1msTick    stm32l4xx_ll_utils.o
    0x08002296   0x08002296   0x00000002   PAD
    0x08002298   0x08002298   0x000000cc   Code   RO         1342    i.LL_RCC_GetUARTClockFreq  stm32l4xx_ll_rcc.o
    0x08002364   0x08002364   0x00000014   Code   RO         1343    i.LL_RCC_GetUARTClockSource  stm32l4xx_ll_rcc.o
    0x08002378   0x08002378   0x0000011c   Code   RO         1344    i.LL_RCC_GetUSARTClockFreq  stm32l4xx_ll_rcc.o
    0x08002494   0x08002494   0x00000014   Code   RO         1345    i.LL_RCC_GetUSARTClockSource  stm32l4xx_ll_rcc.o
    0x080024a8   0x080024a8   0x00000010   Code   RO         1347    i.LL_RCC_HSI_IsReady  stm32l4xx_ll_rcc.o
    0x080024b8   0x080024b8   0x00000010   Code   RO         1348    i.LL_RCC_LSE_IsReady  stm32l4xx_ll_rcc.o
    0x080024c8   0x080024c8   0x00000010   Code   RO         1350    i.LL_RCC_MSI_GetRange  stm32l4xx_ll_rcc.o
    0x080024d8   0x080024d8   0x00000010   Code   RO         1351    i.LL_RCC_MSI_GetRangeAfterStandby  stm32l4xx_ll_rcc.o
    0x080024e8   0x080024e8   0x00000010   Code   RO         1352    i.LL_RCC_MSI_IsEnabledRangeSelect  stm32l4xx_ll_rcc.o
    0x080024f8   0x080024f8   0x00000010   Code   RO         1361    i.LL_RCC_PLL_GetDivider  stm32l4xx_ll_rcc.o
    0x08002508   0x08002508   0x00000010   Code   RO         1362    i.LL_RCC_PLL_GetMainSource  stm32l4xx_ll_rcc.o
    0x08002518   0x08002518   0x00000010   Code   RO         1363    i.LL_RCC_PLL_GetN   stm32l4xx_ll_rcc.o
    0x08002528   0x08002528   0x0000007e   Code   RO          970    i.LL_SPI_Init       stm32l4xx_ll_spi.o
    0x080025a6   0x080025a6   0x00000002   PAD
    0x080025a8   0x080025a8   0x0000000c   Code   RO         1810    i.LL_SetSystemCoreClock  stm32l4xx_ll_utils.o
    0x080025b4   0x080025b4   0x00000108   Code   RO         1264    i.LL_USART_Init     stm32l4xx_ll_usart.o
    0x080026bc   0x080026bc   0x0000000a   Code   RO         3773    i.LL_USART_IsActiveFlag_RXNE  smtc_hal_mcu_uart_stm32l4.o
    0x080026c6   0x080026c6   0x0000000a   Code   RO         1265    i.LL_USART_IsEnabled  stm32l4xx_ll_usart.o
    0x080026d0   0x080026d0   0x0000000a   Code   RO         3774    i.LL_USART_IsEnabled  smtc_hal_mcu_uart_stm32l4.o
    0x080026da   0x080026da   0x0000002c   Code   RO         1811    i.LL_mDelay         stm32l4xx_ll_utils.o
    0x08002706   0x08002706   0x00000002   PAD
    0x08002708   0x08002708   0x00000058   Code   RO         3869    i.LPTIM1_IRQHandler  smtc_hal_mcu_timer_stm32l4.o
    0x08002760   0x08002760   0x00000020   Code   RO         1367    i.RCC_GetHCLKClockFreq  stm32l4xx_ll_rcc.o
    0x08002780   0x08002780   0x00000024   Code   RO         1368    i.RCC_GetPCLK1ClockFreq  stm32l4xx_ll_rcc.o
    0x080027a4   0x080027a4   0x00000024   Code   RO         1369    i.RCC_GetPCLK2ClockFreq  stm32l4xx_ll_rcc.o
    0x080027c8   0x080027c8   0x000000bc   Code   RO         1370    i.RCC_GetSystemClockFreq  stm32l4xx_ll_rcc.o
    0x08002884   0x08002884   0x000000d4   Code   RO         1378    i.RCC_PLL_GetFreqDomain_SYS  stm32l4xx_ll_rcc.o
    0x08002958   0x08002958   0x00000014   Code   RO         1917    i.SystemInit        system_stm32l4xx.o
    0x0800296c   0x0800296c   0x0000006c   Code   RO         3776    i.USART2_IRQHandler  smtc_hal_mcu_uart_stm32l4.o
    0x080029d8   0x080029d8   0x00000024   Code   RO         4776    i.__0vsprintf       mc_w.l(printfa.o)
    0x080029fc   0x080029fc   0x00000008   Code   RO         4866    i.__aeabi_errno_addr  mc_w.l(errno.o)
    0x08002a04   0x08002a04   0x0000000e   Code   RO         4924    i.__scatterload_copy  mc_w.l(handlers.o)
    0x08002a12   0x08002a12   0x00000002   Code   RO         4925    i.__scatterload_null  mc_w.l(handlers.o)
    0x08002a14   0x08002a14   0x0000000e   Code   RO         4926    i.__scatterload_zeroinit  mc_w.l(handlers.o)
    0x08002a22   0x08002a22   0x00000002   PAD
    0x08002a24   0x08002a24   0x0000018a   Code   RO         4777    i._fp_digits        mc_w.l(printfa.o)
    0x08002bae   0x08002bae   0x00000002   PAD
    0x08002bb0   0x08002bb0   0x000006e2   Code   RO         4778    i._printf_core      mc_w.l(printfa.o)
    0x08003292   0x08003292   0x00000024   Code   RO         4779    i._printf_post_padding  mc_w.l(printfa.o)
    0x080032b6   0x080032b6   0x0000002e   Code   RO         4780    i._printf_pre_padding  mc_w.l(printfa.o)
    0x080032e4   0x080032e4   0x0000000a   Code   RO         4782    i._sputc            mc_w.l(printfa.o)
    0x080032ee   0x080032ee   0x0000007a   Code   RO           13    i.apps_common_compute_lora_ldro  apps_common.o
    0x08003368   0x08003368   0x00000014   Code   RO           14    i.apps_common_lr11xx_fetch_and_print_version  apps_common.o
    0x0800337c   0x0800337c   0x000000b0   Code   RO           15    i.apps_common_lr11xx_fetch_version  apps_common.o
    0x0800342c   0x0800342c   0x000000c0   Code   RO           16    i.apps_common_lr11xx_get_context  apps_common.o
    0x080034ec   0x080034ec   0x00000020   Code   RO           18    i.apps_common_lr11xx_handle_post_rx  apps_common.o
    0x0800350c   0x0800350c   0x00000020   Code   RO           19    i.apps_common_lr11xx_handle_post_tx  apps_common.o
    0x0800352c   0x0800352c   0x00000020   Code   RO           22    i.apps_common_lr11xx_handle_pre_rx  apps_common.o
    0x0800354c   0x0800354c   0x00000020   Code   RO           23    i.apps_common_lr11xx_handle_pre_tx  apps_common.o
    0x0800356c   0x0800356c   0x00000598   Code   RO           25    i.apps_common_lr11xx_irq_process  apps_common.o
    0x08003b04   0x08003b04   0x00000208   Code   RO           26    i.apps_common_lr11xx_print_version  apps_common.o
    0x08003d0c   0x08003d0c   0x0000036c   Code   RO           28    i.apps_common_lr11xx_radio_init  apps_common.o
    0x08004078   0x08004078   0x000001d8   Code   RO           30    i.apps_common_lr11xx_receive  apps_common.o
    0x08004250   0x08004250   0x00000322   Code   RO           31    i.apps_common_lr11xx_system_init  apps_common.o
    0x08004572   0x08004572   0x00000002   PAD
    0x08004574   0x08004574   0x00000044   Code   RO           32    i.apps_common_print_sdk_driver_version  apps_common.o
    0x080045b8   0x080045b8   0x000000e8   Code   RO           33    i.apps_common_shield_init  apps_common.o
    0x080046a0   0x080046a0   0x00000090   Code   RO          657    i.atc_per_event_callback  uart_init.o
    0x08004730   0x08004730   0x00000054   Code   RO          628    i.common_version_print  common_version.o
    0x08004784   0x08004784   0x00000050   Code   RO         4797    i.free              mc_w.l(malloc.o)
    0x080047d4   0x080047d4   0x00000034   Code   RO           34    i.get_time_on_air_in_ms  apps_common.o
    0x08004808   0x08004808   0x0000001a   Code   RO          563    i.hal_mcu_trace_print  smtc_hal_dbg_trace.o
    0x08004822   0x08004822   0x00000002   PAD
    0x08004824   0x08004824   0x0000000c   Code   RO         2151    i.lr11xx_driver_version_get_version_string  lr11xx_driver_version.o
    0x08004830   0x08004830   0x00000034   Code   RO         4068    i.lr11xx_hal_direct_read  lr11xx_hal.o
    0x08004864   0x08004864   0x00000074   Code   RO         4069    i.lr11xx_hal_read   lr11xx_hal.o
    0x080048d8   0x080048d8   0x00000020   Code   RO         4070    i.lr11xx_hal_reset  lr11xx_hal.o
    0x080048f8   0x080048f8   0x0000001a   Code   RO         4071    i.lr11xx_hal_wait_on_busy  lr11xx_hal.o
    0x08004912   0x08004912   0x00000046   Code   RO         4073    i.lr11xx_hal_write  lr11xx_hal.o
    0x08004958   0x08004958   0x00000018   Code   RO         2556    i.lr11xx_radio_apply_high_acp_workaround  lr11xx_radio.o
    0x08004970   0x08004970   0x00000028   Code   RO         2560    i.lr11xx_radio_cfg_rx_boosted  lr11xx_radio.o
    0x08004998   0x08004998   0x0000000e   Code   RO         2562    i.lr11xx_radio_convert_time_in_ms_to_rtc_step  lr11xx_radio.o
    0x080049a6   0x080049a6   0x00000002   PAD
    0x080049a8   0x080049a8   0x00000088   Code   RO         4453    i.lr11xx_radio_fallback_modes_to_str  lr11xx_radio_types_str.o
    0x08004a30   0x08004a30   0x00000020   Code   RO         2566    i.lr11xx_radio_get_gfsk_time_on_air_in_ms  lr11xx_radio.o
    0x08004a50   0x08004a50   0x0000006a   Code   RO         2567    i.lr11xx_radio_get_gfsk_time_on_air_numerator  lr11xx_radio.o
    0x08004aba   0x08004aba   0x00000002   PAD
    0x08004abc   0x08004abc   0x00000074   Code   RO         2568    i.lr11xx_radio_get_lora_bw_in_hz  lr11xx_radio.o
    0x08004b30   0x08004b30   0x00000050   Code   RO         2569    i.lr11xx_radio_get_lora_pkt_status  lr11xx_radio.o
    0x08004b80   0x08004b80   0x00000028   Code   RO         2572    i.lr11xx_radio_get_lora_time_on_air_in_ms  lr11xx_radio.o
    0x08004ba8   0x08004ba8   0x000001ba   Code   RO         2573    i.lr11xx_radio_get_lora_time_on_air_numerator  lr11xx_radio.o
    0x08004d62   0x08004d62   0x00000002   PAD
    0x08004d64   0x08004d64   0x00000038   Code   RO         2576    i.lr11xx_radio_get_rx_buffer_status  lr11xx_radio.o
    0x08004d9c   0x08004d9c   0x00000190   Code   RO         4462    i.lr11xx_radio_lora_bw_to_str  lr11xx_radio_types_str.o
    0x08004f2c   0x08004f2c   0x0000011c   Code   RO         4463    i.lr11xx_radio_lora_cr_to_str  lr11xx_radio_types_str.o
    0x08005048   0x08005048   0x00000058   Code   RO         4464    i.lr11xx_radio_lora_crc_to_str  lr11xx_radio_types_str.o
    0x080050a0   0x080050a0   0x00000060   Code   RO         4465    i.lr11xx_radio_lora_iq_to_str  lr11xx_radio_types_str.o
    0x08005100   0x08005100   0x00000060   Code   RO         4467    i.lr11xx_radio_lora_pkt_len_modes_to_str  lr11xx_radio_types_str.o
    0x08005160   0x08005160   0x00000100   Code   RO         4468    i.lr11xx_radio_lora_sf_to_str  lr11xx_radio_types_str.o
    0x08005260   0x08005260   0x000000dc   Code   RO         4473    i.lr11xx_radio_pkt_type_to_str  lr11xx_radio_types_str.o
    0x0800533c   0x0800533c   0x00000018   Code   RO         2587    i.lr11xx_radio_set_lna_mode  lr11xx_radio.o
    0x08005354   0x08005354   0x00000040   Code   RO         2588    i.lr11xx_radio_set_lora_mod_params  lr11xx_radio.o
    0x08005394   0x08005394   0x00000050   Code   RO         2589    i.lr11xx_radio_set_lora_pkt_params  lr11xx_radio.o
    0x080053e4   0x080053e4   0x00000028   Code   RO         2593    i.lr11xx_radio_set_lora_sync_word  lr11xx_radio.o
    0x0800540c   0x0800540c   0x00000040   Code   RO         2596    i.lr11xx_radio_set_pa_cfg  lr11xx_radio.o
    0x0800544c   0x0800544c   0x00000028   Code   RO         2598    i.lr11xx_radio_set_pkt_type  lr11xx_radio.o
    0x08005474   0x08005474   0x00000040   Code   RO         2599    i.lr11xx_radio_set_rf_freq  lr11xx_radio.o
    0x080054b4   0x080054b4   0x000000d0   Code   RO         2600    i.lr11xx_radio_set_rssi_calibration  lr11xx_radio.o
    0x08005584   0x08005584   0x00000018   Code   RO         2601    i.lr11xx_radio_set_rx  lr11xx_radio.o
    0x0800559c   0x0800559c   0x00000028   Code   RO         2605    i.lr11xx_radio_set_rx_tx_fallback_mode  lr11xx_radio.o
    0x080055c4   0x080055c4   0x00000012   Code   RO         2606    i.lr11xx_radio_set_rx_with_timeout_in_rtc_step  lr11xx_radio.o
    0x080055d6   0x080055d6   0x00000002   PAD
    0x080055d8   0x080055d8   0x00000070   Code   RO         2607    i.lr11xx_radio_set_rx_with_timeout_in_rtc_step_and_lna_mode  lr11xx_radio.o
    0x08005648   0x08005648   0x00000018   Code   RO         2608    i.lr11xx_radio_set_tx  lr11xx_radio.o
    0x08005660   0x08005660   0x00000020   Code   RO         2609    i.lr11xx_radio_set_tx_cw  lr11xx_radio.o
    0x08005680   0x08005680   0x00000030   Code   RO         2611    i.lr11xx_radio_set_tx_params  lr11xx_radio.o
    0x080056b0   0x080056b0   0x00000058   Code   RO         2612    i.lr11xx_radio_set_tx_with_timeout_in_rtc_step  lr11xx_radio.o
    0x08005708   0x08005708   0x00000016   Code   RO         2997    i.lr11xx_regmem_fill_cbuffer_opcode_address  lr11xx_regmem.o
    0x0800571e   0x0800571e   0x00000002   PAD
    0x08005720   0x08005720   0x00000030   Code   RO         3001    i.lr11xx_regmem_read_buffer8  lr11xx_regmem.o
    0x08005750   0x08005750   0x00000024   Code   RO         3004    i.lr11xx_regmem_write_buffer8  lr11xx_regmem.o
    0x08005774   0x08005774   0x0000005c   Code   RO         3007    i.lr11xx_regmem_write_regmem32_mask  lr11xx_regmem.o
    0x080057d0   0x080057d0   0x00000028   Code   RO         3075    i.lr11xx_system_calibrate  lr11xx_system.o
    0x080057f8   0x080057f8   0x0000002c   Code   RO         3078    i.lr11xx_system_cfg_lfclk  lr11xx_system.o
    0x08005824   0x08005824   0x00000020   Code   RO         3079    i.lr11xx_system_clear_errors  lr11xx_system.o
    0x08005844   0x08005844   0x00000040   Code   RO         3080    i.lr11xx_system_clear_irq_status  lr11xx_system.o
    0x08005884   0x08005884   0x0000000e   Code   RO         3082    i.lr11xx_system_convert_stat1_byte_to_enum  lr11xx_system.o
    0x08005892   0x08005892   0x00000014   Code   RO         3083    i.lr11xx_system_convert_stat2_byte_to_enum  lr11xx_system.o
    0x080058a6   0x080058a6   0x00000036   Code   RO         3087    i.lr11xx_system_get_and_clear_irq_status  lr11xx_system.o
    0x080058dc   0x080058dc   0x0000003c   Code   RO         3088    i.lr11xx_system_get_errors  lr11xx_system.o
    0x08005918   0x08005918   0x0000005a   Code   RO         3090    i.lr11xx_system_get_status  lr11xx_system.o
    0x08005972   0x08005972   0x00000002   PAD
    0x08005974   0x08005974   0x00000048   Code   RO         3093    i.lr11xx_system_get_version  lr11xx_system.o
    0x080059bc   0x080059bc   0x0000000c   Code   RO         3100    i.lr11xx_system_reset  lr11xx_system.o
    0x080059c8   0x080059c8   0x00000060   Code   RO         3101    i.lr11xx_system_set_dio_as_rf_switch  lr11xx_system.o
    0x08005a28   0x08005a28   0x00000060   Code   RO         3102    i.lr11xx_system_set_dio_irq_params  lr11xx_system.o
    0x08005a88   0x08005a88   0x00000028   Code   RO         3104    i.lr11xx_system_set_reg_mode  lr11xx_system.o
    0x08005ab0   0x08005ab0   0x00000040   Code   RO         3107    i.lr11xx_system_set_tcxo_mode  lr11xx_system.o
    0x08005af0   0x08005af0   0x000003cc   Code   RO          786    i.main              main_per.o
    0x08005ebc   0x08005ebc   0x00000050   Code   RO          658    i.main_loop         uart_init.o
    0x08005f0c   0x08005f0c   0x0000006c   Code   RO         4798    i.malloc            mc_w.l(malloc.o)
    0x08005f78   0x08005f78   0x00000050   Code   RO           35    i.on_cad_done_detected  apps_common.o
    0x08005fc8   0x08005fc8   0x00000050   Code   RO           36    i.on_cad_done_undetected  apps_common.o
    0x08006018   0x08006018   0x00000010   Code   RO          787    i.on_fsk_len_error  main_per.o
    0x08006028   0x08006028   0x00000050   Code   RO           38    i.on_gnss_scan_done  apps_common.o
    0x08006078   0x08006078   0x00000050   Code   RO           39    i.on_header_error   apps_common.o
    0x080060c8   0x080060c8   0x00000050   Code   RO           40    i.on_lora_rx_timestamp  apps_common.o
    0x08006118   0x08006118   0x00000050   Code   RO           41    i.on_preamble_detected  apps_common.o
    0x08006168   0x08006168   0x00000050   Code   RO           42    i.on_rttof_exchange_valid  apps_common.o
    0x080061b8   0x080061b8   0x00000050   Code   RO           43    i.on_rttof_request_discarded  apps_common.o
    0x08006208   0x08006208   0x00000050   Code   RO           44    i.on_rttof_request_valid  apps_common.o
    0x08006258   0x08006258   0x00000050   Code   RO           45    i.on_rttof_response_done  apps_common.o
    0x080062a8   0x080062a8   0x00000050   Code   RO           46    i.on_rttof_timeout  apps_common.o
    0x080062f8   0x080062f8   0x00000010   Code   RO          788    i.on_rx_crc_error   main_per.o
    0x08006308   0x08006308   0x000001d0   Code   RO          789    i.on_rx_done        main_per.o
    0x080064d8   0x080064d8   0x00000010   Code   RO          790    i.on_rx_timeout     main_per.o
    0x080064e8   0x080064e8   0x00000050   Code   RO           50    i.on_syncword_header_valid  apps_common.o
    0x08006538   0x08006538   0x0000013c   Code   RO          791    i.on_tx_done        main_per.o
    0x08006674   0x08006674   0x00000050   Code   RO           52    i.on_wifi_scan_done  apps_common.o
    0x080066c4   0x080066c4   0x000000c4   Code   RO          792    i.per_reception_failure_handling  main_per.o
    0x08006788   0x08006788   0x00000188   Code   RO           53    i.print_common_configuration  apps_common.o
    0x08006910   0x08006910   0x0000005c   Code   RO           54    i.print_driver_version  apps_common.o
    0x0800696c   0x0800696c   0x000002fc   Code   RO           56    i.print_lora_configuration  apps_common.o
    0x08006c68   0x08006c68   0x0000000c   Code   RO           57    i.radio_on_dio_irq  apps_common.o
    0x08006c74   0x08006c74   0x000000ac   Code   RO         3519    i.smtc_hal_mcu_gpio_enable_irq  smtc_hal_mcu_gpio_stm32l4.o
    0x08006d20   0x08006d20   0x0000008a   Code   RO         3520    i.smtc_hal_mcu_gpio_get_state  smtc_hal_mcu_gpio_stm32l4.o
    0x08006daa   0x08006daa   0x00000002   PAD
    0x08006dac   0x08006dac   0x000000d4   Code   RO         3521    i.smtc_hal_mcu_gpio_init_input  smtc_hal_mcu_gpio_stm32l4.o
    0x08006e80   0x08006e80   0x00000084   Code   RO         3522    i.smtc_hal_mcu_gpio_init_output  smtc_hal_mcu_gpio_stm32l4.o
    0x08006f04   0x08006f04   0x00000036   Code   RO         3523    i.smtc_hal_mcu_gpio_set_state  smtc_hal_mcu_gpio_stm32l4.o
    0x08006f3a   0x08006f3a   0x00000002   PAD
    0x08006f3c   0x08006f3c   0x0000005c   Code   RO         3524    i.smtc_hal_mcu_gpio_stm32l4_call_exti_callback  smtc_hal_mcu_gpio_stm32l4.o
    0x08006f98   0x08006f98   0x00000098   Code   RO         3526    i.smtc_hal_mcu_gpio_stm32l4_enable_clock  smtc_hal_mcu_gpio_stm32l4.o
    0x08007030   0x08007030   0x00000214   Code   RO         3527    i.smtc_hal_mcu_gpio_stm32l4_get_exti_cfg  smtc_hal_mcu_gpio_stm32l4.o
    0x08007244   0x08007244   0x0000002c   Code   RO         3528    i.smtc_hal_mcu_gpio_stm32l4_get_free_slot  smtc_hal_mcu_gpio_stm32l4.o
    0x08007270   0x08007270   0x00000034   Code   RO         3529    i.smtc_hal_mcu_gpio_stm32l4_get_trigger  smtc_hal_mcu_gpio_stm32l4.o
    0x080072a4   0x080072a4   0x0000004c   Code   RO         3531    i.smtc_hal_mcu_gpio_stm32l4_is_configured  smtc_hal_mcu_gpio_stm32l4.o
    0x080072f0   0x080072f0   0x00000028   Code   RO         3532    i.smtc_hal_mcu_gpio_stm32l4_is_real_inst  smtc_hal_mcu_gpio_stm32l4.o
    0x08007318   0x08007318   0x000001d0   Code   RO         3968    i.smtc_hal_mcu_init  smtc_hal_mcu_stm32l4.o
    0x080074e8   0x080074e8   0x00000118   Code   RO         4003    i.smtc_hal_mcu_spi_init  smtc_hal_mcu_spi_stm32l4.o
    0x08007600   0x08007600   0x0000008a   Code   RO         4004    i.smtc_hal_mcu_spi_rw_buffer  smtc_hal_mcu_spi_stm32l4.o
    0x0800768a   0x0800768a   0x00000002   PAD
    0x0800768c   0x0800768c   0x00000024   Code   RO         4005    i.smtc_hal_mcu_spi_stm32l4_get_free_slot  smtc_hal_mcu_spi_stm32l4.o
    0x080076b0   0x080076b0   0x00000024   Code   RO         4006    i.smtc_hal_mcu_spi_stm32l4_is_real_inst  smtc_hal_mcu_spi_stm32l4.o
    0x080076d4   0x080076d4   0x00000144   Code   RO         3778    i.smtc_hal_mcu_uart_init  smtc_hal_mcu_uart_stm32l4.o
    0x08007818   0x08007818   0x00000044   Code   RO         3780    i.smtc_hal_mcu_uart_send  smtc_hal_mcu_uart_stm32l4.o
    0x0800785c   0x0800785c   0x00000028   Code   RO         3781    i.smtc_hal_mcu_uart_stm32l4_get_free_slot  smtc_hal_mcu_uart_stm32l4.o
    0x08007884   0x08007884   0x00000008   Code   RO         4214    i.smtc_shield_lr1120mb1dis_get_lfclk_cfg  smtc_shield_lr1120mb1dis.o
    0x0800788c   0x0800788c   0x00000010   Code   RO         4215    i.smtc_shield_lr1120mb1dis_get_pa_pwr_cfg  smtc_shield_lr1120mb1dis.o
    0x0800789c   0x0800789c   0x00000008   Code   RO         4216    i.smtc_shield_lr1120mb1dis_get_pinout  smtc_shield_lr1120mb1dis.o
    0x080078a4   0x080078a4   0x00000008   Code   RO         4217    i.smtc_shield_lr1120mb1dis_get_reg_mode  smtc_shield_lr1120mb1dis.o
    0x080078ac   0x080078ac   0x00000008   Code   RO         4218    i.smtc_shield_lr1120mb1dis_get_rf_switch_cfg  smtc_shield_lr1120mb1dis.o
    0x080078b4   0x080078b4   0x0000000c   Code   RO         4219    i.smtc_shield_lr1120mb1dis_get_rssi_calibration_table  smtc_shield_lr1120mb1dis.o
    0x080078c0   0x080078c0   0x00000008   Code   RO         4220    i.smtc_shield_lr1120mb1dis_get_xosc_cfg  smtc_shield_lr1120mb1dis.o
    0x080078c8   0x080078c8   0x00000088   Code   RO         4199    i.smtc_shield_lr1120mb1dxs_common_get_pa_pwr_cfg  smtc_shield_lr1120mb1dxs_common.o
    0x08007950   0x08007950   0x00000008   Code   RO         4172    i.smtc_shield_lr11x0_common_get_xosc_cfg  smtc_shield_lr11x0_common.o
    0x08007958   0x08007958   0x000000b8   Code   RO         4174    i.smtc_shield_lr11x0_common_rttof_recommended_rx_tx_delay_indicator  smtc_shield_lr11x0_common.o
    0x08007a10   0x08007a10   0x00000008   Code   RO         4130    i.smtc_shield_lr11xx_common_get_lfclk_cfg  smtc_shield_lr11xx_common.o
    0x08007a18   0x08007a18   0x00000008   Code   RO         4131    i.smtc_shield_lr11xx_common_get_pinout  smtc_shield_lr11xx_common.o
    0x08007a20   0x08007a20   0x00000004   Code   RO         4132    i.smtc_shield_lr11xx_common_get_reg_mode  smtc_shield_lr11xx_common.o
    0x08007a24   0x08007a24   0x00000008   Code   RO         4133    i.smtc_shield_lr11xx_common_get_rf_switch_cfg  smtc_shield_lr11xx_common.o
    0x08007a2c   0x08007a2c   0x00000012   Code   RO           58    i.smtc_shield_lr11xx_get_pa_pwr_cfg  apps_common.o
    0x08007a3e   0x08007a3e   0x0000000e   Code   RO           59    i.smtc_shield_lr11xx_get_rssi_calibration_table  apps_common.o
    0x08007a4c   0x08007a4c   0x00000034   Code   RO         4134    i.smtc_shield_lr11xx_get_rssi_calibration_table  smtc_shield_lr11xx_common.o
    0x08007a80   0x08007a80   0x00000010   Code   RO          600    i.smtc_shield_pinout_mapping_get_gpio_cfg  smtc_shield_pinout_mapping.o
    0x08007a90   0x08007a90   0x0000013c   Code   RO          659    i.uart_init         uart_init.o
    0x08007bcc   0x08007bcc   0x000000f8   Code   RO          660    i.uart_init_base    uart_init.o
    0x08007cc4   0x08007cc4   0x00000094   Code   RO          661    i.uart_rx_callback  uart_init.o
    0x08007d58   0x08007d58   0x00000030   Code   RO          662    i.vprint            uart_init.o
    0x08007d88   0x08007d88   0x000000d6   Data   RO           61    .constdata          apps_common.o
    0x08007e5e   0x08007e5e   0x00000002   PAD
    0x08007e60   0x08007e60   0x000000b0   Data   RO          601    .constdata          smtc_shield_pinout_mapping.o
    0x08007f10   0x08007f10   0x0000000c   Data   RO          664    .constdata          uart_init.o
    0x08007f1c   0x08007f1c   0x00000042   Data   RO          793    .constdata          main_per.o
    0x08007f5e   0x08007f5e   0x00000002   PAD
    0x08007f60   0x08007f60   0x00000048   Data   RO         1918    .constdata          system_stm32l4xx.o
    0x08007fa8   0x08007fa8   0x00000054   Data   RO         3534    .constdata          smtc_hal_mcu_gpio_stm32l4.o
    0x08007ffc   0x08007ffc   0x0000004c   Data   RO         3784    .constdata          smtc_hal_mcu_uart_stm32l4.o
    0x08008048   0x08008048   0x00000070   Data   RO         4008    .constdata          smtc_hal_mcu_spi_stm32l4.o
    0x080080b8   0x080080b8   0x0000004e   Data   RO         4135    .constdata          smtc_shield_lr11xx_common.o
    0x08008106   0x08008106   0x00000002   PAD
    0x08008108   0x08008108   0x00000128   Data   RO         4175    .constdata          smtc_shield_lr11x0_common.o
    0x08008230   0x08008230   0x00000168   Data   RO         4200    .constdata          smtc_shield_lr1120mb1dxs_common.o
    0x08008398   0x08008398   0x00000081   Data   RO         4890    .constdata          mc_w.l(ctype_o.o)
    0x08008419   0x08008419   0x00000003   PAD
    0x0800841c   0x0800841c   0x00000004   Data   RO         4891    .constdata          mc_w.l(ctype_o.o)
    0x08008420   0x08008420   0x000000d4   Data   RO           62    .conststring        apps_common.o
    0x080084f4   0x080084f4   0x00000007   Data   RO          629    .conststring        common_version.o
    0x080084fb   0x080084fb   0x00000001   PAD
    0x080084fc   0x080084fc   0x000001c8   Data   RO          665    .conststring        uart_init.o
    0x080086c4   0x080086c4   0x0000000c   Data   RO          794    .conststring        main_per.o
    0x080086d0   0x080086d0   0x00000020   Data   RO         4922    Region$$Table       anon$$obj.o


    Execution Region RW_IRAM1 (Exec base: 0x20000000, Load base: 0x080086f0, Size: 0x00000bd8, Max: 0x00018000, ABSOLUTE)

    Exec Addr    Load Addr    Size         Type   Attr      Idx    E Section Name        Object

    0x20000000   0x080086f0   0x00000034   Data   RW           63    .data               apps_common.o
    0x20000034   0x08008724   0x00000004   Data   RW          630    .data               common_version.o
    0x20000038   0x08008728   0x00000070   Data   RW          666    .data               uart_init.o
    0x200000a8   0x08008798   0x00000028   Data   RW          795    .data               main_per.o
    0x200000d0   0x080087c0   0x0000001c   Data   RW          929    .data               atc.o
    0x200000ec   0x080087dc   0x00000004   Data   RW         1919    .data               system_stm32l4xx.o
    0x200000f0   0x080087e0   0x00000004   Data   RW         4762    .data               mc_w.l(strtok.o)
    0x200000f4   0x080087e4   0x00000004   Data   RW         4864    .data               mc_w.l(mvars.o)
    0x200000f8   0x080087e8   0x00000004   Data   RW         4865    .data               mc_w.l(mvars.o)
    0x200000fc   0x080087ec   0x00000004   Data   RW         4869    .data               mc_w.l(errno.o)
    0x20000100        -       0x00000078   Zero   RW           60    .bss                apps_common.o
    0x20000178        -       0x00000120   Zero   RW          663    .bss                uart_init.o
    0x20000298        -       0x00000300   Zero   RW         3533    .bss                smtc_hal_mcu_gpio_stm32l4.o
    0x20000598        -       0x0000000c   Zero   RW         3783    .bss                smtc_hal_mcu_uart_stm32l4.o
    0x200005a4        -       0x00000010   Zero   RW         3878    .bss                smtc_hal_mcu_timer_stm32l4.o
    0x200005b4        -       0x00000020   Zero   RW         4007    .bss                smtc_hal_mcu_spi_stm32l4.o
    0x200005d4   0x080087f0   0x00000004   PAD
    0x200005d8        -       0x00000200   Zero   RW            2    HEAP                startup_stm32l476xx.o
    0x200007d8        -       0x00000400   Zero   RW            1    STACK               startup_stm32l476xx.o


==============================================================================

Image component sizes


      Code (inc. data)   RO Data    RW Data    ZI Data      Debug   Object Name

      7424       2722        426         52        120     739709   apps_common.o
       624        216          0         28          0       4098   atc.o
        84         48          7          4          0        799   common_version.o
         0          0          0          0          0        440   lr11xx_bootloader.o
        12          8          0          0          0        631   lr11xx_driver_version.o
         0          0          0          0          0       4728   lr11xx_gnss.o
       296          0          0          0          0       6207   lr11xx_hal.o
         0          0          0          0          0       8364   lr11xx_lr_fhss.o
      1920        168          0          0          0      25717   lr11xx_radio.o
      1576       1284          0          0          0       6092   lr11xx_radio_types_str.o
       198         10          0          0          0       4411   lr11xx_regmem.o
       798         74          0          0          0      15134   lr11xx_system.o
      1996        814         78         40          0     672721   main_per.o
        26          0          0          0          0       1210   smtc_hal_dbg_trace.o
      2156        132         84          0        768      76052   smtc_hal_mcu_gpio_stm32l4.o
       518         38        112          0         32      21133   smtc_hal_mcu_spi_stm32l4.o
       464         24          0          0          0      41904   smtc_hal_mcu_stm32l4.o
        88          8          0          0         16      11708   smtc_hal_mcu_timer_stm32l4.o
       588         38         76          0         12      63449   smtc_hal_mcu_uart_stm32l4.o
        68          0          0          0          0       5488   smtc_shield_lr1120mb1dis.o
       136         34        360          0          0       1924   smtc_shield_lr1120mb1dxs_common.o
       192         34        296          0          0       2866   smtc_shield_lr11x0_common.o
        80         32         78          0          0       4695   smtc_shield_lr11xx_common.o
        16          6        176          0          0       1640   smtc_shield_pinout_mapping.o
        36          8        392          0       1536       1088   startup_stm32l476xx.o
       560         54          0          0          0      14659   stm32l4xx_ll_exti.o
       302          0          0          0          0       8171   stm32l4xx_ll_gpio.o
      1160        140          0          0          0      38705   stm32l4xx_ll_rcc.o
       126          0          0          0          0      11886   stm32l4xx_ll_spi.o
       274         26          0          0          0      22848   stm32l4xx_ll_usart.o
        84          6          0          0          0      17765   stm32l4xx_ll_utils.o
        20          6         72          4          0       1857   system_stm32l4xx.o
      5412       2426        468        112        288      16329   uart_init.o

    ----------------------------------------------------------------------
     27262       8356       2664        240       2776    1854428   Object Totals
         0          0         32          0          0          0   (incl. Generated)
        28          0          7          0          4          0   (incl. Padding)

    ----------------------------------------------------------------------

      Code (inc. data)   RO Data    RW Data    ZI Data      Debug   Library Member Name

        28          0          0          0          0         68   _chval.o
       164          0          0          0          0         92   _strtoul.o
        26          0          0          0          0         80   atoi.o
         8          4        133          0          0         68   ctype_o.o
         0          0          0          0          0          0   entry.o
         0          0          0          0          0          0   entry10a.o
         0          0          0          0          0          0   entry11a.o
         8          4          0          0          0          0   entry2.o
         4          0          0          0          0          0   entry5.o
         0          0          0          0          0          0   entry7b.o
         0          0          0          0          0          0   entry8b.o
         8          4          0          0          0          0   entry9a.o
         8          4          0          4          0         68   errno.o
        30          0          0          0          0          0   handlers.o
        36          8          0          0          0         68   init.o
         0          0          0          0          0          0   iusefp.o
        30          0          0          0          0         68   llshl.o
        36          0          0          0          0         68   llsshr.o
        32          0          0          0          0         68   llushr.o
       188         20          0          0          0        160   malloc.o
        26          0          0          0          0         80   memcmp.o
        36          0          0          0          0         68   memcpya.o
        36          0          0          0          0        108   memseta.o
         0          0          0          8          0          0   mvars.o
      2284         86          0          0          0        516   printfa.o
        14          0          0          0          0         68   strlen.o
        24          0          0          0          0         76   strncpy.o
        36          0          0          0          0         80   strstr.o
        68          6          0          4          0         80   strtok.o
       112          0          0          0          0         88   strtol.o
        44          0          0          0          0         80   uidiv.o
       104          0          0          0          0         92   uldiv.o
        48          0          0          0          0         68   cdrcmple.o
       350          0          0          0          0        148   dadd.o
       222          0          0          0          0        100   ddiv.o
       186          0          0          0          0        176   depilogue.o
        48          0          0          0          0         68   dfixul.o
       234          0          0          0          0         96   dmul.o

    ----------------------------------------------------------------------
      4482        136        136         16          0       2800   Library Totals
         4          0          3          0          0          0   (incl. Padding)

    ----------------------------------------------------------------------

      Code (inc. data)   RO Data    RW Data    ZI Data      Debug   Library Name

      3390        136        133         16          0       2144   mc_w.l
      1088          0          0          0          0        656   mf_w.l

    ----------------------------------------------------------------------
      4482        136        136         16          0       2800   Library Totals

    ----------------------------------------------------------------------

==============================================================================


      Code (inc. data)   RO Data    RW Data    ZI Data      Debug   

     31744       8492       2800        256       2776    1835124   Grand Totals
     31744       8492       2800        256       2776    1835124   ELF Image Totals
     31744       8492       2800        256          0          0   ROM Totals

==============================================================================

    Total RO  Size (Code + RO Data)                34544 (  33.73kB)
    Total RW  Size (RW Data + ZI Data)              3032 (   2.96kB)
    Total ROM Size (Code + RO Data + RW Data)      34800 (  33.98kB)

==============================================================================

